
Optional file libmchp_peripheral.a not found

Optional file libmchp_peripheral_32MX470F512L.a not found
Archive member included because of file (symbol)

d:/program files (x86)/microchip/xc32/v2.30/bin/bin/../../lib/gcc/pic32mx/4.8.3\libgcc.a(floatunsisf.o)
                              build/default/debug/_ext/60169480/plib_i2c1.o (__floatunsisf)
d:/program files (x86)/microchip/xc32/v2.30/bin/bin/../../lib/gcc/pic32mx/4.8.3/../../../../pic32mx/lib\libpic32.a(memcpy.o)
                              build/default/debug/_ext/60176403/plib_nvm.o (memcpy)
d:/program files (x86)/microchip/xc32/v2.30/bin/bin/../../lib/gcc/pic32mx/4.8.3/../../../../pic32mx/lib\libpic32.a(memset.o)
                              build/default/debug/_ext/1360937237/audits.o (memset)
d:/program files (x86)/microchip/xc32/v2.30/bin/bin/../../lib/gcc/pic32mx/4.8.3/../../../../pic32mx/lib\libpic32.a(default-bootstrap-exception-handler.o)
                              C:\Users\ADMINI~1\AppData\Local\Temp\cc3xLHuC.o (_bootstrap_exception_handler)
d:/program files (x86)/microchip/xc32/v2.30/bin/bin/../../lib/gcc/pic32mx/4.8.3/../../../../pic32mx/lib\libpic32.a(default-on-reset.o)
                              C:\Users\ADMINI~1\AppData\Local\Temp\cc3xLHuC.o (_on_reset)
d:/program files (x86)/microchip/xc32/v2.30/bin/bin/../../lib/gcc/pic32mx/4.8.3/../../../../pic32mx/lib\libpic32.a(default-on-bootstrap.o)
                              C:\Users\ADMINI~1\AppData\Local\Temp\cc3xLHuC.o (_on_bootstrap)
d:/program files (x86)/microchip/xc32/v2.30/bin/bin/../../lib/gcc/pic32mx/4.8.3/../../../../pic32mx/lib\libpic32.a(default-nmi-handler.o)
                              C:\Users\ADMINI~1\AppData\Local\Temp\cc3xLHuC.o (_nmi_handler)
d:/program files (x86)/microchip/xc32/v2.30/bin/bin/../../lib/gcc/pic32mx/4.8.3/../../../../pic32mx/lib\libpic32.a(pic32_data_init.o)
                              C:\Users\ADMINI~1\AppData\Local\Temp\cc3xLHuC.o (__pic32_data_init)
d:/program files (x86)/microchip/xc32/v2.30/bin/bin/../../lib/gcc/pic32mx/4.8.3/../../../../pic32mx/lib\libpic32.a(general-exception.o)
                              C:\Users\ADMINI~1\AppData\Local\Temp\cc3xLHuC.o (_general_exception_context)
d:/program files (x86)/microchip/xc32/v2.30/bin/bin/../../lib/gcc/pic32mx/4.8.3/../../../../pic32mx/lib\libpic32.a(vector0.o)
                              C:\Users\ADMINI~1\AppData\Local\Temp\cc0AzwVc.o (__vector_dispatch_0)
d:/program files (x86)/microchip/xc32/v2.30/bin/bin/../../lib/gcc/pic32mx/4.8.3/../../../../pic32mx/lib\libpic32.a(vector2.o)
                              C:\Users\ADMINI~1\AppData\Local\Temp\cc0AzwVc.o (__vector_dispatch_2)
d:/program files (x86)/microchip/xc32/v2.30/bin/bin/../../lib/gcc/pic32mx/4.8.3/../../../../pic32mx/lib\libpic32.a(vector3.o)
                              C:\Users\ADMINI~1\AppData\Local\Temp\cc0AzwVc.o (__vector_dispatch_3)
d:/program files (x86)/microchip/xc32/v2.30/bin/bin/../../lib/gcc/pic32mx/4.8.3/../../../../pic32mx/lib\libpic32.a(vector5.o)
                              C:\Users\ADMINI~1\AppData\Local\Temp\cc0AzwVc.o (__vector_dispatch_5)
d:/program files (x86)/microchip/xc32/v2.30/bin/bin/../../lib/gcc/pic32mx/4.8.3/../../../../pic32mx/lib\libpic32.a(vector6.o)
                              C:\Users\ADMINI~1\AppData\Local\Temp\cc0AzwVc.o (__vector_dispatch_6)
d:/program files (x86)/microchip/xc32/v2.30/bin/bin/../../lib/gcc/pic32mx/4.8.3/../../../../pic32mx/lib\libpic32.a(vector7.o)
                              C:\Users\ADMINI~1\AppData\Local\Temp\cc0AzwVc.o (__vector_dispatch_7)
d:/program files (x86)/microchip/xc32/v2.30/bin/bin/../../lib/gcc/pic32mx/4.8.3/../../../../pic32mx/lib\libpic32.a(vector8.o)
                              C:\Users\ADMINI~1\AppData\Local\Temp\cc0AzwVc.o (__vector_dispatch_8)
d:/program files (x86)/microchip/xc32/v2.30/bin/bin/../../lib/gcc/pic32mx/4.8.3/../../../../pic32mx/lib\libpic32.a(vector9.o)
                              C:\Users\ADMINI~1\AppData\Local\Temp\cc0AzwVc.o (__vector_dispatch_9)
d:/program files (x86)/microchip/xc32/v2.30/bin/bin/../../lib/gcc/pic32mx/4.8.3/../../../../pic32mx/lib\libpic32.a(vector10.o)
                              C:\Users\ADMINI~1\AppData\Local\Temp\cc0AzwVc.o (__vector_dispatch_10)
d:/program files (x86)/microchip/xc32/v2.30/bin/bin/../../lib/gcc/pic32mx/4.8.3/../../../../pic32mx/lib\libpic32.a(vector11.o)
                              C:\Users\ADMINI~1\AppData\Local\Temp\cc0AzwVc.o (__vector_dispatch_11)
d:/program files (x86)/microchip/xc32/v2.30/bin/bin/../../lib/gcc/pic32mx/4.8.3/../../../../pic32mx/lib\libpic32.a(vector12.o)
                              C:\Users\ADMINI~1\AppData\Local\Temp\cc0AzwVc.o (__vector_dispatch_12)
d:/program files (x86)/microchip/xc32/v2.30/bin/bin/../../lib/gcc/pic32mx/4.8.3/../../../../pic32mx/lib\libpic32.a(vector13.o)
                              C:\Users\ADMINI~1\AppData\Local\Temp\cc0AzwVc.o (__vector_dispatch_13)
[...]
Memory Configuration

Name             Origin             Length             Attributes
kseg0_data_mem   0x80000000         0x00000200
kseg1_data_mem   0xa0000000         0x00020000         w !x
kseg0_boot_mem   0x9fc00490         0x00000970
kseg1_boot_mem   0xbfc00000         0x00000490
kseg0_program_mem 0x9d000000         0x00080000         xr
exception_mem    0x9fc01000         0x00001000
debug_exec_mem   0xbfc02000         0x00000ff0
config3          0xbfc02ff0         0x00000004
config2          0xbfc02ff4         0x00000004
config1          0xbfc02ff8         0x00000004
config0          0xbfc02ffc         0x00000004
sfrs             0xbf800000         0x00100000
configsfrs       0xbfc02ff0         0x00000010
*default*        0x00000000         0xffffffff

Linker script and memory map


reserve_data_0_kseg0
                0x80000000      0x200
                0x80000000        0x2 SHORT 0x0
                0x000001fd                . = 0x1fd
 *fill*         0x80000002      0x1fb 
                0x80000200                . = ALIGN (0x4)
 *fill*         0x800001fd        0x3 

reserve_data_0_kseg1
                0xa0000000      0x200
                0xa0000000        0x2 SHORT 0x0
                0x000001fd                . = 0x1fd
 *fill*         0xa0000002      0x1fb 
                0xa0000200                . = ALIGN (0x4)
 *fill*         0xa00001fd        0x3 

reserve_boot_0x1fc02000_kseg0
                0x9fc02000      0xff0
                0x9fc02000        0x2 SHORT 0x0
                0x00000760                . = 0x760
 *fill*         0x9fc02002      0x75e 
                0x9fc02760                . = ALIGN (0x4)
                0x9fc02760        0x2 SHORT 0x0
                0x00000ff0                . = 0xff0
 *fill*         0x9fc02762      0x88e 
                0x9fc02ff0                . = ALIGN (0x4)

reserve_boot_0x1fc02000_kseg1
                0xbfc02000      0xff0
                0xbfc02000        0x2 SHORT 0x0
                0x00000760                . = 0x760
 *fill*         0xbfc02002      0x75e 
                0xbfc02760                . = ALIGN (0x4)
                0xbfc02760        0x2 SHORT 0x0
                0x00000ff0                . = 0xff0
 *fill*         0xbfc02762      0x88e 
                0xbfc02ff0                . = ALIGN (0x4)
LOAD d:/program files (x86)/microchip/xc32/v2.30/bin/bin/../../lib/gcc/pic32mx/4.8.3/../../../../pic32mx/lib\software-debug-break.o
LOAD build/default/debug/_ext/897820976/drv_at24.o
LOAD build/default/debug/_ext/60163342/plib_adc.o
LOAD build/default/debug/_ext/60165520/plib_clk.o
LOAD build/default/debug/_ext/1865200349/plib_evic.o
LOAD build/default/debug/_ext/1865254177/plib_gpio.o
LOAD build/default/debug/_ext/60169480/plib_i2c1.o
LOAD build/default/debug/_ext/60176403/plib_nvm.o
LOAD build/default/debug/_ext/1865569570/plib_rcon.o
LOAD build/default/debug/_ext/1865657120/plib_uart3.o
LOAD build/default/debug/_ext/1865657120/plib_uart1.o
LOAD build/default/debug/_ext/14461671/sys_dma.o
LOAD build/default/debug/_ext/1881668453/sys_int.o
LOAD build/default/debug/_ext/1171490990/initialization.o
LOAD build/default/debug/_ext/1171490990/interrupts.o
LOAD build/default/debug/_ext/1171490990/interrupts_a.o
LOAD build/default/debug/_ext/1171490990/exceptions.o
LOAD build/default/debug/_ext/1171490990/freertos_hooks.o
LOAD build/default/debug/_ext/1171490990/tasks.o
LOAD build/default/debug/_ext/1360937237/audits.o
LOAD build/default/debug/_ext/1360937237/parameters.o
LOAD build/default/debug/_ext/1360937237/dataCommun.o
LOAD build/default/debug/_ext/1665200909/heap_1.o
LOAD build/default/debug/_ext/951553248/port.o
LOAD build/default/debug/_ext/951553248/port_asm.o
LOAD build/default/debug/_ext/404212886/croutine.o
LOAD build/default/debug/_ext/404212886/list.o
LOAD build/default/debug/_ext/404212886/queue.o
LOAD build/default/debug/_ext/404212886/FreeRTOS_tasks.o
LOAD build/default/debug/_ext/404212886/timers.o
LOAD build/default/debug/_ext/404212886/event_groups.o
LOAD build/default/debug/_ext/404212886/stream_buffer.o
LOAD build/default/debug/_ext/659830161/MDB.o
LOAD build/default/debug/_ext/659830161/MDB_CG.o
LOAD build/default/debug/_ext/659830161/MDB_BV.o
LOAD build/default/debug/_ext/1529399856/osal_freertos.o
LOAD build/default/debug/_ext/1360937237/hd44780.o
LOAD build/default/debug/_ext/1360937237/delay_us.o
LOAD build/default/debug/_ext/1360937237/leds.o
LOAD build/default/debug/_ext/1360937237/DS18B20.o
LOAD build/default/debug/_ext/1360937237/contacts.o
LOAD build/default/debug/_ext/1360937237/moteurs.o
LOAD build/default/debug/_ext/1360937237/trap_security.o
LOAD build/default/debug/_ext/1360937237/main.o
LOAD build/default/debug/_ext/1360937237/mainboard2.o
                0x00000001                __MPLAB_BUILD = 0x1
                0x00000001                __MPLAB_DEBUG = 0x1
                0x00000001                __DEBUG = 0x1
                0x00000001                __MPLAB_DEBUGGER_REAL_ICE = 0x1
                0x00000200                _min_heap_size = 0x200
LOAD C:\Users\ADMINI~1\AppData\Local\Temp\cc3xLHuC.o
LOAD C:\Users\ADMINI~1\AppData\Local\Temp\ccE5XcAE.o
LOAD C:\Users\ADMINI~1\AppData\Local\Temp\cc0AzwVc.o
LOAD d:/program files (x86)/microchip/xc32/v2.30/bin/bin/../../lib/gcc/pic32mx/4.8.3/../../../../pic32mx/lib\pic32_software_reset.o
                0x00000400                PROVIDE (_min_stack_size, 0x400)
START GROUP
LOAD d:/program files (x86)/microchip/xc32/v2.30/bin/bin/../../lib/gcc/pic32mx/4.8.3/../../../../pic32mx/lib/./proc/32MX470F512L\processor.o
END GROUP
START GROUP
LOAD libmchp_peripheral.a
END GROUP
START GROUP
LOAD libmchp_peripheral_32MX470F512L.a
END GROUP
                0x00000001                PROVIDE (_vector_spacing, 0x1)
                0x9fc01000                PROVIDE (_ebase_address, 0x9fc01000)
                0xbfc00000                _RESET_ADDR = 0xbfc00000
                0xbfc00380                _BEV_EXCPT_ADDR = 0xbfc00380
                0xbfc00480                _DBG_EXCPT_ADDR = 0xbfc00480
                0xbfc02000                _DBG_CODE_ADDR = 0xbfc02000
                0x00000ff0                _DBG_CODE_SIZE = 0xff0
                0x9fc01180                _GEN_EXCPT_ADDR = (_ebase_address + 0x180)

.config_BFC02FF0
                0xbfc02ff0        0x4
 *(.config_BFC02FF0)
 .config_BFC02FF0
                0xbfc02ff0        0x4 build/default/debug/_ext/1171490990/initialization.o

.config_BFC02FF4
                0xbfc02ff4        0x4
 *(.config_BFC02FF4)
 .config_BFC02FF4
                0xbfc02ff4        0x4 build/default/debug/_ext/1171490990/initialization.o

.config_BFC02FF8
                0xbfc02ff8        0x4
 *(.config_BFC02FF8)
 .config_BFC02FF8
                0xbfc02ff8        0x4 build/default/debug/_ext/1171490990/initialization.o

.config_BFC02FFC
                0xbfc02ffc        0x4
 *(.config_BFC02FFC)
 .config_BFC02FFC
                0xbfc02ffc        0x4 build/default/debug/_ext/1171490990/initialization.o
                0xbfc02000                PROVIDE (_DBG_CODE_ADDR, 0xbfc02000)
                0x00000ff0                PROVIDE (_DBG_CODE_SIZE, 0xff0)

.reset          0xbfc00000      0x19c
 *(.reset)
 .reset         0xbfc00000        0x8 C:\Users\ADMINI~1\AppData\Local\Temp\cc3xLHuC.o
                0xbfc00000                _reset
 *(.reset.startup)
 .reset.startup
                0xbfc00008      0x194 C:\Users\ADMINI~1\AppData\Local\Temp\cc3xLHuC.o
                0xbfc00008                _startup

.bev_excpt      0xbfc00380       0x10
 *(.bev_handler)
 .bev_handler   0xbfc00380       0x10 C:\Users\ADMINI~1\AppData\Local\Temp\cc3xLHuC.o

.dbg_excpt      0xbfc00480        0x0
                0xbfc00480                . = (. + DEFINED (_DEBUGGER)?0x8:0x0)

.dbg_code       0xbfc02000        0x0
                0xbfc02000                . = (. + DEFINED (_DEBUGGER)?_DBG_CODE_SIZE:0x0)

.app_excpt      0x9fc01180       0x10
 *(.gen_handler)
 .gen_handler   0x9fc01180       0x10 C:\Users\ADMINI~1\AppData\Local\Temp\cc3xLHuC.o

.vector_0       0x9fc01200        0x8
 *(.vector_0)
 .vector_0      0x9fc01200        0x8 d:/program files (x86)/microchip/xc32/v2.30/bin/bin/../../lib/gcc/pic32mx/4.8.3/../../../../pic32mx/lib\libpic32.a(vector0.o)
                0x9fc01200                __vector_dispatch_0
                0x00000001                ASSERT (((_vector_spacing == 0x0) || (SIZEOF (.vector_0) <= (_vector_spacing << 0x5))), function at exception vector 0 too large)

.vector_1       0x9fc01220        0x8
 *(.vector_1)
 .vector_1      0x9fc01220        0x8 build/default/debug/_ext/951553248/port.o
                0x9fc01220                __vector_dispatch_1
                0x00000001                ASSERT (((_vector_spacing == 0x0) || (SIZEOF (.vector_1) <= (_vector_spacing << 0x5))), function at exception vector 1 too large)

.vector_2       0x9fc01240        0x8
 *(.vector_2)
 .vector_2      0x9fc01240        0x8 d:/program files (x86)/microchip/xc32/v2.30/bin/bin/../../lib/gcc/pic32mx/4.8.3/../../../../pic32mx/lib\libpic32.a(vector2.o)
                0x9fc01240                __vector_dispatch_2
                0x00000001                ASSERT (((_vector_spacing == 0x0) || (SIZEOF (.vector_2) <= (_vector_spacing << 0x5))), function at exception vector 2 too large)

.vector_3       0x9fc01260        0x8
 *(.vector_3)
 .vector_3      0x9fc01260        0x8 d:/program files (x86)/microchip/xc32/v2.30/bin/bin/../../lib/gcc/pic32mx/4.8.3/../../../../pic32mx/lib\libpic32.a(vector3.o)
                0x9fc01260                __vector_dispatch_3
                0x00000001                ASSERT (((_vector_spacing == 0x0) || (SIZEOF (.vector_3) <= (_vector_spacing << 0x5))), function at exception vector 3 too large)

.vector_4       0x9fc01280        0x8
 *(.vector_4)
 .vector_4      0x9fc01280        0x8 build/default/debug/_ext/951553248/port.o
                0x9fc01280                __vector_dispatch_4
                0x00000001                ASSERT (((_vector_spacing == 0x0) || (SIZEOF (.vector_4) <= (_vector_spacing << 0x5))), function at exception vector 4 too large)

.vector_5       0x9fc012a0        0x8
 *(.vector_5)
 .vector_5      0x9fc012a0        0x8 d:/program files (x86)/microchip/xc32/v2.30/bin/bin/../../lib/gcc/pic32mx/4.8.3/../../../../pic32mx/lib\libpic32.a(vector5.o)
                0x9fc012a0                __vector_dispatch_5
                0x00000001                ASSERT (((_vector_spacing == 0x0) || (SIZEOF (.vector_5) <= (_vector_spacing << 0x5))), function at exception vector 5 too large)

.vector_6       0x9fc012c0        0x8
 *(.vector_6)
 .vector_6      0x9fc012c0        0x8 d:/program files (x86)/microchip/xc32/v2.30/bin/bin/../../lib/gcc/pic32mx/4.8.3/../../../../pic32mx/lib\libpic32.a(vector6.o)
                0x9fc012c0                __vector_dispatch_6
                0x00000001                ASSERT (((_vector_spacing == 0x0) || (SIZEOF (.vector_6) <= (_vector_spacing << 0x5))), function at exception vector 6 too large)

.vector_7       0x9fc012e0        0x8
 *(.vector_7)
 .vector_7      0x9fc012e0        0x8 d:/program files (x86)/microchip/xc32/v2.30/bin/bin/../../lib/gcc/pic32mx/4.8.3/../../../../pic32mx/lib\libpic32.a(vector7.o)
                0x9fc012e0                __vector_dispatch_7
                0x00000001                ASSERT (((_vector_spacing == 0x0) || (SIZEOF (.vector_7) <= (_vector_spacing << 0x5))), function at exception vector 7 too large)

.vector_8       0x9fc01300        0x8
 *(.vector_8)
 .vector_8      0x9fc01300        0x8 d:/program files (x86)/microchip/xc32/v2.30/bin/bin/../../lib/gcc/pic32mx/4.8.3/../../../../pic32mx/lib\libpic32.a(vector8.o)
                0x9fc01300                __vector_dispatch_8
                0x00000001                ASSERT (((_vector_spacing == 0x0) || (SIZEOF (.vector_8) <= (_vector_spacing << 0x5))), function at exception vector 8 too large)

.vector_9       0x9fc01320        0x8
 *(.vector_9)
 .vector_9      0x9fc01320        0x8 d:/program files (x86)/microchip/xc32/v2.30/bin/bin/../../lib/gcc/pic32mx/4.8.3/../../../../pic32mx/lib\libpic32.a(vector9.o)
                0x9fc01320                __vector_dispatch_9
                0x00000001                ASSERT (((_vector_spacing == 0x0) || (SIZEOF (.vector_9) <= (_vector_spacing << 0x5))), function at exception vector 9 too large)

.vector_10      0x9fc01340        0x8
 *(.vector_10)
 .vector_10     0x9fc01340        0x8 d:/program files (x86)/microchip/xc32/v2.30/bin/bin/../../lib/gcc/pic32mx/4.8.3/../../../../pic32mx/lib\libpic32.a(vector10.o)
                0x9fc01340                __vector_dispatch_10
                0x00000001                ASSERT (((_vector_spacing == 0x0) || (SIZEOF (.vector_10) <= (_vector_spacing << 0x5))), function at exception vector 10 too large)

.vector_11      0x9fc01360        0x8
 *(.vector_11)
 .vector_11     0x9fc01360        0x8 d:/program files (x86)/microchip/xc32/v2.30/bin/bin/../../lib/gcc/pic32mx/4.8.3/../../../../pic32mx/lib\libpic32.a(vector11.o)
                0x9fc01360                __vector_dispatch_11
                0x00000001                ASSERT (((_vector_spacing == 0x0) || (SIZEOF (.vector_11) <= (_vector_spacing << 0x5))), function at exception vector 11 too large)

.vector_12      0x9fc01380        0x8
 *(.vector_12)
 .vector_12     0x9fc01380        0x8 d:/program files (x86)/microchip/xc32/v2.30/bin/bin/../../lib/gcc/pic32mx/4.8.3/../../../../pic32mx/lib\libpic32.a(vector12.o)
                0x9fc01380                __vector_dispatch_12
                0x00000001                ASSERT (((_vector_spacing == 0x0) || (SIZEOF (.vector_12) <= (_vector_spacing << 0x5))), function at exception vector 12 too large)

.vector_13      0x9fc013a0        0x8
 *(.vector_13)
 .vector_13     0x9fc013a0        0x8 d:/program files (x86)/microchip/xc32/v2.30/bin/bin/../../lib/gcc/pic32mx/4.8.3/../../../../pic32mx/lib\libpic32.a(vector13.o)
                0x9fc013a0                __vector_dispatch_13
                0x00000001                ASSERT (((_vector_spacing == 0x0) || (SIZEOF (.vector_13) <= (_vector_spacing << 0x5))), function at exception vector 13 too large)

.vector_14      0x9fc013c0        0x8
 *(.vector_14)
 .vector_14     0x9fc013c0        0x8 d:/program files (x86)/microchip/xc32/v2.30/bin/bin/../../lib/gcc/pic32mx/4.8.3/../../../../pic32mx/lib\libpic32.a(vector14.o)
                0x9fc013c0                __vector_dispatch_14
                0x00000001                ASSERT (((_vector_spacing == 0x0) || (SIZEOF (.vector_14) <= (_vector_spacing << 0x5))), function at exception vector 14 too large)

.vector_15      0x9fc013e0        0x8
 *(.vector_15)
 .vector_15     0x9fc013e0        0x8 d:/program files (x86)/microchip/xc32/v2.30/bin/bin/../../lib/gcc/pic32mx/4.8.3/../../../../pic32mx/lib\libpic32.a(vector15.o)
                0x9fc013e0                __vector_dispatch_15
                0x00000001                ASSERT (((_vector_spacing == 0x0) || (SIZEOF (.vector_15) <= (_vector_spacing << 0x5))), function at exception vector 15 too large)

.vector_16      0x9fc01400        0x8
 *(.vector_16)
 .vector_16     0x9fc01400        0x8 d:/program files (x86)/microchip/xc32/v2.30/bin/bin/../../lib/gcc/pic32mx/4.8.3/../../../../pic32mx/lib\libpic32.a(vector16.o)
                0x9fc01400                __vector_dispatch_16
                0x00000001                ASSERT (((_vector_spacing == 0x0) || (SIZEOF (.vector_16) <= (_vector_spacing << 0x5))), function at exception vector 16 too large)

.vector_17      0x9fc01420        0x8
 *(.vector_17)
 .vector_17     0x9fc01420        0x8 d:/program files (x86)/microchip/xc32/v2.30/bin/bin/../../lib/gcc/pic32mx/4.8.3/../../../../pic32mx/lib\libpic32.a(vector17.o)
                0x9fc01420                __vector_dispatch_17
                0x00000001                ASSERT (((_vector_spacing == 0x0) || (SIZEOF (.vector_17) <= (_vector_spacing << 0x5))), function at exception vector 17 too large)

.vector_18      0x9fc01440        0x8
 *(.vector_18)
 .vector_18     0x9fc01440        0x8 d:/program files (x86)/microchip/xc32/v2.30/bin/bin/../../lib/gcc/pic32mx/4.8.3/../../../../pic32mx/lib\libpic32.a(vector18.o)
                0x9fc01440                __vector_dispatch_18
                0x00000001                ASSERT (((_vector_spacing == 0x0) || (SIZEOF (.vector_18) <= (_vector_spacing << 0x5))), function at exception vector 18 too large)

.vector_19      0x9fc01460        0x8
 *(.vector_19)
 .vector_19     0x9fc01460        0x8 d:/program files (x86)/microchip/xc32/v2.30/bin/bin/../../lib/gcc/pic32mx/4.8.3/../../../../pic32mx/lib\libpic32.a(vector19.o)
                0x9fc01460                __vector_dispatch_19
                0x00000001                ASSERT (((_vector_spacing == 0x0) || (SIZEOF (.vector_19) <= (_vector_spacing << 0x5))), function at exception vector 19 too large)

.vector_20      0x9fc01480        0x8
 *(.vector_20)
 .vector_20     0x9fc01480        0x8 d:/program files (x86)/microchip/xc32/v2.30/bin/bin/../../lib/gcc/pic32mx/4.8.3/../../../../pic32mx/lib\libpic32.a(vector20.o)
                0x9fc01480                __vector_dispatch_20
                0x00000001                ASSERT (((_vector_spacing == 0x0) || (SIZEOF (.vector_20) <= (_vector_spacing << 0x5))), function at exception vector 20 too large)

.vector_21      0x9fc014a0        0x8
 *(.vector_21)
 .vector_21     0x9fc014a0        0x8 d:/program files (x86)/microchip/xc32/v2.30/bin/bin/../../lib/gcc/pic32mx/4.8.3/../../../../pic32mx/lib\libpic32.a(vector21.o)
                0x9fc014a0                __vector_dispatch_21
                0x00000001                ASSERT (((_vector_spacing == 0x0) || (SIZEOF (.vector_21) <= (_vector_spacing << 0x5))), function at exception vector 21 too large)

.vector_22      0x9fc014c0        0x8
 *(.vector_22)
 .vector_22     0x9fc014c0        0x8 d:/program files (x86)/microchip/xc32/v2.30/bin/bin/../../lib/gcc/pic32mx/4.8.3/../../../../pic32mx/lib\libpic32.a(vector22.o)
                0x9fc014c0                __vector_dispatch_22
                0x00000001                ASSERT (((_vector_spacing == 0x0) || (SIZEOF (.vector_22) <= (_vector_spacing << 0x5))), function at exception vector 22 too large)

.vector_23      0x9fc014e0       0x10
 *(.vector_23)
 .vector_23     0x9fc014e0       0x10 build/default/debug/_ext/1171490990/interrupts_a.o
                0x9fc014e0                __vector_dispatch_23
                0x00000001                ASSERT (((_vector_spacing == 0x0) || (SIZEOF (.vector_23) <= (_vector_spacing << 0x5))), function at exception vector 23 too large)

.vector_24      0x9fc01500        0x8
 *(.vector_24)
 .vector_24     0x9fc01500        0x8 d:/program files (x86)/microchip/xc32/v2.30/bin/bin/../../lib/gcc/pic32mx/4.8.3/../../../../pic32mx/lib\libpic32.a(vector24.o)
                0x9fc01500                __vector_dispatch_24
                0x00000001                ASSERT (((_vector_spacing == 0x0) || (SIZEOF (.vector_24) <= (_vector_spacing << 0x5))), function at exception vector 24 too large)

.vector_25      0x9fc01520        0x8
 *(.vector_25)
 .vector_25     0x9fc01520        0x8 d:/program files (x86)/microchip/xc32/v2.30/bin/bin/../../lib/gcc/pic32mx/4.8.3/../../../../pic32mx/lib\libpic32.a(vector25.o)
                0x9fc01520                __vector_dispatch_25
                0x00000001                ASSERT (((_vector_spacing == 0x0) || (SIZEOF (.vector_25) <= (_vector_spacing << 0x5))), function at exception vector 25 too large)

.vector_26      0x9fc01540        0x8
 *(.vector_26)
 .vector_26     0x9fc01540        0x8 d:/program files (x86)/microchip/xc32/v2.30/bin/bin/../../lib/gcc/pic32mx/4.8.3/../../../../pic32mx/lib\libpic32.a(vector26.o)
                0x9fc01540                __vector_dispatch_26
                0x00000001                ASSERT (((_vector_spacing == 0x0) || (SIZEOF (.vector_26) <= (_vector_spacing << 0x5))), function at exception vector 26 too large)

.vector_27      0x9fc01560        0x8
 *(.vector_27)
 .vector_27     0x9fc01560        0x8 d:/program files (x86)/microchip/xc32/v2.30/bin/bin/../../lib/gcc/pic32mx/4.8.3/../../../../pic32mx/lib\libpic32.a(vector27.o)
                0x9fc01560                __vector_dispatch_27
                0x00000001                ASSERT (((_vector_spacing == 0x0) || (SIZEOF (.vector_27) <= (_vector_spacing << 0x5))), function at exception vector 27 too large)

.vector_28      0x9fc01580        0x8
 *(.vector_28)
 .vector_28     0x9fc01580        0x8 d:/program files (x86)/microchip/xc32/v2.30/bin/bin/../../lib/gcc/pic32mx/4.8.3/../../../../pic32mx/lib\libpic32.a(vector28.o)
                0x9fc01580                __vector_dispatch_28
                0x00000001                ASSERT (((_vector_spacing == 0x0) || (SIZEOF (.vector_28) <= (_vector_spacing << 0x5))), function at exception vector 28 too large)

.vector_29      0x9fc015a0        0x8
 *(.vector_29)
 .vector_29     0x9fc015a0        0x8 d:/program files (x86)/microchip/xc32/v2.30/bin/bin/../../lib/gcc/pic32mx/4.8.3/../../../../pic32mx/lib\libpic32.a(vector29.o)
                0x9fc015a0                __vector_dispatch_29
                0x00000001                ASSERT (((_vector_spacing == 0x0) || (SIZEOF (.vector_29) <= (_vector_spacing << 0x5))), function at exception vector 29 too large)

.vector_30      0x9fc015c0        0x8
 *(.vector_30)
 .vector_30     0x9fc015c0        0x8 d:/program files (x86)/microchip/xc32/v2.30/bin/bin/../../lib/gcc/pic32mx/4.8.3/../../../../pic32mx/lib\libpic32.a(vector30.o)
                0x9fc015c0                __vector_dispatch_30
                0x00000001                ASSERT (((_vector_spacing == 0x0) || (SIZEOF (.vector_30) <= (_vector_spacing << 0x5))), function at exception vector 30 too large)

.vector_31      0x9fc015e0        0x8
 *(.vector_31)
 .vector_31     0x9fc015e0        0x8 d:/program files (x86)/microchip/xc32/v2.30/bin/bin/../../lib/gcc/pic32mx/4.8.3/../../../../pic32mx/lib\libpic32.a(vector31.o)
                0x9fc015e0                __vector_dispatch_31
                0x00000001                ASSERT (((_vector_spacing == 0x0) || (SIZEOF (.vector_31) <= (_vector_spacing << 0x5))), function at exception vector 31 too large)

.vector_32      0x9fc01600       0x10
 *(.vector_32)
 .vector_32     0x9fc01600       0x10 build/default/debug/_ext/1171490990/interrupts_a.o
                0x9fc01600                __vector_dispatch_32
                0x00000001                ASSERT (((_vector_spacing == 0x0) || (SIZEOF (.vector_32) <= (_vector_spacing << 0x5))), function at exception vector 32 too large)

.vector_33      0x9fc01620        0x8
 *(.vector_33)
 .vector_33     0x9fc01620        0x8 d:/program files (x86)/microchip/xc32/v2.30/bin/bin/../../lib/gcc/pic32mx/4.8.3/../../../../pic32mx/lib\libpic32.a(vector33.o)
                0x9fc01620                __vector_dispatch_33
                0x00000001                ASSERT (((_vector_spacing == 0x0) || (SIZEOF (.vector_33) <= (_vector_spacing << 0x5))), function at exception vector 33 too large)

.vector_34      0x9fc01640        0x8
 *(.vector_34)
 .vector_34     0x9fc01640        0x8 d:/program files (x86)/microchip/xc32/v2.30/bin/bin/../../lib/gcc/pic32mx/4.8.3/../../../../pic32mx/lib\libpic32.a(vector34.o)
                0x9fc01640                __vector_dispatch_34
                0x00000001                ASSERT (((_vector_spacing == 0x0) || (SIZEOF (.vector_34) <= (_vector_spacing << 0x5))), function at exception vector 34 too large)

.vector_35      0x9fc01660        0x8
 *(.vector_35)
 .vector_35     0x9fc01660        0x8 d:/program files (x86)/microchip/xc32/v2.30/bin/bin/../../lib/gcc/pic32mx/4.8.3/../../../../pic32mx/lib\libpic32.a(vector35.o)
                0x9fc01660                __vector_dispatch_35
                0x00000001                ASSERT (((_vector_spacing == 0x0) || (SIZEOF (.vector_35) <= (_vector_spacing << 0x5))), function at exception vector 35 too large)

.vector_36      0x9fc01680        0x8
 *(.vector_36)
 .vector_36     0x9fc01680        0x8 d:/program files (x86)/microchip/xc32/v2.30/bin/bin/../../lib/gcc/pic32mx/4.8.3/../../../../pic32mx/lib\libpic32.a(vector36.o)
                0x9fc01680                __vector_dispatch_36
                0x00000001                ASSERT (((_vector_spacing == 0x0) || (SIZEOF (.vector_36) <= (_vector_spacing << 0x5))), function at exception vector 36 too large)

.vector_37      0x9fc016a0        0x8
 *(.vector_37)
 .vector_37     0x9fc016a0        0x8 d:/program files (x86)/microchip/xc32/v2.30/bin/bin/../../lib/gcc/pic32mx/4.8.3/../../../../pic32mx/lib\libpic32.a(vector37.o)
                0x9fc016a0                __vector_dispatch_37
                0x00000001                ASSERT (((_vector_spacing == 0x0) || (SIZEOF (.vector_37) <= (_vector_spacing << 0x5))), function at exception vector 37 too large)

.vector_38      0x9fc016c0        0x8
 *(.vector_38)
 .vector_38     0x9fc016c0        0x8 d:/program files (x86)/microchip/xc32/v2.30/bin/bin/../../lib/gcc/pic32mx/4.8.3/../../../../pic32mx/lib\libpic32.a(vector38.o)
                0x9fc016c0                __vector_dispatch_38
                0x00000001                ASSERT (((_vector_spacing == 0x0) || (SIZEOF (.vector_38) <= (_vector_spacing << 0x5))), function at exception vector 38 too large)

.vector_39      0x9fc016e0        0x8
 *(.vector_39)
 .vector_39     0x9fc016e0        0x8 d:/program files (x86)/microchip/xc32/v2.30/bin/bin/../../lib/gcc/pic32mx/4.8.3/../../../../pic32mx/lib\libpic32.a(vector39.o)
                0x9fc016e0                __vector_dispatch_39
                0x00000001                ASSERT (((_vector_spacing == 0x0) || (SIZEOF (.vector_39) <= (_vector_spacing << 0x5))), function at exception vector 39 too large)

.vector_40      0x9fc01700        0x8
 *(.vector_40)
 .vector_40     0x9fc01700        0x8 d:/program files (x86)/microchip/xc32/v2.30/bin/bin/../../lib/gcc/pic32mx/4.8.3/../../../../pic32mx/lib\libpic32.a(vector40.o)
                0x9fc01700                __vector_dispatch_40
                0x00000001                ASSERT (((_vector_spacing == 0x0) || (SIZEOF (.vector_40) <= (_vector_spacing << 0x5))), function at exception vector 40 too large)

.vector_41      0x9fc01720        0x8
 *(.vector_41)
 .vector_41     0x9fc01720        0x8 d:/program files (x86)/microchip/xc32/v2.30/bin/bin/../../lib/gcc/pic32mx/4.8.3/../../../../pic32mx/lib\libpic32.a(vector41.o)
                0x9fc01720                __vector_dispatch_41
                0x00000001                ASSERT (((_vector_spacing == 0x0) || (SIZEOF (.vector_41) <= (_vector_spacing << 0x5))), function at exception vector 41 too large)

.vector_42      0x9fc01740        0x8
 *(.vector_42)
 .vector_42     0x9fc01740        0x8 d:/program files (x86)/microchip/xc32/v2.30/bin/bin/../../lib/gcc/pic32mx/4.8.3/../../../../pic32mx/lib\libpic32.a(vector42.o)
                0x9fc01740                __vector_dispatch_42
                0x00000001                ASSERT (((_vector_spacing == 0x0) || (SIZEOF (.vector_42) <= (_vector_spacing << 0x5))), function at exception vector 42 too large)

.vector_43      0x9fc01760        0x8
 *(.vector_43)
 .vector_43     0x9fc01760        0x8 d:/program files (x86)/microchip/xc32/v2.30/bin/bin/../../lib/gcc/pic32mx/4.8.3/../../../../pic32mx/lib\libpic32.a(vector43.o)
                0x9fc01760                __vector_dispatch_43
                0x00000001                ASSERT (((_vector_spacing == 0x0) || (SIZEOF (.vector_43) <= (_vector_spacing << 0x5))), function at exception vector 43 too large)

.vector_44      0x9fc01780        0x8
 *(.vector_44)
 .vector_44     0x9fc01780        0x8 d:/program files (x86)/microchip/xc32/v2.30/bin/bin/../../lib/gcc/pic32mx/4.8.3/../../../../pic32mx/lib\libpic32.a(vector44.o)
                0x9fc01780                __vector_dispatch_44
                0x00000001                ASSERT (((_vector_spacing == 0x0) || (SIZEOF (.vector_44) <= (_vector_spacing << 0x5))), function at exception vector 44 too large)

.vector_45      0x9fc017a0        0x8
 *(.vector_45)
 .vector_45     0x9fc017a0        0x8 d:/program files (x86)/microchip/xc32/v2.30/bin/bin/../../lib/gcc/pic32mx/4.8.3/../../../../pic32mx/lib\libpic32.a(vector45.o)
                0x9fc017a0                __vector_dispatch_45
                0x00000001                ASSERT (((_vector_spacing == 0x0) || (SIZEOF (.vector_45) <= (_vector_spacing << 0x5))), function at exception vector 45 too large)

.vector_46      0x9fc017c0        0x0
 *(.vector_46)
                0x00000001                ASSERT (((_vector_spacing == 0x0) || (SIZEOF (.vector_46) <= (_vector_spacing << 0x5))), function at exception vector 46 too large)

.vector_47      0x9fc017e0        0x0
 *(.vector_47)
                0x00000001                ASSERT (((_vector_spacing == 0x0) || (SIZEOF (.vector_47) <= (_vector_spacing << 0x5))), function at exception vector 47 too large)

.vector_48      0x9fc01800        0x0
 *(.vector_48)
                0x00000001                ASSERT (((_vector_spacing == 0x0) || (SIZEOF (.vector_48) <= (_vector_spacing << 0x5))), function at exception vector 48 too large)

.vector_49      0x9fc01820        0x0
 *(.vector_49)
                0x00000001                ASSERT (((_vector_spacing == 0x0) || (SIZEOF (.vector_49) <= (_vector_spacing << 0x5))), function at exception vector 49 too large)

.vector_50      0x9fc01840        0x0
 *(.vector_50)
                0x00000001                ASSERT (((_vector_spacing == 0x0) || (SIZEOF (.vector_50) <= (_vector_spacing << 0x5))), function at exception vector 50 too large)

.vector_51      0x9fc01860        0x0
 *(.vector_51)
                0x00000001                ASSERT (((_vector_spacing == 0x0) || (SIZEOF (.vector_51) <= (_vector_spacing << 0x5))), function at exception vector 51 too large)

.vector_52      0x9fc01880        0x0
 *(.vector_52)
                0x00000001                ASSERT (((_vector_spacing == 0x0) || (SIZEOF (.vector_52) <= (_vector_spacing << 0x5))), function at exception vector 52 too large)

.vector_53      0x9fc018a0        0x0
 *(.vector_53)
                0x00000001                ASSERT (((_vector_spacing == 0x0) || (SIZEOF (.vector_53) <= (_vector_spacing << 0x5))), function at exception vector 53 too large)

.vector_54      0x9fc018c0        0x0
 *(.vector_54)
                0x00000001                ASSERT (((_vector_spacing == 0x0) || (SIZEOF (.vector_54) <= (_vector_spacing << 0x5))), function at exception vector 54 too large)

.vector_55      0x9fc018e0        0x0
 *(.vector_55)
                0x00000001                ASSERT (((_vector_spacing == 0x0) || (SIZEOF (.vector_55) <= (_vector_spacing << 0x5))), function at exception vector 55 too large)

.vector_56      0x9fc01900        0x0
 *(.vector_56)
                0x00000001                ASSERT (((_vector_spacing == 0x0) || (SIZEOF (.vector_56) <= (_vector_spacing << 0x5))), function at exception vector 56 too large)

.vector_57      0x9fc01920        0x0
 *(.vector_57)
                0x00000001                ASSERT (((_vector_spacing == 0x0) || (SIZEOF (.vector_57) <= (_vector_spacing << 0x5))), function at exception vector 57 too large)

.vector_58      0x9fc01940        0x0
 *(.vector_58)
                0x00000001                ASSERT (((_vector_spacing == 0x0) || (SIZEOF (.vector_58) <= (_vector_spacing << 0x5))), function at exception vector 58 too large)

.vector_59      0x9fc01960        0x0
 *(.vector_59)
                0x00000001                ASSERT (((_vector_spacing == 0x0) || (SIZEOF (.vector_59) <= (_vector_spacing << 0x5))), function at exception vector 59 too large)

.vector_60      0x9fc01980        0x0
 *(.vector_60)
                0x00000001                ASSERT (((_vector_spacing == 0x0) || (SIZEOF (.vector_60) <= (_vector_spacing << 0x5))), function at exception vector 60 too large)

.vector_61      0x9fc019a0        0x0
 *(.vector_61)
                0x00000001                ASSERT (((_vector_spacing == 0x0) || (SIZEOF (.vector_61) <= (_vector_spacing << 0x5))), function at exception vector 61 too large)

.vector_62      0x9fc019c0        0x0
 *(.vector_62)
                0x00000001                ASSERT (((_vector_spacing == 0x0) || (SIZEOF (.vector_62) <= (_vector_spacing << 0x5))), function at exception vector 62 too large)

.vector_63      0x9fc019e0        0x0
 *(.vector_63)
                0x00000001                ASSERT (((_vector_spacing == 0x0) || (SIZEOF (.vector_63) <= (_vector_spacing << 0x5))), function at exception vector 63 too large)

.startup
 *(.startup)

.text           0x9d000000        0x0
 *(.stub .gnu.linkonce.t.*)
 *(.text.*personality*)
 *(.mips16.fn.*)
 *(.mips16.call.*)
 *(.gnu.warning)
                0x9d000000                . = ALIGN (0x4)

.init           0x9d000000        0x0
 *crti.o(.init)
 *crtbegin.o(.init)
 *(EXCLUDE_FILE(*crtn.o *crtend?.o *crtend.o) .init)
 *crtend.o(.init)
 *crtn.o(.init)
                0x9d000000                . = ALIGN (0x4)

.fini           0x9d000000        0x0
 *(.fini)
                0x9d000000                . = ALIGN (0x4)

.preinit_array  0x9d000000        0x0
                0x9d000000                PROVIDE (__preinit_array_start, .)
 *(.preinit_array)
                0x9d000000                PROVIDE (__preinit_array_end, .)
                0x9d000000                . = ALIGN (0x4)

.init_array     0x9d000000        0x0
                0x9d000000                PROVIDE (__init_array_start, .)
 *(SORT(.init_array.*))
 *(.init_array)
                0x9d000000                PROVIDE (__init_array_end, .)
                0x9d000000                . = ALIGN (0x4)

.fini_array     0x9d000000        0x0
                0x9d000000                PROVIDE (__fini_array_start, .)
 *(SORT(.fini_array.*))
 *(.fini_array)
                0x9d000000                PROVIDE (__fini_array_end, .)
                0x9d000000                . = ALIGN (0x4)

.ctors          0x9d000000        0x0
 *crtbegin.o(.ctors)
 *crtbegin?.o(.ctors)
 *(EXCLUDE_FILE(*crtend?.o *crtend.o) .ctors)
 *(SORT(.ctors.*))
 *(.ctors)
                0x9d000000                . = ALIGN (0x4)

.dtors          0x9d000000        0x0
 *crtbegin.o(.dtors)
 *crtbegin?.o(.dtors)
 *(EXCLUDE_FILE(*crtend?.o *crtend.o) .dtors)
 *(SORT(.dtors.*))
 *(.dtors)
                0x9d000000                . = ALIGN (0x4)

.rodata         0x9d000000        0x0
 *(.gnu.linkonce.r.*)
 *(.rodata1)
                0x9d000000                . = ALIGN (0x4)

.sdata2         0x9fc00490        0x0
 *(.sdata2 .sdata2.* .gnu.linkonce.s2.*)
                0x9fc00490                . = ALIGN (0x4)

.sbss2          0x9fc00490        0x0
 *(.sbss2 .sbss2.* .gnu.linkonce.sb2.*)
                0x9fc00490                . = ALIGN (0x4)

.eh_frame_hdr
 *(.eh_frame_hdr)
                0x9fc00490                . = ALIGN (0x4)

.eh_frame
 *(.eh_frame)
                0x9fc00490                . = ALIGN (0x4)

.gcc_except_table
 *(.gcc_except_table .gcc_except_table.*)
                0x9fc00490                . = ALIGN (0x4)

.dbg_data       0xa0000200        0x0
                0xa0000200                . = (. + DEFINED (_DEBUGGER)?0x200:0x0)

.jcr            0xa0000200        0x0
 *(.jcr)
                0xa0000200                . = ALIGN (0x4)

.eh_frame
 *(.eh_frame)
                0xa0000200                . = ALIGN (0x4)

.gcc_except_table
 *(.gcc_except_table .gcc_except_table.*)
                0xa0000200                . = ALIGN (0x4)

.persist        0xa0000200        0x0
                0xa0000200                _persist_begin = .
 *(.persist .persist.*)
 *(.pbss .pbss.*)
                0xa0000200                . = ALIGN (0x4)
                0xa0000200                _persist_end = .

.data           0xa0000200        0x0
 *(.gnu.linkonce.d.*)
 *(.data1)
                0xa0000200                . = ALIGN (0x4)
                0xa0000200                . = .
                0xa00081f0                _gp = (ALIGN (0x10) + 0x7ff0)

.got            0xa0000200        0x0
 *(.got.plt)
 *(.got)
                0xa0000200                . = ALIGN (0x4)

.sdata          0xa0000200        0xc
                0xa0000200                _sdata_begin = .
 *(.sdata .sdata.* .gnu.linkonce.s.*)
 .sdata         0xa0000200        0x4 build/default/debug/_ext/951553248/port.o
                0xa0000200                uxInterruptNesting
 .sdata         0xa0000204        0x8 build/default/debug/_ext/1360937237/contacts.o
                0xa0000204                portTable
                0xa000020c                . = ALIGN (0x4)
                0xa000020c                _sdata_end = .

.lit8
 *(.lit8)

.lit4
 *(.lit4)
                0xa000020c                . = ALIGN (0x4)
                0xa000020c                _data_end = .
                0xa000020c                _bss_begin = .

.sbss           0xa000020c       0x94
                0xa000020c                _sbss_begin = .
 *(.dynsbss)
 *(.sbss .sbss.* .gnu.linkonce.sb.*)
 .sbss          0xa000020c        0xc build/default/debug/_ext/1171490990/exceptions.o
 .sbss          0xa0000218        0x8 build/default/debug/_ext/1665200909/heap_1.o
 .sbss          0xa0000220        0x4 build/default/debug/_ext/951553248/port.o
                0xa0000220                uxSavedTaskStackPointer
 .sbss          0xa0000224       0x34 build/default/debug/_ext/404212886/FreeRTOS_tasks.o
                0xa0000224                pxCurrentTCB
                0xa0000228                uxDeletedTasksWaitingCleanUp
                0xa000022c                uxCurrentNumberOfTasks
                0xa0000230                xTickCount
                0xa0000234                uxTopReadyPriority
                0xa0000238                xSchedulerRunning
                0xa000023c                uxPendedTicks
                0xa0000240                xYieldPending
                0xa0000244                xNumOfOverflows
                0xa0000248                uxTaskNumber
                0xa000024c                xNextTaskUnblockTime
                0xa0000250                xIdleTaskHandle
                0xa0000254                uxSchedulerSuspended
 .sbss          0xa0000258       0x14 build/default/debug/_ext/404212886/timers.o
 .sbss          0xa000026c        0x4 build/default/debug/_ext/659830161/MDB_CG.o
 .sbss          0xa0000270        0x1 build/default/debug/_ext/1360937237/leds.o
 *fill*         0xa0000271        0x3 
 .sbss          0xa0000274        0x8 build/default/debug/_ext/1360937237/mainboard2.o
 *(.scommon)
 .scommon       0xa000027c        0x8 build/default/debug/_ext/60163342/plib_adc.o
                0xa000027c                ADC_CallbackObj
 .scommon       0xa0000284       0x10 build/default/debug/_ext/1171490990/initialization.o
                0xa0000284                hTOCumul
                0xa0000288                sysObj
                0xa000028c                hTimerDisplaySelection
                0xa0000290                hTimerOverPay
 .scommon       0xa0000294        0x0 build/default/debug/_ext/1171490990/interrupts.o
 .scommon       0xa0000294        0x0 build/default/debug/_ext/1171490990/exceptions.o
 .scommon       0xa0000294        0x4 build/default/debug/_ext/1171490990/tasks.o
                0xa0000294                xMAINBOARD2_Tasks
 .scommon       0xa0000298        0x0 build/default/debug/_ext/1360937237/audits.o
 .scommon       0xa0000298        0x0 build/default/debug/_ext/1360937237/parameters.o
 .scommon       0xa0000298        0x0 build/default/debug/_ext/1360937237/dataCommun.o
 .scommon       0xa0000298        0x8 build/default/debug/_ext/404212886/FreeRTOS_tasks.o
                0xa0000298                pxDelayedTaskList
                0xa000029c                pxOverflowDelayedTaskList
 .scommon       0xa00002a0        0x0 build/default/debug/_ext/659830161/MDB.o
 .scommon       0xa00002a0        0x0 build/default/debug/_ext/659830161/MDB_CG.o
 .scommon       0xa00002a0        0x0 build/default/debug/_ext/659830161/MDB_BV.o
 .scommon       0xa00002a0        0x0 build/default/debug/_ext/1360937237/hd44780.o
 .scommon       0xa00002a0        0x0 build/default/debug/_ext/1360937237/leds.o
 .scommon       0xa00002a0        0x0 build/default/debug/_ext/1360937237/DS18B20.o
 .scommon       0xa00002a0        0x0 build/default/debug/_ext/1360937237/contacts.o
 .scommon       0xa00002a0        0x0 build/default/debug/_ext/1360937237/main.o
 .scommon       0xa00002a0        0x0 build/default/debug/_ext/1360937237/mainboard2.o
                0xa00002a0                _sbss_end = .
                0xa00002a0                . = ALIGN (0x4)

.bss            0xa00002a0      0x2b8
 *(.dynbss)
 *(COMMON)
 COMMON         0xa00002a0        0xc build/default/debug/_ext/1171490990/initialization.o
                0xa00002a0                pcCom
 COMMON         0xa00002ac       0x50 build/default/debug/_ext/404212886/queue.o
                0xa00002ac                xQueueRegistry
 COMMON         0xa00002fc       0xc8 build/default/debug/_ext/404212886/FreeRTOS_tasks.o
                0xa00002fc                pxReadyTasksLists
                0xa0000360                xPendingReadyList
                0xa0000374                xSuspendedTaskList
                0xa0000388                xDelayedTaskList1
                0xa000039c                xTasksWaitingTermination
                0xa00003b0                xDelayedTaskList2
 COMMON         0xa00003c4       0x18 build/default/debug/_ext/659830161/MDB.o
                0xa00003c4                mdb
 COMMON         0xa00003dc       0x98 build/default/debug/_ext/659830161/MDB_CG.o
                0xa00003dc                changeGiver
 COMMON         0xa0000474       0x6a build/default/debug/_ext/659830161/MDB_BV.o
                0xa0000474                billValidator
 *fill*         0xa00004de        0x2 
 COMMON         0xa00004e0       0x10 build/default/debug/_ext/1360937237/leds.o
                0xa00004e0                leds
 COMMON         0xa00004f0       0x1c build/default/debug/_ext/1360937237/DS18B20.o
                0xa00004f0                ds18b20
 COMMON         0xa000050c       0x1c build/default/debug/_ext/1360937237/contacts.o
                0xa000050c                switchs
 COMMON         0xa0000528       0x18 build/default/debug/_ext/1360937237/moteurs.o
                0xa0000528                motors
 COMMON         0xa0000540       0x18 build/default/debug/_ext/1360937237/trap_security.o
                0xa0000540                adcs
                0xa0000558                . = ALIGN ((. != 0x0)?0x4:0x1)
                0xa0000558                . = ALIGN (0x4)
                0xa0000558                _end = .
                0xa0000558                _bss_end = .
                0x00020000                _bmxdudba_address = 0x20000
                0x00020000                _bmxdupba_address = 0x20000

/DISCARD/
 *(.pdr)
 *(.rel.dyn)
 *(.note.GNU-stack)
 *(.note.GNU-stack)
 *(.gnu_debuglink)
 *(.gnu.lto_*)
 *(.discard)

.gptab.sdata
 *(.gptab.data)
 *(.gptab.sdata)

.gptab.sbss
 *(.gptab.bss)
 *(.gptab.sbss)

.mdebug.abi32   0xa0000558        0x0
 *(.mdebug.abi32)
 .mdebug.abi32  0xa0000558        0x0 d:/program files (x86)/microchip/xc32/v2.30/bin/bin/../../lib/gcc/pic32mx/4.8.3/../../../../pic32mx/lib\software-debug-break.o
 .mdebug.abi32  0xa0000558        0x0 build/default/debug/_ext/897820976/drv_at24.o
 .mdebug.abi32  0xa0000558        0x0 build/default/debug/_ext/60163342/plib_adc.o
 .mdebug.abi32  0xa0000558        0x0 build/default/debug/_ext/60165520/plib_clk.o
 .mdebug.abi32  0xa0000558        0x0 build/default/debug/_ext/1865200349/plib_evic.o
 .mdebug.abi32  0xa0000558        0x0 build/default/debug/_ext/1865254177/plib_gpio.o
 .mdebug.abi32  0xa0000558        0x0 build/default/debug/_ext/60169480/plib_i2c1.o
 .mdebug.abi32  0xa0000558        0x0 build/default/debug/_ext/60176403/plib_nvm.o
 .mdebug.abi32  0xa0000558        0x0 build/default/debug/_ext/1865569570/plib_rcon.o
 .mdebug.abi32  0xa0000558        0x0 build/default/debug/_ext/1865657120/plib_uart3.o
 .mdebug.abi32  0xa0000558        0x0 build/default/debug/_ext/1865657120/plib_uart1.o
 .mdebug.abi32  0xa0000558        0x0 build/default/debug/_ext/14461671/sys_dma.o
 .mdebug.abi32  0xa0000558        0x0 build/default/debug/_ext/1881668453/sys_int.o
 .mdebug.abi32  0xa0000558        0x0 build/default/debug/_ext/1171490990/initialization.o
 .mdebug.abi32  0xa0000558        0x0 build/default/debug/_ext/1171490990/interrupts.o
 .mdebug.abi32  0xa0000558        0x0 build/default/debug/_ext/1171490990/exceptions.o
 .mdebug.abi32  0xa0000558        0x0 build/default/debug/_ext/1171490990/freertos_hooks.o
 .mdebug.abi32  0xa0000558        0x0 build/default/debug/_ext/1171490990/tasks.o
 .mdebug.abi32  0xa0000558        0x0 build/default/debug/_ext/1360937237/audits.o
 .mdebug.abi32  0xa0000558        0x0 build/default/debug/_ext/1360937237/parameters.o
 .mdebug.abi32  0xa0000558        0x0 build/default/debug/_ext/1360937237/dataCommun.o
 .mdebug.abi32  0xa0000558        0x0 build/default/debug/_ext/1665200909/heap_1.o
 .mdebug.abi32  0xa0000558        0x0 build/default/debug/_ext/951553248/port.o
 .mdebug.abi32  0xa0000558        0x0 build/default/debug/_ext/404212886/croutine.o
 .mdebug.abi32  0xa0000558        0x0 build/default/debug/_ext/404212886/list.o
 .mdebug.abi32  0xa0000558        0x0 build/default/debug/_ext/404212886/queue.o
 .mdebug.abi32  0xa0000558        0x0 build/default/debug/_ext/404212886/FreeRTOS_tasks.o
 .mdebug.abi32  0xa0000558        0x0 build/default/debug/_ext/404212886/timers.o
 .mdebug.abi32  0xa0000558        0x0 build/default/debug/_ext/404212886/event_groups.o
 .mdebug.abi32  0xa0000558        0x0 build/default/debug/_ext/404212886/stream_buffer.o
 .mdebug.abi32  0xa0000558        0x0 build/default/debug/_ext/659830161/MDB.o
 .mdebug.abi32  0xa0000558        0x0 build/default/debug/_ext/659830161/MDB_CG.o
 .mdebug.abi32  0xa0000558        0x0 build/default/debug/_ext/659830161/MDB_BV.o
 .mdebug.abi32  0xa0000558        0x0 build/default/debug/_ext/1529399856/osal_freertos.o
 .mdebug.abi32  0xa0000558        0x0 build/default/debug/_ext/1360937237/hd44780.o
 .mdebug.abi32  0xa0000558        0x0 build/default/debug/_ext/1360937237/delay_us.o
 .mdebug.abi32  0xa0000558        0x0 build/default/debug/_ext/1360937237/leds.o
 .mdebug.abi32  0xa0000558        0x0 build/default/debug/_ext/1360937237/DS18B20.o
 .mdebug.abi32  0xa0000558        0x0 build/default/debug/_ext/1360937237/contacts.o
 .mdebug.abi32  0xa0000558        0x0 build/default/debug/_ext/1360937237/moteurs.o
 .mdebug.abi32  0xa0000558        0x0 build/default/debug/_ext/1360937237/trap_security.o
 .mdebug.abi32  0xa0000558        0x0 build/default/debug/_ext/1360937237/main.o
 .mdebug.abi32  0xa0000558        0x0 build/default/debug/_ext/1360937237/mainboard2.o
 .mdebug.abi32  0xa0000558        0x0 d:/program files (x86)/microchip/xc32/v2.30/bin/bin/../../lib/gcc/pic32mx/4.8.3\libgcc.a(floatunsisf.o)
 .mdebug.abi32  0xa0000558        0x0 d:/program files (x86)/microchip/xc32/v2.30/bin/bin/../../lib/gcc/pic32mx/4.8.3/../../../../pic32mx/lib\libpic32.a(default-bootstrap-exception-handler.o)
 .mdebug.abi32  0xa0000558        0x0 d:/program files (x86)/microchip/xc32/v2.30/bin/bin/../../lib/gcc/pic32mx/4.8.3/../../../../pic32mx/lib\libpic32.a(default-on-reset.o)
 .mdebug.abi32  0xa0000558        0x0 d:/program files (x86)/microchip/xc32/v2.30/bin/bin/../../lib/gcc/pic32mx/4.8.3/../../../../pic32mx/lib\libpic32.a(default-on-bootstrap.o)
 .mdebug.abi32  0xa0000558        0x0 d:/program files (x86)/microchip/xc32/v2.30/bin/bin/../../lib/gcc/pic32mx/4.8.3/../../../../pic32mx/lib\libpic32.a(defaultinterrupt.o)
 .mdebug.abi32  0xa0000558        0x0 d:/program files (x86)/microchip/xc32/v2.30/bin/bin/../../lib/gcc/pic32mx/4.8.3/../../../../pic32mx/lib\libc.a(memmove.o)
 .mdebug.abi32  0xa0000558        0x0 d:/program files (x86)/microchip/xc32/v2.30/bin/bin/../../lib/gcc/pic32mx/4.8.3/../../../../pic32mx/lib\libc.a(vprintf.o)
 .mdebug.abi32  0xa0000558        0x0 d:/program files (x86)/microchip/xc32/v2.30/bin/bin/../../lib/gcc/pic32mx/4.8.3/../../../../pic32mx/lib\libc.a(_iob.o)
 .mdebug.abi32  0xa0000558        0x0 d:/program files (x86)/microchip/xc32/v2.30/bin/bin/../../lib/gcc/pic32mx/4.8.3/../../../../pic32mx/lib\libc.a(doprnt.o)
 .mdebug.abi32  0xa0000558        0x0 d:/program files (x86)/microchip/xc32/v2.30/bin/bin/../../lib/gcc/pic32mx/4.8.3/../../../../pic32mx/lib\libc.a(_fputc_simple.o)
 .mdebug.abi32  0xa0000558        0x0 d:/program files (x86)/microchip/xc32/v2.30/bin/bin/../../lib/gcc/pic32mx/4.8.3/../../../../pic32mx/lib\libc.a(ctype.o)
 .mdebug.abi32  0xa0000558        0x0 d:/program files (x86)/microchip/xc32/v2.30/bin/bin/../../lib/gcc/pic32mx/4.8.3/../../../../pic32mx/lib\libc.a(ldpowers.o)
 .mdebug.abi32  0xa0000558        0x0 d:/program files (x86)/microchip/xc32/v2.30/bin/bin/../../lib/gcc/pic32mx/4.8.3/../../../../pic32mx/lib\libc.a(_flsbuf_simple.o)
 .mdebug.abi32  0xa0000558        0x0 d:/program files (x86)/microchip/xc32/v2.30/bin/bin/../../lib/gcc/pic32mx/4.8.3/../../../../pic32mx/lib\libe.a(_fixunsdfdi.o)
 .mdebug.abi32  0xa0000558        0x0 d:/program files (x86)/microchip/xc32/v2.30/bin/bin/../../lib/gcc/pic32mx/4.8.3/../../../../pic32mx/lib\libe.a(_orderdf2.o)
 .mdebug.abi32  0xa0000558        0x0 d:/program files (x86)/microchip/xc32/v2.30/bin/bin/../../lib/gcc/pic32mx/4.8.3/../../../../pic32mx/lib\libe.a(_fixdfdi.o)
 .mdebug.abi32  0xa0000558        0x0 d:/program files (x86)/microchip/xc32/v2.30/bin/bin/../../lib/gcc/pic32mx/4.8.3\libgcc.a(_floatundidf.o)
 .mdebug.abi32  0xa0000558        0x0 d:/program files (x86)/microchip/xc32/v2.30/bin/bin/../../lib/gcc/pic32mx/4.8.3\libgcc.a(_udivdi3.o)
 .mdebug.abi32  0xa0000558        0x0 d:/program files (x86)/microchip/xc32/v2.30/bin/bin/../../lib/gcc/pic32mx/4.8.3\libgcc.a(_umoddi3.o)
 .mdebug.abi32  0xa0000558        0x0 d:/program files (x86)/microchip/xc32/v2.30/bin/bin/../../lib/gcc/pic32mx/4.8.3\libgcc.a(floatunsidf.o)
 .mdebug.abi32  0xa0000558        0x0 d:/program files (x86)/microchip/xc32/v2.30/bin/bin/../../lib/gcc/pic32mx/4.8.3/../../../../pic32mx/lib\libpic32.a(write.o)

.mdebug.abiN32
 *(.mdebug.abiN32)

.mdebug.abi64
 *(.mdebug.abi64)

.mdebug.abiO64
 *(.mdebug.abiO64)

.mdebug.eabi32
 *(.mdebug.eabi32)

.mdebug.eabi64
 *(.mdebug.eabi64)

.gcc_compiled_long32
 *(.gcc_compiled_long32)

.gcc_compiled_long64
 *(.gcc_compiled_long64)

.stab
 *(.stab)

.stabstr
 *(.stabstr)

.stab.excl
 *(.stab.excl)

.stab.exclstr
 *(.stab.exclstr)

.stab.index
 *(.stab.index)

.stab.indexstr
 *(.stab.indexstr)

.comment        0x00000000      0x1e1
 *(.comment)
 .comment       0x00000000       0x3c d:/program files (x86)/microchip/xc32/v2.30/bin/bin/../../lib/gcc/pic32mx/4.8.3/../../../../pic32mx/lib\software-debug-break.o
                                 0x3d (size before relaxing)
 .comment       0x00000000       0x3d build/default/debug/_ext/897820976/drv_at24.o
 .comment       0x00000000       0x3d build/default/debug/_ext/60163342/plib_adc.o
 .comment       0x00000000       0x3d build/default/debug/_ext/60165520/plib_clk.o
 .comment       0x00000000       0x3d build/default/debug/_ext/1865200349/plib_evic.o
 .comment       0x00000000       0x3d build/default/debug/_ext/1865254177/plib_gpio.o
 .comment       0x00000000       0x3d build/default/debug/_ext/60169480/plib_i2c1.o
 .comment       0x00000000       0x3d build/default/debug/_ext/60176403/plib_nvm.o
 .comment       0x00000000       0x3d build/default/debug/_ext/1865569570/plib_rcon.o
 .comment       0x00000000       0x3d build/default/debug/_ext/1865657120/plib_uart3.o
 .comment       0x00000000       0x3d build/default/debug/_ext/1865657120/plib_uart1.o
 .comment       0x00000000       0x3d build/default/debug/_ext/14461671/sys_dma.o
 .comment       0x00000000       0x3d build/default/debug/_ext/1881668453/sys_int.o
 .comment       0x00000000       0x3d build/default/debug/_ext/1171490990/initialization.o
 .comment       0x00000000       0x3d build/default/debug/_ext/1171490990/interrupts.o
 .comment       0x00000000       0x3d build/default/debug/_ext/1171490990/exceptions.o
 .comment       0x00000000       0x3d build/default/debug/_ext/1171490990/freertos_hooks.o
 .comment       0x00000000       0x3d build/default/debug/_ext/1171490990/tasks.o
 .comment       0x00000000       0x3d build/default/debug/_ext/1360937237/audits.o
 .comment       0x00000000       0x3d build/default/debug/_ext/1360937237/parameters.o
 .comment       0x00000000       0x3d build/default/debug/_ext/1360937237/dataCommun.o
 .comment       0x00000000       0x3d build/default/debug/_ext/1665200909/heap_1.o
 .comment       0x00000000       0x3d build/default/debug/_ext/951553248/port.o
 .comment       0x00000000       0x3d build/default/debug/_ext/404212886/croutine.o
 .comment       0x00000000       0x3d build/default/debug/_ext/404212886/list.o
 .comment       0x00000000       0x3d build/default/debug/_ext/404212886/queue.o
 .comment       0x00000000       0x3d build/default/debug/_ext/404212886/FreeRTOS_tasks.o
 .comment       0x00000000       0x3d build/default/debug/_ext/404212886/timers.o
 .comment       0x00000000       0x3d build/default/debug/_ext/404212886/event_groups.o
 .comment       0x00000000       0x3d build/default/debug/_ext/404212886/stream_buffer.o
 .comment       0x00000000       0x3d build/default/debug/_ext/659830161/MDB.o
 .comment       0x00000000       0x3d build/default/debug/_ext/659830161/MDB_CG.o
 .comment       0x00000000       0x3d build/default/debug/_ext/659830161/MDB_BV.o
 .comment       0x00000000       0x3d build/default/debug/_ext/1529399856/osal_freertos.o
 .comment       0x00000000       0x3d build/default/debug/_ext/1360937237/hd44780.o
 .comment       0x00000000       0x3d build/default/debug/_ext/1360937237/delay_us.o
 .comment       0x00000000       0x3d build/default/debug/_ext/1360937237/leds.o
 .comment       0x00000000       0x3d build/default/debug/_ext/1360937237/DS18B20.o
 .comment       0x00000000       0x3d build/default/debug/_ext/1360937237/contacts.o
 .comment       0x00000000       0x3d build/default/debug/_ext/1360937237/moteurs.o
 .comment       0x00000000       0x3d build/default/debug/_ext/1360937237/trap_security.o
 .comment       0x00000000       0x3d build/default/debug/_ext/1360937237/main.o
 .comment       0x00000000       0x3d build/default/debug/_ext/1360937237/mainboard2.o
 .comment       0x00000000       0x3d d:/program files (x86)/microchip/xc32/v2.30/bin/bin/../../lib/gcc/pic32mx/4.8.3\libgcc.a(floatunsisf.o)
 .comment       0x0000003c       0x18 d:/program files (x86)/microchip/xc32/v2.30/bin/bin/../../lib/gcc/pic32mx/4.8.3/../../../../pic32mx/lib\libpic32.a(memset.o)
                                 0x19 (size before relaxing)
 .comment       0x00000000       0x3d d:/program files (x86)/microchip/xc32/v2.30/bin/bin/../../lib/gcc/pic32mx/4.8.3/../../../../pic32mx/lib\libpic32.a(default-bootstrap-exception-handler.o)
 .comment       0x00000000       0x3d d:/program files (x86)/microchip/xc32/v2.30/bin/bin/../../lib/gcc/pic32mx/4.8.3/../../../../pic32mx/lib\libpic32.a(default-on-reset.o)
 .comment       0x00000000       0x3d d:/program files (x86)/microchip/xc32/v2.30/bin/bin/../../lib/gcc/pic32mx/4.8.3/../../../../pic32mx/lib\libpic32.a(default-on-bootstrap.o)
 .comment       0x00000000       0x3d d:/program files (x86)/microchip/xc32/v2.30/bin/bin/../../lib/gcc/pic32mx/4.8.3/../../../../pic32mx/lib\libpic32.a(defaultinterrupt.o)
 .comment       0x00000000       0x3d d:/program files (x86)/microchip/xc32/v2.30/bin/bin/../../lib/gcc/pic32mx/4.8.3/../../../../pic32mx/lib\libc.a(memmove.o)
 .comment       0x00000000       0x3d d:/program files (x86)/microchip/xc32/v2.30/bin/bin/../../lib/gcc/pic32mx/4.8.3/../../../../pic32mx/lib\libc.a(vprintf.o)
 .comment       0x00000000       0x3d d:/program files (x86)/microchip/xc32/v2.30/bin/bin/../../lib/gcc/pic32mx/4.8.3/../../../../pic32mx/lib\libc.a(_iob.o)
 .comment       0x00000000       0x3d d:/program files (x86)/microchip/xc32/v2.30/bin/bin/../../lib/gcc/pic32mx/4.8.3/../../../../pic32mx/lib\libc.a(doprnt.o)
 .comment       0x00000000       0x3d d:/program files (x86)/microchip/xc32/v2.30/bin/bin/../../lib/gcc/pic32mx/4.8.3/../../../../pic32mx/lib\libc.a(_fputc_simple.o)
 .comment       0x00000054       0x4e d:/program files (x86)/microchip/xc32/v2.30/bin/bin/../../lib/gcc/pic32mx/4.8.3/../../../../pic32mx/lib\libc.a(ctype.o)
                                 0x8b (size before relaxing)
 .comment       0x00000000       0x3d d:/program files (x86)/microchip/xc32/v2.30/bin/bin/../../lib/gcc/pic32mx/4.8.3/../../../../pic32mx/lib\libc.a(ldpowers.o)
 .comment       0x00000000       0x3d d:/program files (x86)/microchip/xc32/v2.30/bin/bin/../../lib/gcc/pic32mx/4.8.3/../../../../pic32mx/lib\libc.a(_flsbuf_simple.o)
 .comment       0x000000a2       0x9f d:/program files (x86)/microchip/xc32/v2.30/bin/bin/../../lib/gcc/pic32mx/4.8.3/../../../../pic32mx/lib\libe.a(_fixunsdfdi.o)
                                 0xdc (size before relaxing)
 .comment       0x00000141       0x50 d:/program files (x86)/microchip/xc32/v2.30/bin/bin/../../lib/gcc/pic32mx/4.8.3/../../../../pic32mx/lib\libe.a(_orderdf2.o)
                                 0xdb (size before relaxing)
 .comment       0x00000191       0x50 d:/program files (x86)/microchip/xc32/v2.30/bin/bin/../../lib/gcc/pic32mx/4.8.3/../../../../pic32mx/lib\libe.a(_fixdfdi.o)
                                 0xdb (size before relaxing)
 .comment       0x00000000       0x3d d:/program files (x86)/microchip/xc32/v2.30/bin/bin/../../lib/gcc/pic32mx/4.8.3\libgcc.a(_floatundidf.o)
 .comment       0x00000000       0x3d d:/program files (x86)/microchip/xc32/v2.30/bin/bin/../../lib/gcc/pic32mx/4.8.3\libgcc.a(_udivdi3.o)
 .comment       0x00000000       0x3d d:/program files (x86)/microchip/xc32/v2.30/bin/bin/../../lib/gcc/pic32mx/4.8.3\libgcc.a(_umoddi3.o)
 .comment       0x00000000       0x3d d:/program files (x86)/microchip/xc32/v2.30/bin/bin/../../lib/gcc/pic32mx/4.8.3\libgcc.a(floatunsidf.o)
 .comment       0x00000000       0x3d d:/program files (x86)/microchip/xc32/v2.30/bin/bin/../../lib/gcc/pic32mx/4.8.3/../../../../pic32mx/lib\libpic32.a(write.o)

.debug
 *(.debug)

.line
 *(.line)

.debug_srcinfo
 *(.debug_srcinfo)

.debug_sfnames
 *(.debug_sfnames)

.debug_aranges  0x00000000     0x1458
 *(.debug_aranges)
 .debug_aranges
                0x00000000       0x20 d:/program files (x86)/microchip/xc32/v2.30/bin/bin/../../lib/gcc/pic32mx/4.8.3/../../../../pic32mx/lib\software-debug-break.o
 .debug_aranges
                0x00000020       0x88 build/default/debug/_ext/897820976/drv_at24.o
 .debug_aranges
                0x000000a8       0x70 build/default/debug/_ext/60163342/plib_adc.o
 .debug_aranges
                0x00000118       0x20 build/default/debug/_ext/60165520/plib_clk.o
 .debug_aranges
                0x00000138       0x50 build/default/debug/_ext/1865200349/plib_evic.o
 .debug_aranges
                0x00000188       0x60 build/default/debug/_ext/1865254177/plib_gpio.o
 .debug_aranges
                0x000001e8       0x78 build/default/debug/_ext/60169480/plib_i2c1.o
 .debug_aranges
                0x00000260       0x50 build/default/debug/_ext/60176403/plib_nvm.o
 .debug_aranges
                0x000002b0       0x30 build/default/debug/_ext/1865569570/plib_rcon.o
 .debug_aranges
                0x000002e0       0x70 build/default/debug/_ext/1865657120/plib_uart3.o
 .debug_aranges
                0x00000350       0x70 build/default/debug/_ext/1865657120/plib_uart1.o
 .debug_aranges
                0x000003c0       0x30 build/default/debug/_ext/14461671/sys_dma.o
 .debug_aranges
                0x000003f0       0x40 build/default/debug/_ext/1881668453/sys_int.o
 .debug_aranges
                0x00000430       0x20 build/default/debug/_ext/1171490990/initialization.o
 .debug_aranges
                0x00000450       0x28 build/default/debug/_ext/1171490990/interrupts.o
 .debug_aranges
                0x00000478       0x38 build/default/debug/_ext/1171490990/interrupts_a.o
 .debug_aranges
                0x000004b0       0x20 build/default/debug/_ext/1171490990/exceptions.o
 .debug_aranges
                0x000004d0       0x40 build/default/debug/_ext/1171490990/freertos_hooks.o
 .debug_aranges
                0x00000510       0x28 build/default/debug/_ext/1171490990/tasks.o
 .debug_aranges
                0x00000538       0x50 build/default/debug/_ext/1360937237/audits.o
 .debug_aranges
                0x00000588       0x70 build/default/debug/_ext/1360937237/parameters.o
 .debug_aranges
                0x000005f8       0x30 build/default/debug/_ext/1360937237/dataCommun.o
 .debug_aranges
                0x00000628       0x38 build/default/debug/_ext/1665200909/heap_1.o
 .debug_aranges
                0x00000660       0x58 build/default/debug/_ext/951553248/port.o
 .debug_aranges
                0x000006b8       0x20 build/default/debug/_ext/951553248/port_asm.o
 .debug_aranges
                0x000006d8       0x18 build/default/debug/_ext/404212886/croutine.o
 .debug_aranges
                0x000006f0       0x40 build/default/debug/_ext/404212886/list.o
 .debug_aranges
                0x00000730      0x138 build/default/debug/_ext/404212886/queue.o
 .debug_aranges
                0x00000868      0x1b0 build/default/debug/_ext/404212886/FreeRTOS_tasks.o
 .debug_aranges
                0x00000a18       0xc0 build/default/debug/_ext/404212886/timers.o
 .debug_aranges
                0x00000ad8       0x68 build/default/debug/_ext/404212886/event_groups.o
 .debug_aranges
                0x00000b40       0xc0 build/default/debug/_ext/404212886/stream_buffer.o
 .debug_aranges
                0x00000c00       0xa0 build/default/debug/_ext/659830161/MDB.o
 .debug_aranges
                0x00000ca0       0xb8 build/default/debug/_ext/659830161/MDB_CG.o
 .debug_aranges
                0x00000d58       0x88 build/default/debug/_ext/659830161/MDB_BV.o
 .debug_aranges
                0x00000de0       0x80 build/default/debug/_ext/1529399856/osal_freertos.o
 .debug_aranges
                0x00000e60       0xe0 build/default/debug/_ext/1360937237/hd44780.o
 .debug_aranges
                0x00000f40       0x20 build/default/debug/_ext/1360937237/delay_us.o
 .debug_aranges
                0x00000f60       0x40 build/default/debug/_ext/1360937237/leds.o
 .debug_aranges
                0x00000fa0       0x78 build/default/debug/_ext/1360937237/DS18B20.o
 .debug_aranges
                0x00001018       0x80 build/default/debug/_ext/1360937237/contacts.o
 .debug_aranges
                0x00001098       0x68 build/default/debug/_ext/1360937237/moteurs.o
 .debug_aranges
                0x00001100       0x38 build/default/debug/_ext/1360937237/trap_security.o
 .debug_aranges
                0x00001138       0x20 build/default/debug/_ext/1360937237/main.o
 .debug_aranges
                0x00001158       0x70 build/default/debug/_ext/1360937237/mainboard2.o
 .debug_aranges
                0x000011c8       0x40 C:\Users\ADMINI~1\AppData\Local\Temp\cc3xLHuC.o
 .debug_aranges
                0x00001208       0x20 d:/program files (x86)/microchip/xc32/v2.30/bin/bin/../../lib/gcc/pic32mx/4.8.3\libgcc.a(floatunsisf.o)
 .debug_aranges
                0x00001228       0x20 d:/program files (x86)/microchip/xc32/v2.30/bin/bin/../../lib/gcc/pic32mx/4.8.3/../../../../pic32mx/lib\libpic32.a(default-bootstrap-exception-handler.o)
 .debug_aranges
                0x00001248       0x20 d:/program files (x86)/microchip/xc32/v2.30/bin/bin/../../lib/gcc/pic32mx/4.8.3/../../../../pic32mx/lib\libpic32.a(default-on-reset.o)
 .debug_aranges
                0x00001268       0x20 d:/program files (x86)/microchip/xc32/v2.30/bin/bin/../../lib/gcc/pic32mx/4.8.3/../../../../pic32mx/lib\libpic32.a(default-on-bootstrap.o)
 .debug_aranges
                0x00001288       0x20 d:/program files (x86)/microchip/xc32/v2.30/bin/bin/../../lib/gcc/pic32mx/4.8.3/../../../../pic32mx/lib\libpic32.a(defaultinterrupt.o)
 .debug_aranges
                0x000012a8       0x20 d:/program files (x86)/microchip/xc32/v2.30/bin/bin/../../lib/gcc/pic32mx/4.8.3/../../../../pic32mx/lib\libc.a(memmove.o)
 .debug_aranges
                0x000012c8       0x20 d:/program files (x86)/microchip/xc32/v2.30/bin/bin/../../lib/gcc/pic32mx/4.8.3/../../../../pic32mx/lib\libc.a(vprintf.o)
 .debug_aranges
                0x000012e8       0x30 d:/program files (x86)/microchip/xc32/v2.30/bin/bin/../../lib/gcc/pic32mx/4.8.3/../../../../pic32mx/lib\libc.a(doprnt.o)
 .debug_aranges
                0x00001318       0x20 d:/program files (x86)/microchip/xc32/v2.30/bin/bin/../../lib/gcc/pic32mx/4.8.3/../../../../pic32mx/lib\libc.a(_fputc_simple.o)
 .debug_aranges
                0x00001338       0x20 d:/program files (x86)/microchip/xc32/v2.30/bin/bin/../../lib/gcc/pic32mx/4.8.3/../../../../pic32mx/lib\libc.a(_flsbuf_simple.o)
 .debug_aranges
                0x00001358       0x20 d:/program files (x86)/microchip/xc32/v2.30/bin/bin/../../lib/gcc/pic32mx/4.8.3/../../../../pic32mx/lib\libe.a(_fixunsdfdi.o)
 .debug_aranges
                0x00001378       0x20 d:/program files (x86)/microchip/xc32/v2.30/bin/bin/../../lib/gcc/pic32mx/4.8.3/../../../../pic32mx/lib\libe.a(_orderdf2.o)
 .debug_aranges
                0x00001398       0x20 d:/program files (x86)/microchip/xc32/v2.30/bin/bin/../../lib/gcc/pic32mx/4.8.3/../../../../pic32mx/lib\libe.a(_fixdfdi.o)
 .debug_aranges
                0x000013b8       0x20 d:/program files (x86)/microchip/xc32/v2.30/bin/bin/../../lib/gcc/pic32mx/4.8.3\libgcc.a(_floatundidf.o)
 .debug_aranges
                0x000013d8       0x20 d:/program files (x86)/microchip/xc32/v2.30/bin/bin/../../lib/gcc/pic32mx/4.8.3\libgcc.a(_udivdi3.o)
 .debug_aranges
                0x000013f8       0x20 d:/program files (x86)/microchip/xc32/v2.30/bin/bin/../../lib/gcc/pic32mx/4.8.3\libgcc.a(_umoddi3.o)
 .debug_aranges
                0x00001418       0x20 d:/program files (x86)/microchip/xc32/v2.30/bin/bin/../../lib/gcc/pic32mx/4.8.3\libgcc.a(floatunsidf.o)
 .debug_aranges
                0x00001438       0x20 d:/program files (x86)/microchip/xc32/v2.30/bin/bin/../../lib/gcc/pic32mx/4.8.3/../../../../pic32mx/lib\libpic32.a(write.o)

.debug_pubnames
 *(.debug_pubnames)

.debug_info     0x00000000    0x22c0b
 *(.debug_info .gnu.linkonce.wi.*)
 .debug_info    0x00000000       0xe3 d:/program files (x86)/microchip/xc32/v2.30/bin/bin/../../lib/gcc/pic32mx/4.8.3/../../../../pic32mx/lib\software-debug-break.o
 .debug_info    0x000000e3     0x104e build/default/debug/_ext/897820976/drv_at24.o
 .debug_info    0x00001131     0x10cb build/default/debug/_ext/60163342/plib_adc.o
 .debug_info    0x000021fc      0x283 build/default/debug/_ext/60165520/plib_clk.o
 .debug_info    0x0000247f      0xba0 build/default/debug/_ext/1865200349/plib_evic.o
 .debug_info    0x0000301f      0x787 build/default/debug/_ext/1865254177/plib_gpio.o
 .debug_info    0x000037a6      0x991 build/default/debug/_ext/60169480/plib_i2c1.o
 .debug_info    0x00004137      0x791 build/default/debug/_ext/60176403/plib_nvm.o
 .debug_info    0x000048c8      0x370 build/default/debug/_ext/1865569570/plib_rcon.o
 .debug_info    0x00004c38      0x828 build/default/debug/_ext/1865657120/plib_uart3.o
 .debug_info    0x00005460      0x828 build/default/debug/_ext/1865657120/plib_uart1.o
 .debug_info    0x00005c88      0x50c build/default/debug/_ext/14461671/sys_dma.o
 .debug_info    0x00006194      0xb25 build/default/debug/_ext/1881668453/sys_int.o
 .debug_info    0x00006cb9      0xaa7 build/default/debug/_ext/1171490990/initialization.o
 .debug_info    0x00007760      0x3ee build/default/debug/_ext/1171490990/interrupts.o
 .debug_info    0x00007b4e       0x8d build/default/debug/_ext/1171490990/interrupts_a.o
 .debug_info    0x00007bdb      0x390 build/default/debug/_ext/1171490990/exceptions.o
 .debug_info    0x00007f6b      0x366 build/default/debug/_ext/1171490990/freertos_hooks.o
 .debug_info    0x000082d1      0x4d2 build/default/debug/_ext/1171490990/tasks.o
 .debug_info    0x000087a3     0x1137 build/default/debug/_ext/1360937237/audits.o
 .debug_info    0x000098da      0xe71 build/default/debug/_ext/1360937237/parameters.o
 .debug_info    0x0000a74b      0x7ec build/default/debug/_ext/1360937237/dataCommun.o
 .debug_info    0x0000af37      0x342 build/default/debug/_ext/1665200909/heap_1.o
 .debug_info    0x0000b279      0xe37 build/default/debug/_ext/951553248/port.o
 .debug_info    0x0000c0b0       0xb6 build/default/debug/_ext/951553248/port_asm.o
 .debug_info    0x0000c166      0x168 build/default/debug/_ext/404212886/croutine.o
 .debug_info    0x0000c2ce      0x47d build/default/debug/_ext/404212886/list.o
 .debug_info    0x0000c74b     0x2656 build/default/debug/_ext/404212886/queue.o
 .debug_info    0x0000eda1     0x2b62 build/default/debug/_ext/404212886/FreeRTOS_tasks.o
 .debug_info    0x00011903     0x168e build/default/debug/_ext/404212886/timers.o
 .debug_info    0x00012f91      0xd66 build/default/debug/_ext/404212886/event_groups.o
 .debug_info    0x00013cf7     0x1880 build/default/debug/_ext/404212886/stream_buffer.o
 .debug_info    0x00015577     0x13d1 build/default/debug/_ext/659830161/MDB.o
 .debug_info    0x00016948     0x1c8b build/default/debug/_ext/659830161/MDB_CG.o
 .debug_info    0x000185d3     0x11ae build/default/debug/_ext/659830161/MDB_BV.o
 .debug_info    0x00019781      0xa46 build/default/debug/_ext/1529399856/osal_freertos.o
 .debug_info    0x0001a1c7     0x1740 build/default/debug/_ext/1360937237/hd44780.o
 .debug_info    0x0001b907      0x1a8 build/default/debug/_ext/1360937237/delay_us.o
 .debug_info    0x0001baaf      0x7cf build/default/debug/_ext/1360937237/leds.o
 .debug_info    0x0001c27e      0xc8f build/default/debug/_ext/1360937237/DS18B20.o
 .debug_info    0x0001cf0d      0xbae build/default/debug/_ext/1360937237/contacts.o
 .debug_info    0x0001dabb      0x7b5 build/default/debug/_ext/1360937237/moteurs.o
 .debug_info    0x0001e270      0xd44 build/default/debug/_ext/1360937237/trap_security.o
 .debug_info    0x0001efb4      0x365 build/default/debug/_ext/1360937237/main.o
 .debug_info    0x0001f319     0x1a1e build/default/debug/_ext/1360937237/mainboard2.o
 .debug_info    0x00020d37       0xce C:\Users\ADMINI~1\AppData\Local\Temp\cc3xLHuC.o
 .debug_info    0x00020e05      0x129 d:/program files (x86)/microchip/xc32/v2.30/bin/bin/../../lib/gcc/pic32mx/4.8.3\libgcc.a(floatunsisf.o)
 .debug_info    0x00020f2e       0xf4 d:/program files (x86)/microchip/xc32/v2.30/bin/bin/../../lib/gcc/pic32mx/4.8.3/../../../../pic32mx/lib\libpic32.a(default-bootstrap-exception-handler.o)
 .debug_info    0x00021022       0xcd d:/program files (x86)/microchip/xc32/v2.30/bin/bin/../../lib/gcc/pic32mx/4.8.3/../../../../pic32mx/lib\libpic32.a(default-on-reset.o)
 .debug_info    0x000210ef       0xd5 d:/program files (x86)/microchip/xc32/v2.30/bin/bin/../../lib/gcc/pic32mx/4.8.3/../../../../pic32mx/lib\libpic32.a(default-on-bootstrap.o)
 .debug_info    0x000211c4       0xe7 d:/program files (x86)/microchip/xc32/v2.30/bin/bin/../../lib/gcc/pic32mx/4.8.3/../../../../pic32mx/lib\libpic32.a(defaultinterrupt.o)
 .debug_info    0x000212ab       0xc6 d:/program files (x86)/microchip/xc32/v2.30/bin/bin/../../lib/gcc/pic32mx/4.8.3/../../../../pic32mx/lib\libc.a(memmove.o)
 .debug_info    0x00021371       0xc6 d:/program files (x86)/microchip/xc32/v2.30/bin/bin/../../lib/gcc/pic32mx/4.8.3/../../../../pic32mx/lib\libc.a(vprintf.o)
 .debug_info    0x00021437       0xfe d:/program files (x86)/microchip/xc32/v2.30/bin/bin/../../lib/gcc/pic32mx/4.8.3/../../../../pic32mx/lib\libc.a(doprnt.o)
 .debug_info    0x00021535       0xc2 d:/program files (x86)/microchip/xc32/v2.30/bin/bin/../../lib/gcc/pic32mx/4.8.3/../../../../pic32mx/lib\libc.a(_fputc_simple.o)
 .debug_info    0x000215f7       0xc5 d:/program files (x86)/microchip/xc32/v2.30/bin/bin/../../lib/gcc/pic32mx/4.8.3/../../../../pic32mx/lib\libc.a(_flsbuf_simple.o)
 .debug_info    0x000216bc       0xce d:/program files (x86)/microchip/xc32/v2.30/bin/bin/../../lib/gcc/pic32mx/4.8.3/../../../../pic32mx/lib\libe.a(_fixunsdfdi.o)
 .debug_info    0x0002178a       0xba d:/program files (x86)/microchip/xc32/v2.30/bin/bin/../../lib/gcc/pic32mx/4.8.3/../../../../pic32mx/lib\libe.a(_orderdf2.o)
 .debug_info    0x00021844       0xb9 d:/program files (x86)/microchip/xc32/v2.30/bin/bin/../../lib/gcc/pic32mx/4.8.3/../../../../pic32mx/lib\libe.a(_fixdfdi.o)
 .debug_info    0x000218fd      0x245 d:/program files (x86)/microchip/xc32/v2.30/bin/bin/../../lib/gcc/pic32mx/4.8.3\libgcc.a(_floatundidf.o)
 .debug_info    0x00021b42      0x74b d:/program files (x86)/microchip/xc32/v2.30/bin/bin/../../lib/gcc/pic32mx/4.8.3\libgcc.a(_udivdi3.o)
 .debug_info    0x0002228d      0x788 d:/program files (x86)/microchip/xc32/v2.30/bin/bin/../../lib/gcc/pic32mx/4.8.3\libgcc.a(_umoddi3.o)
 .debug_info    0x00022a15      0x137 d:/program files (x86)/microchip/xc32/v2.30/bin/bin/../../lib/gcc/pic32mx/4.8.3\libgcc.a(floatunsidf.o)
 .debug_info    0x00022b4c       0xbf d:/program files (x86)/microchip/xc32/v2.30/bin/bin/../../lib/gcc/pic32mx/4.8.3/../../../../pic32mx/lib\libpic32.a(write.o)

.debug_abbrev   0x00000000     0x5231
 *(.debug_abbrev)
 .debug_abbrev  0x00000000       0x28 d:/program files (x86)/microchip/xc32/v2.30/bin/bin/../../lib/gcc/pic32mx/4.8.3/../../../../pic32mx/lib\software-debug-break.o
 .debug_abbrev  0x00000028      0x26b build/default/debug/_ext/897820976/drv_at24.o
 .debug_abbrev  0x00000293      0x1ab build/default/debug/_ext/60163342/plib_adc.o
 .debug_abbrev  0x0000043e       0x6f build/default/debug/_ext/60165520/plib_clk.o
 .debug_abbrev  0x000004ad       0xd1 build/default/debug/_ext/1865200349/plib_evic.o
 .debug_abbrev  0x0000057e      0x143 build/default/debug/_ext/1865254177/plib_gpio.o
 .debug_abbrev  0x000006c1      0x1be build/default/debug/_ext/60169480/plib_i2c1.o
 .debug_abbrev  0x0000087f      0x19b build/default/debug/_ext/60176403/plib_nvm.o
 .debug_abbrev  0x00000a1a       0xb7 build/default/debug/_ext/1865569570/plib_rcon.o
 .debug_abbrev  0x00000ad1      0x190 build/default/debug/_ext/1865657120/plib_uart3.o
 .debug_abbrev  0x00000c61      0x190 build/default/debug/_ext/1865657120/plib_uart1.o
 .debug_abbrev  0x00000df1       0xa6 build/default/debug/_ext/14461671/sys_dma.o
 .debug_abbrev  0x00000e97      0x123 build/default/debug/_ext/1881668453/sys_int.o
 .debug_abbrev  0x00000fba      0x1c6 build/default/debug/_ext/1171490990/initialization.o
 .debug_abbrev  0x00001180      0x113 build/default/debug/_ext/1171490990/interrupts.o
 .debug_abbrev  0x00001293       0x12 build/default/debug/_ext/1171490990/interrupts_a.o
 .debug_abbrev  0x000012a5       0xf2 build/default/debug/_ext/1171490990/exceptions.o
 .debug_abbrev  0x00001397       0xe1 build/default/debug/_ext/1171490990/freertos_hooks.o
 .debug_abbrev  0x00001478      0x132 build/default/debug/_ext/1171490990/tasks.o
 .debug_abbrev  0x000015aa      0x27f build/default/debug/_ext/1360937237/audits.o
 .debug_abbrev  0x00001829      0x27f build/default/debug/_ext/1360937237/parameters.o
 .debug_abbrev  0x00001aa8      0x1ae build/default/debug/_ext/1360937237/dataCommun.o
 .debug_abbrev  0x00001c56      0x123 build/default/debug/_ext/1665200909/heap_1.o
 .debug_abbrev  0x00001d79      0x291 build/default/debug/_ext/951553248/port.o
 .debug_abbrev  0x0000200a       0x14 build/default/debug/_ext/951553248/port_asm.o
 .debug_abbrev  0x0000201e       0x1b build/default/debug/_ext/404212886/croutine.o
 .debug_abbrev  0x00002039       0xe9 build/default/debug/_ext/404212886/list.o
 .debug_abbrev  0x00002122      0x2b6 build/default/debug/_ext/404212886/queue.o
 .debug_abbrev  0x000023d8      0x2c0 build/default/debug/_ext/404212886/FreeRTOS_tasks.o
 .debug_abbrev  0x00002698      0x2d6 build/default/debug/_ext/404212886/timers.o
 .debug_abbrev  0x0000296e      0x246 build/default/debug/_ext/404212886/event_groups.o
 .debug_abbrev  0x00002bb4      0x2b7 build/default/debug/_ext/404212886/stream_buffer.o
 .debug_abbrev  0x00002e6b      0x315 build/default/debug/_ext/659830161/MDB.o
 .debug_abbrev  0x00003180      0x366 build/default/debug/_ext/659830161/MDB_CG.o
 .debug_abbrev  0x000034e6      0x317 build/default/debug/_ext/659830161/MDB_BV.o
 .debug_abbrev  0x000037fd      0x1e6 build/default/debug/_ext/1529399856/osal_freertos.o
 .debug_abbrev  0x000039e3      0x2bd build/default/debug/_ext/1360937237/hd44780.o
 .debug_abbrev  0x00003ca0       0x6d build/default/debug/_ext/1360937237/delay_us.o
 .debug_abbrev  0x00003d0d      0x20c build/default/debug/_ext/1360937237/leds.o
 .debug_abbrev  0x00003f19      0x2ec build/default/debug/_ext/1360937237/DS18B20.o
 .debug_abbrev  0x00004205      0x2d3 build/default/debug/_ext/1360937237/contacts.o
 .debug_abbrev  0x000044d8      0x1f9 build/default/debug/_ext/1360937237/moteurs.o
 .debug_abbrev  0x000046d1      0x1b1 build/default/debug/_ext/1360937237/trap_security.o
 .debug_abbrev  0x00004882      0x10d build/default/debug/_ext/1360937237/main.o
 .debug_abbrev  0x0000498f      0x2b5 build/default/debug/_ext/1360937237/mainboard2.o
 .debug_abbrev  0x00004c44       0x12 C:\Users\ADMINI~1\AppData\Local\Temp\cc3xLHuC.o
 .debug_abbrev  0x00004c56       0x62 d:/program files (x86)/microchip/xc32/v2.30/bin/bin/../../lib/gcc/pic32mx/4.8.3\libgcc.a(floatunsisf.o)
 .debug_abbrev  0x00004cb8       0x28 d:/program files (x86)/microchip/xc32/v2.30/bin/bin/../../lib/gcc/pic32mx/4.8.3/../../../../pic32mx/lib\libpic32.a(default-bootstrap-exception-handler.o)
 .debug_abbrev  0x00004ce0       0x28 d:/program files (x86)/microchip/xc32/v2.30/bin/bin/../../lib/gcc/pic32mx/4.8.3/../../../../pic32mx/lib\libpic32.a(default-on-reset.o)
 .debug_abbrev  0x00004d08       0x28 d:/program files (x86)/microchip/xc32/v2.30/bin/bin/../../lib/gcc/pic32mx/4.8.3/../../../../pic32mx/lib\libpic32.a(default-on-bootstrap.o)
 .debug_abbrev  0x00004d30       0x28 d:/program files (x86)/microchip/xc32/v2.30/bin/bin/../../lib/gcc/pic32mx/4.8.3/../../../../pic32mx/lib\libpic32.a(defaultinterrupt.o)
 .debug_abbrev  0x00004d58       0x28 d:/program files (x86)/microchip/xc32/v2.30/bin/bin/../../lib/gcc/pic32mx/4.8.3/../../../../pic32mx/lib\libc.a(memmove.o)
 .debug_abbrev  0x00004d80       0x28 d:/program files (x86)/microchip/xc32/v2.30/bin/bin/../../lib/gcc/pic32mx/4.8.3/../../../../pic32mx/lib\libc.a(vprintf.o)
 .debug_abbrev  0x00004da8       0x45 d:/program files (x86)/microchip/xc32/v2.30/bin/bin/../../lib/gcc/pic32mx/4.8.3/../../../../pic32mx/lib\libc.a(doprnt.o)
 .debug_abbrev  0x00004ded       0x28 d:/program files (x86)/microchip/xc32/v2.30/bin/bin/../../lib/gcc/pic32mx/4.8.3/../../../../pic32mx/lib\libc.a(_fputc_simple.o)
 .debug_abbrev  0x00004e15       0x28 d:/program files (x86)/microchip/xc32/v2.30/bin/bin/../../lib/gcc/pic32mx/4.8.3/../../../../pic32mx/lib\libc.a(_flsbuf_simple.o)
 .debug_abbrev  0x00004e3d       0x37 d:/program files (x86)/microchip/xc32/v2.30/bin/bin/../../lib/gcc/pic32mx/4.8.3/../../../../pic32mx/lib\libe.a(_fixunsdfdi.o)
 .debug_abbrev  0x00004e74       0x28 d:/program files (x86)/microchip/xc32/v2.30/bin/bin/../../lib/gcc/pic32mx/4.8.3/../../../../pic32mx/lib\libe.a(_orderdf2.o)
 .debug_abbrev  0x00004e9c       0x28 d:/program files (x86)/microchip/xc32/v2.30/bin/bin/../../lib/gcc/pic32mx/4.8.3/../../../../pic32mx/lib\libe.a(_fixdfdi.o)
 .debug_abbrev  0x00004ec4       0x64 d:/program files (x86)/microchip/xc32/v2.30/bin/bin/../../lib/gcc/pic32mx/4.8.3\libgcc.a(_floatundidf.o)
 .debug_abbrev  0x00004f28      0x138 d:/program files (x86)/microchip/xc32/v2.30/bin/bin/../../lib/gcc/pic32mx/4.8.3\libgcc.a(_udivdi3.o)
 .debug_abbrev  0x00005060      0x147 d:/program files (x86)/microchip/xc32/v2.30/bin/bin/../../lib/gcc/pic32mx/4.8.3\libgcc.a(_umoddi3.o)
 .debug_abbrev  0x000051a7       0x62 d:/program files (x86)/microchip/xc32/v2.30/bin/bin/../../lib/gcc/pic32mx/4.8.3\libgcc.a(floatunsidf.o)
 .debug_abbrev  0x00005209       0x28 d:/program files (x86)/microchip/xc32/v2.30/bin/bin/../../lib/gcc/pic32mx/4.8.3/../../../../pic32mx/lib\libpic32.a(write.o)

.debug_line     0x00000000     0x9f82
 *(.debug_line)
 .debug_line    0x00000000       0x99 d:/program files (x86)/microchip/xc32/v2.30/bin/bin/../../lib/gcc/pic32mx/4.8.3/../../../../pic32mx/lib\software-debug-break.o
 .debug_line    0x00000099      0x45c build/default/debug/_ext/897820976/drv_at24.o
 .debug_line    0x000004f5      0x236 build/default/debug/_ext/60163342/plib_adc.o
 .debug_line    0x0000072b      0x16f build/default/debug/_ext/60165520/plib_clk.o
 .debug_line    0x0000089a      0x1f9 build/default/debug/_ext/1865200349/plib_evic.o
 .debug_line    0x00000a93      0x233 build/default/debug/_ext/1865254177/plib_gpio.o
 .debug_line    0x00000cc6      0x37b build/default/debug/_ext/60169480/plib_i2c1.o
 .debug_line    0x00001041      0x28a build/default/debug/_ext/60176403/plib_nvm.o
 .debug_line    0x000012cb      0x18f build/default/debug/_ext/1865569570/plib_rcon.o
 .debug_line    0x0000145a      0x2ec build/default/debug/_ext/1865657120/plib_uart3.o
 .debug_line    0x00001746      0x2ec build/default/debug/_ext/1865657120/plib_uart1.o
 .debug_line    0x00001a32      0x10a build/default/debug/_ext/14461671/sys_dma.o
 .debug_line    0x00001b3c      0x1a1 build/default/debug/_ext/1881668453/sys_int.o
 .debug_line    0x00001cdd      0x5eb build/default/debug/_ext/1171490990/initialization.o
 .debug_line    0x000022c8      0x26a build/default/debug/_ext/1171490990/interrupts.o
 .debug_line    0x00002532       0x99 build/default/debug/_ext/1171490990/interrupts_a.o
 .debug_line    0x000025cb      0x16f build/default/debug/_ext/1171490990/exceptions.o
 .debug_line    0x0000273a      0x221 build/default/debug/_ext/1171490990/freertos_hooks.o
 .debug_line    0x0000295b      0x253 build/default/debug/_ext/1171490990/tasks.o
 .debug_line    0x00002bae      0x559 build/default/debug/_ext/1360937237/audits.o
 .debug_line    0x00003107      0x47e build/default/debug/_ext/1360937237/parameters.o
 .debug_line    0x00003585      0x380 build/default/debug/_ext/1360937237/dataCommun.o
 .debug_line    0x00003905      0x275 build/default/debug/_ext/1665200909/heap_1.o
 .debug_line    0x00003b7a      0x2a9 build/default/debug/_ext/951553248/port.o
 .debug_line    0x00003e23       0xfc build/default/debug/_ext/951553248/port_asm.o
 .debug_line    0x00003f1f       0x1d build/default/debug/_ext/404212886/croutine.o
 .debug_line    0x00003f3c      0x246 build/default/debug/_ext/404212886/list.o
 .debug_line    0x00004182      0x76e build/default/debug/_ext/404212886/queue.o
 .debug_line    0x000048f0      0x96b build/default/debug/_ext/404212886/FreeRTOS_tasks.o
 .debug_line    0x0000525b      0x4d2 build/default/debug/_ext/404212886/timers.o
 .debug_line    0x0000572d      0x3a7 build/default/debug/_ext/404212886/event_groups.o
 .debug_line    0x00005ad4      0x50c build/default/debug/_ext/404212886/stream_buffer.o
 .debug_line    0x00005fe0      0x5b4 build/default/debug/_ext/659830161/MDB.o
 .debug_line    0x00006594      0x59a build/default/debug/_ext/659830161/MDB_CG.o
 .debug_line    0x00006b2e      0x495 build/default/debug/_ext/659830161/MDB_BV.o
 .debug_line    0x00006fc3      0x331 build/default/debug/_ext/1529399856/osal_freertos.o
 .debug_line    0x000072f4      0x5bd build/default/debug/_ext/1360937237/hd44780.o
 .debug_line    0x000078b1       0xd0 build/default/debug/_ext/1360937237/delay_us.o
 .debug_line    0x00007981      0x3a9 build/default/debug/_ext/1360937237/leds.o
 .debug_line    0x00007d2a      0x42d build/default/debug/_ext/1360937237/DS18B20.o
 .debug_line    0x00008157      0x41a build/default/debug/_ext/1360937237/contacts.o
 .debug_line    0x00008571      0x3d7 build/default/debug/_ext/1360937237/moteurs.o
 .debug_line    0x00008948      0x2f7 build/default/debug/_ext/1360937237/trap_security.o
 .debug_line    0x00008c3f      0x22f build/default/debug/_ext/1360937237/main.o
 .debug_line    0x00008e6e      0x4f8 build/default/debug/_ext/1360937237/mainboard2.o
 .debug_line    0x00009366      0x158 C:\Users\ADMINI~1\AppData\Local\Temp\cc3xLHuC.o
 .debug_line    0x000094be       0x94 d:/program files (x86)/microchip/xc32/v2.30/bin/bin/../../lib/gcc/pic32mx/4.8.3\libgcc.a(floatunsisf.o)
 .debug_line    0x00009552       0xa6 d:/program files (x86)/microchip/xc32/v2.30/bin/bin/../../lib/gcc/pic32mx/4.8.3/../../../../pic32mx/lib\libpic32.a(default-bootstrap-exception-handler.o)
 .debug_line    0x000095f8       0x93 d:/program files (x86)/microchip/xc32/v2.30/bin/bin/../../lib/gcc/pic32mx/4.8.3/../../../../pic32mx/lib\libpic32.a(default-on-reset.o)
 .debug_line    0x0000968b       0x97 d:/program files (x86)/microchip/xc32/v2.30/bin/bin/../../lib/gcc/pic32mx/4.8.3/../../../../pic32mx/lib\libpic32.a(default-on-bootstrap.o)
 .debug_line    0x00009722       0xa5 d:/program files (x86)/microchip/xc32/v2.30/bin/bin/../../lib/gcc/pic32mx/4.8.3/../../../../pic32mx/lib\libpic32.a(defaultinterrupt.o)
 .debug_line    0x000097c7       0x7f d:/program files (x86)/microchip/xc32/v2.30/bin/bin/../../lib/gcc/pic32mx/4.8.3/../../../../pic32mx/lib\libc.a(memmove.o)
 .debug_line    0x00009846       0x7f d:/program files (x86)/microchip/xc32/v2.30/bin/bin/../../lib/gcc/pic32mx/4.8.3/../../../../pic32mx/lib\libc.a(vprintf.o)
 .debug_line    0x000098c5        0x0 d:/program files (x86)/microchip/xc32/v2.30/bin/bin/../../lib/gcc/pic32mx/4.8.3/../../../../pic32mx/lib\libc.a(_iob.o)
 .debug_line    0x000098c5       0x7e d:/program files (x86)/microchip/xc32/v2.30/bin/bin/../../lib/gcc/pic32mx/4.8.3/../../../../pic32mx/lib\libc.a(doprnt.o)
 .debug_line    0x00009943       0x7d d:/program files (x86)/microchip/xc32/v2.30/bin/bin/../../lib/gcc/pic32mx/4.8.3/../../../../pic32mx/lib\libc.a(_fputc_simple.o)
 .debug_line    0x000099c0        0x0 d:/program files (x86)/microchip/xc32/v2.30/bin/bin/../../lib/gcc/pic32mx/4.8.3/../../../../pic32mx/lib\libc.a(ctype.o)
 .debug_line    0x000099c0        0x0 d:/program files (x86)/microchip/xc32/v2.30/bin/bin/../../lib/gcc/pic32mx/4.8.3/../../../../pic32mx/lib\libc.a(ldpowers.o)
 .debug_line    0x000099c0       0x7e d:/program files (x86)/microchip/xc32/v2.30/bin/bin/../../lib/gcc/pic32mx/4.8.3/../../../../pic32mx/lib\libc.a(_flsbuf_simple.o)
 .debug_line    0x00009a3e       0x82 d:/program files (x86)/microchip/xc32/v2.30/bin/bin/../../lib/gcc/pic32mx/4.8.3/../../../../pic32mx/lib\libe.a(_fixunsdfdi.o)
 .debug_line    0x00009ac0       0x81 d:/program files (x86)/microchip/xc32/v2.30/bin/bin/../../lib/gcc/pic32mx/4.8.3/../../../../pic32mx/lib\libe.a(_orderdf2.o)
 .debug_line    0x00009b41       0x81 d:/program files (x86)/microchip/xc32/v2.30/bin/bin/../../lib/gcc/pic32mx/4.8.3/../../../../pic32mx/lib\libe.a(_fixdfdi.o)
 .debug_line    0x00009bc2       0xa5 d:/program files (x86)/microchip/xc32/v2.30/bin/bin/../../lib/gcc/pic32mx/4.8.3\libgcc.a(_floatundidf.o)
 .debug_line    0x00009c67       0xf7 d:/program files (x86)/microchip/xc32/v2.30/bin/bin/../../lib/gcc/pic32mx/4.8.3\libgcc.a(_udivdi3.o)
 .debug_line    0x00009d5e      0x109 d:/program files (x86)/microchip/xc32/v2.30/bin/bin/../../lib/gcc/pic32mx/4.8.3\libgcc.a(_umoddi3.o)
 .debug_line    0x00009e67       0x93 d:/program files (x86)/microchip/xc32/v2.30/bin/bin/../../lib/gcc/pic32mx/4.8.3\libgcc.a(floatunsidf.o)
 .debug_line    0x00009efa       0x88 d:/program files (x86)/microchip/xc32/v2.30/bin/bin/../../lib/gcc/pic32mx/4.8.3/../../../../pic32mx/lib\libpic32.a(write.o)

.debug_frame    0x00000000     0x3f14
 *(.debug_frame)
 .debug_frame   0x00000000       0x20 d:/program files (x86)/microchip/xc32/v2.30/bin/bin/../../lib/gcc/pic32mx/4.8.3/../../../../pic32mx/lib\software-debug-break.o
 .debug_frame   0x00000020      0x1f0 build/default/debug/_ext/897820976/drv_at24.o
 .debug_frame   0x00000210      0x174 build/default/debug/_ext/60163342/plib_adc.o
 .debug_frame   0x00000384       0x34 build/default/debug/_ext/60165520/plib_clk.o
 .debug_frame   0x000003b8       0xf0 build/default/debug/_ext/1865200349/plib_evic.o
 .debug_frame   0x000004a8      0x134 build/default/debug/_ext/1865254177/plib_gpio.o
 .debug_frame   0x000005dc      0x1ac build/default/debug/_ext/60169480/plib_i2c1.o
 .debug_frame   0x00000788      0x104 build/default/debug/_ext/60176403/plib_nvm.o
 .debug_frame   0x0000088c       0x6c build/default/debug/_ext/1865569570/plib_rcon.o
 .debug_frame   0x000008f8      0x17c build/default/debug/_ext/1865657120/plib_uart3.o
 .debug_frame   0x00000a74      0x17c build/default/debug/_ext/1865657120/plib_uart1.o
 .debug_frame   0x00000bf0       0x70 build/default/debug/_ext/14461671/sys_dma.o
 .debug_frame   0x00000c60       0xc4 build/default/debug/_ext/1881668453/sys_int.o
 .debug_frame   0x00000d24       0x34 build/default/debug/_ext/1171490990/initialization.o
 .debug_frame   0x00000d58       0x58 build/default/debug/_ext/1171490990/interrupts.o
 .debug_frame   0x00000db0       0x2c build/default/debug/_ext/1171490990/exceptions.o
 .debug_frame   0x00000ddc       0xac build/default/debug/_ext/1171490990/freertos_hooks.o
 .debug_frame   0x00000e88       0x50 build/default/debug/_ext/1171490990/tasks.o
 .debug_frame   0x00000ed8       0xf8 build/default/debug/_ext/1360937237/audits.o
 .debug_frame   0x00000fd0      0x184 build/default/debug/_ext/1360937237/parameters.o
 .debug_frame   0x00001154       0x74 build/default/debug/_ext/1360937237/dataCommun.o
 .debug_frame   0x000011c8       0x94 build/default/debug/_ext/1665200909/heap_1.o
 .debug_frame   0x0000125c      0x120 build/default/debug/_ext/951553248/port.o
 .debug_frame   0x0000137c       0xb0 build/default/debug/_ext/404212886/list.o
 .debug_frame   0x0000142c      0x504 build/default/debug/_ext/404212886/queue.o
 .debug_frame   0x00001930      0x700 build/default/debug/_ext/404212886/FreeRTOS_tasks.o
 .debug_frame   0x00002030      0x2e8 build/default/debug/_ext/404212886/timers.o
 .debug_frame   0x00002318      0x174 build/default/debug/_ext/404212886/event_groups.o
 .debug_frame   0x0000248c      0x2f4 build/default/debug/_ext/404212886/stream_buffer.o
 .debug_frame   0x00002780      0x250 build/default/debug/_ext/659830161/MDB.o
 .debug_frame   0x000029d0      0x2b8 build/default/debug/_ext/659830161/MDB_CG.o
 .debug_frame   0x00002c88      0x1ec build/default/debug/_ext/659830161/MDB_BV.o
 .debug_frame   0x00002e74      0x1e0 build/default/debug/_ext/1529399856/osal_freertos.o
 .debug_frame   0x00003054      0x380 build/default/debug/_ext/1360937237/hd44780.o
 .debug_frame   0x000033d4       0x30 build/default/debug/_ext/1360937237/delay_us.o
 .debug_frame   0x00003404       0xb4 build/default/debug/_ext/1360937237/leds.o
 .debug_frame   0x000034b8      0x1b4 build/default/debug/_ext/1360937237/DS18B20.o
 .debug_frame   0x0000366c      0x1b4 build/default/debug/_ext/1360937237/contacts.o
 .debug_frame   0x00003820      0x15c build/default/debug/_ext/1360937237/moteurs.o
 .debug_frame   0x0000397c       0x94 build/default/debug/_ext/1360937237/trap_security.o
 .debug_frame   0x00003a10       0x2c build/default/debug/_ext/1360937237/main.o
 .debug_frame   0x00003a3c      0x188 build/default/debug/_ext/1360937237/mainboard2.o
 .debug_frame   0x00003bc4       0x30 d:/program files (x86)/microchip/xc32/v2.30/bin/bin/../../lib/gcc/pic32mx/4.8.3\libgcc.a(floatunsisf.o)
 .debug_frame   0x00003bf4       0x2c d:/program files (x86)/microchip/xc32/v2.30/bin/bin/../../lib/gcc/pic32mx/4.8.3/../../../../pic32mx/lib\libpic32.a(default-bootstrap-exception-handler.o)
 .debug_frame   0x00003c20       0x20 d:/program files (x86)/microchip/xc32/v2.30/bin/bin/../../lib/gcc/pic32mx/4.8.3/../../../../pic32mx/lib\libpic32.a(default-on-reset.o)
 .debug_frame   0x00003c40       0x20 d:/program files (x86)/microchip/xc32/v2.30/bin/bin/../../lib/gcc/pic32mx/4.8.3/../../../../pic32mx/lib\libpic32.a(default-on-bootstrap.o)
 .debug_frame   0x00003c60       0x20 d:/program files (x86)/microchip/xc32/v2.30/bin/bin/../../lib/gcc/pic32mx/4.8.3/../../../../pic32mx/lib\libpic32.a(defaultinterrupt.o)
 .debug_frame   0x00003c80       0x20 d:/program files (x86)/microchip/xc32/v2.30/bin/bin/../../lib/gcc/pic32mx/4.8.3/../../../../pic32mx/lib\libc.a(memmove.o)
 .debug_frame   0x00003ca0       0x2c d:/program files (x86)/microchip/xc32/v2.30/bin/bin/../../lib/gcc/pic32mx/4.8.3/../../../../pic32mx/lib\libc.a(vprintf.o)
 .debug_frame   0x00003ccc       0x9c d:/program files (x86)/microchip/xc32/v2.30/bin/bin/../../lib/gcc/pic32mx/4.8.3/../../../../pic32mx/lib\libc.a(doprnt.o)
 .debug_frame   0x00003d68       0x30 d:/program files (x86)/microchip/xc32/v2.30/bin/bin/../../lib/gcc/pic32mx/4.8.3/../../../../pic32mx/lib\libc.a(_fputc_simple.o)
 .debug_frame   0x00003d98       0x38 d:/program files (x86)/microchip/xc32/v2.30/bin/bin/../../lib/gcc/pic32mx/4.8.3/../../../../pic32mx/lib\libc.a(_flsbuf_simple.o)
 .debug_frame   0x00003dd0       0x34 d:/program files (x86)/microchip/xc32/v2.30/bin/bin/../../lib/gcc/pic32mx/4.8.3/../../../../pic32mx/lib\libe.a(_fixunsdfdi.o)
 .debug_frame   0x00003e04       0x20 d:/program files (x86)/microchip/xc32/v2.30/bin/bin/../../lib/gcc/pic32mx/4.8.3/../../../../pic32mx/lib\libe.a(_orderdf2.o)
 .debug_frame   0x00003e24       0x20 d:/program files (x86)/microchip/xc32/v2.30/bin/bin/../../lib/gcc/pic32mx/4.8.3/../../../../pic32mx/lib\libe.a(_fixdfdi.o)
 .debug_frame   0x00003e44       0x2c d:/program files (x86)/microchip/xc32/v2.30/bin/bin/../../lib/gcc/pic32mx/4.8.3\libgcc.a(_floatundidf.o)
 .debug_frame   0x00003e70       0x20 d:/program files (x86)/microchip/xc32/v2.30/bin/bin/../../lib/gcc/pic32mx/4.8.3\libgcc.a(_udivdi3.o)
 .debug_frame   0x00003e90       0x20 d:/program files (x86)/microchip/xc32/v2.30/bin/bin/../../lib/gcc/pic32mx/4.8.3\libgcc.a(_umoddi3.o)
 .debug_frame   0x00003eb0       0x2c d:/program files (x86)/microchip/xc32/v2.30/bin/bin/../../lib/gcc/pic32mx/4.8.3\libgcc.a(floatunsidf.o)
 .debug_frame   0x00003edc       0x38 d:/program files (x86)/microchip/xc32/v2.30/bin/bin/../../lib/gcc/pic32mx/4.8.3/../../../../pic32mx/lib\libpic32.a(write.o)

.debug_str      0x00000000      0x869
 *(.debug_str)
 .debug_str     0x00000000        0x0 d:/program files (x86)/microchip/xc32/v2.30/bin/bin/../../lib/gcc/pic32mx/4.8.3/../../../../pic32mx/lib\software-debug-break.o
 .debug_str     0x00000000       0x9e build/default/debug/_ext/897820976/drv_at24.o
 .debug_str     0x0000009e        0x0 build/default/debug/_ext/60163342/plib_adc.o