
Optional file libmchp_peripheral.a not found

Optional file libmchp_peripheral_32MX470F512L.a not found
Archive member included because of file (symbol)

d:/program files (x86)/microchip/xc32/v2.30/bin/bin/../../lib/gcc/pic32mx/4.8.3\libgcc.a(floatunsisf.o)
                              build/default/production/_ext/60169480/plib_i2c1.o (__floatunsisf)
d:/program files (x86)/microchip/xc32/v2.30/bin/bin/../../lib/gcc/pic32mx/4.8.3/../../../../pic32mx/lib\libpic32.a(memcpy.o)
                              build/default/production/_ext/60176403/plib_nvm.o (memcpy)
d:/program files (x86)/microchip/xc32/v2.30/bin/bin/../../lib/gcc/pic32mx/4.8.3/../../../../pic32mx/lib\libpic32.a(memset.o)
                              build/default/production/_ext/1360937237/audits.o (memset)
d:/program files (x86)/microchip/xc32/v2.30/bin/bin/../../lib/gcc/pic32mx/4.8.3/../../../../pic32mx/lib\libpic32.a(default-bootstrap-exception-handler.o)
                              C:\Users\ADMINI~1\AppData\Local\Temp\ccjdCZlL.o (_bootstrap_exception_handler)
d:/program files (x86)/microchip/xc32/v2.30/bin/bin/../../lib/gcc/pic32mx/4.8.3/../../../../pic32mx/lib\libpic32.a(default-on-reset.o)
                              C:\Users\ADMINI~1\AppData\Local\Temp\ccjdCZlL.o (_on_reset)
d:/program files (x86)/microchip/xc32/v2.30/bin/bin/../../lib/gcc/pic32mx/4.8.3/../../../../pic32mx/lib\libpic32.a(default-on-bootstrap.o)
                              C:\Users\ADMINI~1\AppData\Local\Temp\ccjdCZlL.o (_on_bootstrap)
d:/program files (x86)/microchip/xc32/v2.30/bin/bin/../../lib/gcc/pic32mx/4.8.3/../../../../pic32mx/lib\libpic32.a(default-nmi-handler.o)
                              C:\Users\ADMINI~1\AppData\Local\Temp\ccjdCZlL.o (_nmi_handler)
d:/program files (x86)/microchip/xc32/v2.30/bin/bin/../../lib/gcc/pic32mx/4.8.3/../../../../pic32mx/lib\libpic32.a(pic32_data_init.o)
                              C:\Users\ADMINI~1\AppData\Local\Temp\ccjdCZlL.o (__pic32_data_init)
d:/program files (x86)/microchip/xc32/v2.30/bin/bin/../../lib/gcc/pic32mx/4.8.3/../../../../pic32mx/lib\libpic32.a(general-exception.o)
                              C:\Users\ADMINI~1\AppData\Local\Temp\ccjdCZlL.o (_general_exception_context)
d:/program files (x86)/microchip/xc32/v2.30/bin/bin/../../lib/gcc/pic32mx/4.8.3/../../../../pic32mx/lib\libpic32.a(vector0.o)
                              C:\Users\ADMINI~1\AppData\Local\Temp\ccwpE36G.o (__vector_dispatch_0)
d:/program files (x86)/microchip/xc32/v2.30/bin/bin/../../lib/gcc/pic32mx/4.8.3/../../../../pic32mx/lib\libpic32.a(vector2.o)
                              C:\Users\ADMINI~1\AppData\Local\Temp\ccwpE36G.o (__vector_dispatch_2)
d:/program files (x86)/microchip/xc32/v2.30/bin/bin/../../lib/gcc/pic32mx/4.8.3/../../../../pic32mx/lib\libpic32.a(vector3.o)
                              C:\Users\ADMINI~1\AppData\Local\Temp\ccwpE36G.o (__vector_dispatch_3)
d:/program files (x86)/microchip/xc32/v2.30/bin/bin/../../lib/gcc/pic32mx/4.8.3/../../../../pic32mx/lib\libpic32.a(vector5.o)
                              C:\Users\ADMINI~1\AppData\Local\Temp\ccwpE36G.o (__vector_dispatch_5)
d:/program files (x86)/microchip/xc32/v2.30/bin/bin/../../lib/gcc/pic32mx/4.8.3/../../../../pic32mx/lib\libpic32.a(vector6.o)
                              C:\Users\ADMINI~1\AppData\Local\Temp\ccwpE36G.o (__vector_dispatch_6)
d:/program files (x86)/microchip/xc32/v2.30/bin/bin/../../lib/gcc/pic32mx/4.8.3/../../../../pic32mx/lib\libpic32.a(vector7.o)
                              C:\Users\ADMINI~1\AppData\Local\Temp\ccwpE36G.o (__vector_dispatch_7)
d:/program files (x86)/microchip/xc32/v2.30/bin/bin/../../lib/gcc/pic32mx/4.8.3/../../../../pic32mx/lib\libpic32.a(vector8.o)
                              C:\Users\ADMINI~1\AppData\Local\Temp\ccwpE36G.o (__vector_dispatch_8)
d:/program files (x86)/microchip/xc32/v2.30/bin/bin/../../lib/gcc/pic32mx/4.8.3/../../../../pic32mx/lib\libpic32.a(vector9.o)
                              C:\Users\ADMINI~1\AppData\Local\Temp\ccwpE36G.o (__vector_dispatch_9)
d:/program files (x86)/microchip/xc32/v2.30/bin/bin/../../lib/gcc/pic32mx/4.8.3/../../../../pic32mx/lib\libpic32.a(vector10.o)
                              C:\Users\ADMINI~1\AppData\Local\Temp\ccwpE36G.o (__vector_dispatch_10)
d:/program files (x86)/microchip/xc32/v2.30/bin/bin/../../lib/gcc/pic32mx/4.8.3/../../../../pic32mx/lib\libpic32.a(vector11.o)
                              C:\Users\ADMINI~1\AppData\Local\Temp\ccwpE36G.o (__vector_dispatch_11)
d:/program files (x86)/microchip/xc32/v2.30/bin/bin/../../lib/gcc/pic32mx/4.8.3/../../../../pic32mx/lib\libpic32.a(vector12.o)
                              C:\Users\ADMINI~1\AppData\Local\Temp\ccwpE36G.o (__vector_dispatch_12)
d:/program files (x86)/microchip/xc32/v2.30/bin/bin/../../lib/gcc/pic32mx/4.8.3/../../../../pic32mx/lib\libpic32.a(vector13.o)
                              C:\Users\ADMINI~1\AppData\Local\Temp\ccwpE36G.o (__vector_dispatch_13)
[...]
Memory Configuration

Name             Origin             Length             Attributes
kseg0_program_mem 0x9d000000         0x00080000         xr
kseg0_boot_mem   0x9fc00490         0x00000970
exception_mem    0x9fc01000         0x00001000
kseg1_boot_mem   0xbfc00000         0x00000490
debug_exec_mem   0xbfc02000         0x00000ff0
config3          0xbfc02ff0         0x00000004
config2          0xbfc02ff4         0x00000004
config1          0xbfc02ff8         0x00000004
config0          0xbfc02ffc         0x00000004
kseg1_data_mem   0xa0000000         0x00020000         w !x
sfrs             0xbf800000         0x00100000
configsfrs       0xbfc02ff0         0x00000010
*default*        0x00000000         0xffffffff

Linker script and memory map

LOAD d:/program files (x86)/microchip/xc32/v2.30/bin/bin/../../lib/gcc/pic32mx/4.8.3/../../../../pic32mx/lib\debug-exception-return.o
LOAD build/default/production/_ext/897820976/drv_at24.o
LOAD build/default/production/_ext/60163342/plib_adc.o
LOAD build/default/production/_ext/60165520/plib_clk.o
LOAD build/default/production/_ext/1865200349/plib_evic.o
LOAD build/default/production/_ext/1865254177/plib_gpio.o
LOAD build/default/production/_ext/60169480/plib_i2c1.o
LOAD build/default/production/_ext/60176403/plib_nvm.o
LOAD build/default/production/_ext/1865569570/plib_rcon.o
LOAD build/default/production/_ext/1865657120/plib_uart3.o
LOAD build/default/production/_ext/1865657120/plib_uart1.o
LOAD build/default/production/_ext/14461671/sys_dma.o
LOAD build/default/production/_ext/1881668453/sys_int.o
LOAD build/default/production/_ext/1171490990/initialization.o
LOAD build/default/production/_ext/1171490990/interrupts.o
LOAD build/default/production/_ext/1171490990/interrupts_a.o
LOAD build/default/production/_ext/1171490990/exceptions.o
LOAD build/default/production/_ext/1171490990/freertos_hooks.o
LOAD build/default/production/_ext/1171490990/tasks.o
LOAD build/default/production/_ext/1360937237/audits.o
LOAD build/default/production/_ext/1360937237/parameters.o
LOAD build/default/production/_ext/1360937237/dataCommun.o
LOAD build/default/production/_ext/1665200909/heap_1.o
LOAD build/default/production/_ext/951553248/port.o
LOAD build/default/production/_ext/951553248/port_asm.o
LOAD build/default/production/_ext/404212886/croutine.o
LOAD build/default/production/_ext/404212886/list.o
LOAD build/default/production/_ext/404212886/queue.o
LOAD build/default/production/_ext/404212886/FreeRTOS_tasks.o
LOAD build/default/production/_ext/404212886/timers.o
LOAD build/default/production/_ext/404212886/event_groups.o
LOAD build/default/production/_ext/404212886/stream_buffer.o
LOAD build/default/production/_ext/659830161/MDB.o
LOAD build/default/production/_ext/659830161/MDB_CG.o
LOAD build/default/production/_ext/659830161/MDB_BV.o
LOAD build/default/production/_ext/1529399856/osal_freertos.o
LOAD build/default/production/_ext/1360937237/hd44780.o
LOAD build/default/production/_ext/1360937237/delay_us.o
LOAD build/default/production/_ext/1360937237/leds.o
LOAD build/default/production/_ext/1360937237/DS18B20.o
LOAD build/default/production/_ext/1360937237/contacts.o
LOAD build/default/production/_ext/1360937237/moteurs.o
LOAD build/default/production/_ext/1360937237/trap_security.o
LOAD build/default/production/_ext/1360937237/main.o
LOAD build/default/production/_ext/1360937237/mainboard2.o
                0x00000001                __MPLAB_BUILD = 0x1
                0x00000200                _min_heap_size = 0x200
LOAD C:\Users\ADMINI~1\AppData\Local\Temp\ccjdCZlL.o
LOAD C:\Users\ADMINI~1\AppData\Local\Temp\cc9iXEIt.o
LOAD C:\Users\ADMINI~1\AppData\Local\Temp\ccwpE36G.o
LOAD d:/program files (x86)/microchip/xc32/v2.30/bin/bin/../../lib/gcc/pic32mx/4.8.3/../../../../pic32mx/lib\pic32_software_reset.o
                0x00000400                PROVIDE (_min_stack_size, 0x400)
START GROUP
LOAD d:/program files (x86)/microchip/xc32/v2.30/bin/bin/../../lib/gcc/pic32mx/4.8.3/../../../../pic32mx/lib/./proc/32MX470F512L\processor.o
END GROUP
START GROUP
LOAD libmchp_peripheral.a
END GROUP
START GROUP
LOAD libmchp_peripheral_32MX470F512L.a
END GROUP
                0x00000001                PROVIDE (_vector_spacing, 0x1)
                0x9fc01000                PROVIDE (_ebase_address, 0x9fc01000)
                0xbfc00000                _RESET_ADDR = 0xbfc00000
                0xbfc00380                _BEV_EXCPT_ADDR = 0xbfc00380
                0xbfc00480                _DBG_EXCPT_ADDR = 0xbfc00480
                0xbfc02000                _DBG_CODE_ADDR = 0xbfc02000
                0x00000ff0                _DBG_CODE_SIZE = 0xff0
                0x9fc01180                _GEN_EXCPT_ADDR = (_ebase_address + 0x180)

.config_BFC02FF0
                0xbfc02ff0        0x4
 *(.config_BFC02FF0)
 .config_BFC02FF0
                0xbfc02ff0        0x4 build/default/production/_ext/1171490990/initialization.o

.config_BFC02FF4
                0xbfc02ff4        0x4
 *(.config_BFC02FF4)
 .config_BFC02FF4
                0xbfc02ff4        0x4 build/default/production/_ext/1171490990/initialization.o

.config_BFC02FF8
                0xbfc02ff8        0x4
 *(.config_BFC02FF8)
 .config_BFC02FF8
                0xbfc02ff8        0x4 build/default/production/_ext/1171490990/initialization.o

.config_BFC02FFC
                0xbfc02ffc        0x4
 *(.config_BFC02FFC)
 .config_BFC02FFC
                0xbfc02ffc        0x4 build/default/production/_ext/1171490990/initialization.o
                0xbfc02000                PROVIDE (_DBG_CODE_ADDR, 0xbfc02000)
                0x00000ff0                PROVIDE (_DBG_CODE_SIZE, 0xff0)

.reset          0xbfc00000      0x19c
 *(.reset)
 .reset         0xbfc00000        0x8 C:\Users\ADMINI~1\AppData\Local\Temp\ccjdCZlL.o
                0xbfc00000                _reset
 *(.reset.startup)
 .reset.startup
                0xbfc00008      0x194 C:\Users\ADMINI~1\AppData\Local\Temp\ccjdCZlL.o
                0xbfc00008                _startup

.bev_excpt      0xbfc00380       0x10
 *(.bev_handler)
 .bev_handler   0xbfc00380       0x10 C:\Users\ADMINI~1\AppData\Local\Temp\ccjdCZlL.o

.dbg_excpt      0xbfc00480        0x0
                0xbfc00480                . = (. + DEFINED (_DEBUGGER)?0x8:0x0)

.dbg_code       0xbfc02000        0x0
                0xbfc02000                . = (. + DEFINED (_DEBUGGER)?_DBG_CODE_SIZE:0x0)

.app_excpt      0x9fc01180       0x10
 *(.gen_handler)
 .gen_handler   0x9fc01180       0x10 C:\Users\ADMINI~1\AppData\Local\Temp\ccjdCZlL.o

.vector_0       0x9fc01200        0x8
 *(.vector_0)
 .vector_0      0x9fc01200        0x8 d:/program files (x86)/microchip/xc32/v2.30/bin/bin/../../lib/gcc/pic32mx/4.8.3/../../../../pic32mx/lib\libpic32.a(vector0.o)
                0x9fc01200                __vector_dispatch_0
                0x00000001                ASSERT (((_vector_spacing == 0x0) || (SIZEOF (.vector_0) <= (_vector_spacing << 0x5))), function at exception vector 0 too large)

.vector_1       0x9fc01220        0x8
 *(.vector_1)
 .vector_1      0x9fc01220        0x8 build/default/production/_ext/951553248/port.o
                0x9fc01220                __vector_dispatch_1
                0x00000001                ASSERT (((_vector_spacing == 0x0) || (SIZEOF (.vector_1) <= (_vector_spacing << 0x5))), function at exception vector 1 too large)

.vector_2       0x9fc01240        0x8
 *(.vector_2)
 .vector_2      0x9fc01240        0x8 d:/program files (x86)/microchip/xc32/v2.30/bin/bin/../../lib/gcc/pic32mx/4.8.3/../../../../pic32mx/lib\libpic32.a(vector2.o)
                0x9fc01240                __vector_dispatch_2
                0x00000001                ASSERT (((_vector_spacing == 0x0) || (SIZEOF (.vector_2) <= (_vector_spacing << 0x5))), function at exception vector 2 too large)

.vector_3       0x9fc01260        0x8
 *(.vector_3)
 .vector_3      0x9fc01260        0x8 d:/program files (x86)/microchip/xc32/v2.30/bin/bin/../../lib/gcc/pic32mx/4.8.3/../../../../pic32mx/lib\libpic32.a(vector3.o)
                0x9fc01260                __vector_dispatch_3
                0x00000001                ASSERT (((_vector_spacing == 0x0) || (SIZEOF (.vector_3) <= (_vector_spacing << 0x5))), function at exception vector 3 too large)

.vector_4       0x9fc01280        0x8
 *(.vector_4)
 .vector_4      0x9fc01280        0x8 build/default/production/_ext/951553248/port.o
                0x9fc01280                __vector_dispatch_4
                0x00000001                ASSERT (((_vector_spacing == 0x0) || (SIZEOF (.vector_4) <= (_vector_spacing << 0x5))), function at exception vector 4 too large)

.vector_5       0x9fc012a0        0x8
 *(.vector_5)
 .vector_5      0x9fc012a0        0x8 d:/program files (x86)/microchip/xc32/v2.30/bin/bin/../../lib/gcc/pic32mx/4.8.3/../../../../pic32mx/lib\libpic32.a(vector5.o)
                0x9fc012a0                __vector_dispatch_5
                0x00000001                ASSERT (((_vector_spacing == 0x0) || (SIZEOF (.vector_5) <= (_vector_spacing << 0x5))), function at exception vector 5 too large)

.vector_6       0x9fc012c0        0x8
 *(.vector_6)
 .vector_6      0x9fc012c0        0x8 d:/program files (x86)/microchip/xc32/v2.30/bin/bin/../../lib/gcc/pic32mx/4.8.3/../../../../pic32mx/lib\libpic32.a(vector6.o)
                0x9fc012c0                __vector_dispatch_6
                0x00000001                ASSERT (((_vector_spacing == 0x0) || (SIZEOF (.vector_6) <= (_vector_spacing << 0x5))), function at exception vector 6 too large)

.vector_7       0x9fc012e0        0x8
 *(.vector_7)
 .vector_7      0x9fc012e0        0x8 d:/program files (x86)/microchip/xc32/v2.30/bin/bin/../../lib/gcc/pic32mx/4.8.3/../../../../pic32mx/lib\libpic32.a(vector7.o)
                0x9fc012e0                __vector_dispatch_7
                0x00000001                ASSERT (((_vector_spacing == 0x0) || (SIZEOF (.vector_7) <= (_vector_spacing << 0x5))), function at exception vector 7 too large)

.vector_8       0x9fc01300        0x8
 *(.vector_8)
 .vector_8      0x9fc01300        0x8 d:/program files (x86)/microchip/xc32/v2.30/bin/bin/../../lib/gcc/pic32mx/4.8.3/../../../../pic32mx/lib\libpic32.a(vector8.o)
                0x9fc01300                __vector_dispatch_8
                0x00000001                ASSERT (((_vector_spacing == 0x0) || (SIZEOF (.vector_8) <= (_vector_spacing << 0x5))), function at exception vector 8 too large)

.vector_9       0x9fc01320        0x8
 *(.vector_9)
 .vector_9      0x9fc01320        0x8 d:/program files (x86)/microchip/xc32/v2.30/bin/bin/../../lib/gcc/pic32mx/4.8.3/../../../../pic32mx/lib\libpic32.a(vector9.o)
                0x9fc01320                __vector_dispatch_9
                0x00000001                ASSERT (((_vector_spacing == 0x0) || (SIZEOF (.vector_9) <= (_vector_spacing << 0x5))), function at exception vector 9 too large)

.vector_10      0x9fc01340        0x8
 *(.vector_10)
 .vector_10     0x9fc01340        0x8 d:/program files (x86)/microchip/xc32/v2.30/bin/bin/../../lib/gcc/pic32mx/4.8.3/../../../../pic32mx/lib\libpic32.a(vector10.o)
                0x9fc01340                __vector_dispatch_10
                0x00000001                ASSERT (((_vector_spacing == 0x0) || (SIZEOF (.vector_10) <= (_vector_spacing << 0x5))), function at exception vector 10 too large)

.vector_11      0x9fc01360        0x8
 *(.vector_11)
 .vector_11     0x9fc01360        0x8 d:/program files (x86)/microchip/xc32/v2.30/bin/bin/../../lib/gcc/pic32mx/4.8.3/../../../../pic32mx/lib\libpic32.a(vector11.o)
                0x9fc01360                __vector_dispatch_11
                0x00000001                ASSERT (((_vector_spacing == 0x0) || (SIZEOF (.vector_11) <= (_vector_spacing << 0x5))), function at exception vector 11 too large)

.vector_12      0x9fc01380        0x8
 *(.vector_12)
 .vector_12     0x9fc01380        0x8 d:/program files (x86)/microchip/xc32/v2.30/bin/bin/../../lib/gcc/pic32mx/4.8.3/../../../../pic32mx/lib\libpic32.a(vector12.o)
                0x9fc01380                __vector_dispatch_12
                0x00000001                ASSERT (((_vector_spacing == 0x0) || (SIZEOF (.vector_12) <= (_vector_spacing << 0x5))), function at exception vector 12 too large)

.vector_13      0x9fc013a0        0x8
 *(.vector_13)
 .vector_13     0x9fc013a0        0x8 d:/program files (x86)/microchip/xc32/v2.30/bin/bin/../../lib/gcc/pic32mx/4.8.3/../../../../pic32mx/lib\libpic32.a(vector13.o)
                0x9fc013a0                __vector_dispatch_13
                0x00000001                ASSERT (((_vector_spacing == 0x0) || (SIZEOF (.vector_13) <= (_vector_spacing << 0x5))), function at exception vector 13 too large)

.vector_14      0x9fc013c0        0x8
 *(.vector_14)
 .vector_14     0x9fc013c0        0x8 d:/program files (x86)/microchip/xc32/v2.30/bin/bin/../../lib/gcc/pic32mx/4.8.3/../../../../pic32mx/lib\libpic32.a(vector14.o)
                0x9fc013c0                __vector_dispatch_14
                0x00000001                ASSERT (((_vector_spacing == 0x0) || (SIZEOF (.vector_14) <= (_vector_spacing << 0x5))), function at exception vector 14 too large)

.vector_15      0x9fc013e0        0x8
 *(.vector_15)
 .vector_15     0x9fc013e0        0x8 d:/program files (x86)/microchip/xc32/v2.30/bin/bin/../../lib/gcc/pic32mx/4.8.3/../../../../pic32mx/lib\libpic32.a(vector15.o)
                0x9fc013e0                __vector_dispatch_15
                0x00000001                ASSERT (((_vector_spacing == 0x0) || (SIZEOF (.vector_15) <= (_vector_spacing << 0x5))), function at exception vector 15 too large)

.vector_16      0x9fc01400        0x8
 *(.vector_16)
 .vector_16     0x9fc01400        0x8 d:/program files (x86)/microchip/xc32/v2.30/bin/bin/../../lib/gcc/pic32mx/4.8.3/../../../../pic32mx/lib\libpic32.a(vector16.o)
                0x9fc01400                __vector_dispatch_16
                0x00000001                ASSERT (((_vector_spacing == 0x0) || (SIZEOF (.vector_16) <= (_vector_spacing << 0x5))), function at exception vector 16 too large)

.vector_17      0x9fc01420        0x8
 *(.vector_17)
 .vector_17     0x9fc01420        0x8 d:/program files (x86)/microchip/xc32/v2.30/bin/bin/../../lib/gcc/pic32mx/4.8.3/../../../../pic32mx/lib\libpic32.a(vector17.o)
                0x9fc01420                __vector_dispatch_17
                0x00000001                ASSERT (((_vector_spacing == 0x0) || (SIZEOF (.vector_17) <= (_vector_spacing << 0x5))), function at exception vector 17 too large)

.vector_18      0x9fc01440        0x8
 *(.vector_18)
 .vector_18     0x9fc01440        0x8 d:/program files (x86)/microchip/xc32/v2.30/bin/bin/../../lib/gcc/pic32mx/4.8.3/../../../../pic32mx/lib\libpic32.a(vector18.o)
                0x9fc01440                __vector_dispatch_18
                0x00000001                ASSERT (((_vector_spacing == 0x0) || (SIZEOF (.vector_18) <= (_vector_spacing << 0x5))), function at exception vector 18 too large)

.vector_19      0x9fc01460        0x8
 *(.vector_19)
 .vector_19     0x9fc01460        0x8 d:/program files (x86)/microchip/xc32/v2.30/bin/bin/../../lib/gcc/pic32mx/4.8.3/../../../../pic32mx/lib\libpic32.a(vector19.o)
                0x9fc01460                __vector_dispatch_19
                0x00000001                ASSERT (((_vector_spacing == 0x0) || (SIZEOF (.vector_19) <= (_vector_spacing << 0x5))), function at exception vector 19 too large)

.vector_20      0x9fc01480        0x8
 *(.vector_20)
 .vector_20     0x9fc01480        0x8 d:/program files (x86)/microchip/xc32/v2.30/bin/bin/../../lib/gcc/pic32mx/4.8.3/../../../../pic32mx/lib\libpic32.a(vector20.o)
                0x9fc01480                __vector_dispatch_20
                0x00000001                ASSERT (((_vector_spacing == 0x0) || (SIZEOF (.vector_20) <= (_vector_spacing << 0x5))), function at exception vector 20 too large)

.vector_21      0x9fc014a0        0x8
 *(.vector_21)
 .vector_21     0x9fc014a0        0x8 d:/program files (x86)/microchip/xc32/v2.30/bin/bin/../../lib/gcc/pic32mx/4.8.3/../../../../pic32mx/lib\libpic32.a(vector21.o)
                0x9fc014a0                __vector_dispatch_21
                0x00000001                ASSERT (((_vector_spacing == 0x0) || (SIZEOF (.vector_21) <= (_vector_spacing << 0x5))), function at exception vector 21 too large)

.vector_22      0x9fc014c0        0x8
 *(.vector_22)
 .vector_22     0x9fc014c0        0x8 d:/program files (x86)/microchip/xc32/v2.30/bin/bin/../../lib/gcc/pic32mx/4.8.3/../../../../pic32mx/lib\libpic32.a(vector22.o)
                0x9fc014c0                __vector_dispatch_22
                0x00000001                ASSERT (((_vector_spacing == 0x0) || (SIZEOF (.vector_22) <= (_vector_spacing << 0x5))), function at exception vector 22 too large)

.vector_23      0x9fc014e0       0x10
 *(.vector_23)
 .vector_23     0x9fc014e0       0x10 build/default/production/_ext/1171490990/interrupts_a.o
                0x9fc014e0                __vector_dispatch_23
                0x00000001                ASSERT (((_vector_spacing == 0x0) || (SIZEOF (.vector_23) <= (_vector_spacing << 0x5))), function at exception vector 23 too large)

.vector_24      0x9fc01500        0x8
 *(.vector_24)
 .vector_24     0x9fc01500        0x8 d:/program files (x86)/microchip/xc32/v2.30/bin/bin/../../lib/gcc/pic32mx/4.8.3/../../../../pic32mx/lib\libpic32.a(vector24.o)
                0x9fc01500                __vector_dispatch_24
                0x00000001                ASSERT (((_vector_spacing == 0x0) || (SIZEOF (.vector_24) <= (_vector_spacing << 0x5))), function at exception vector 24 too large)

.vector_25      0x9fc01520        0x8
 *(.vector_25)
 .vector_25     0x9fc01520        0x8 d:/program files (x86)/microchip/xc32/v2.30/bin/bin/../../lib/gcc/pic32mx/4.8.3/../../../../pic32mx/lib\libpic32.a(vector25.o)
                0x9fc01520                __vector_dispatch_25
                0x00000001                ASSERT (((_vector_spacing == 0x0) || (SIZEOF (.vector_25) <= (_vector_spacing << 0x5))), function at exception vector 25 too large)

.vector_26      0x9fc01540        0x8
 *(.vector_26)
 .vector_26     0x9fc01540        0x8 d:/program files (x86)/microchip/xc32/v2.30/bin/bin/../../lib/gcc/pic32mx/4.8.3/../../../../pic32mx/lib\libpic32.a(vector26.o)
                0x9fc01540                __vector_dispatch_26
                0x00000001                ASSERT (((_vector_spacing == 0x0) || (SIZEOF (.vector_26) <= (_vector_spacing << 0x5))), function at exception vector 26 too large)

.vector_27      0x9fc01560        0x8
 *(.vector_27)
 .vector_27     0x9fc01560        0x8 d:/program files (x86)/microchip/xc32/v2.30/bin/bin/../../lib/gcc/pic32mx/4.8.3/../../../../pic32mx/lib\libpic32.a(vector27.o)
                0x9fc01560                __vector_dispatch_27
                0x00000001                ASSERT (((_vector_spacing == 0x0) || (SIZEOF (.vector_27) <= (_vector_spacing << 0x5))), function at exception vector 27 too large)

.vector_28      0x9fc01580        0x8
 *(.vector_28)
 .vector_28     0x9fc01580        0x8 d:/program files (x86)/microchip/xc32/v2.30/bin/bin/../../lib/gcc/pic32mx/4.8.3/../../../../pic32mx/lib\libpic32.a(vector28.o)
                0x9fc01580                __vector_dispatch_28
                0x00000001                ASSERT (((_vector_spacing == 0x0) || (SIZEOF (.vector_28) <= (_vector_spacing << 0x5))), function at exception vector 28 too large)

.vector_29      0x9fc015a0        0x8
 *(.vector_29)
 .vector_29     0x9fc015a0        0x8 d:/program files (x86)/microchip/xc32/v2.30/bin/bin/../../lib/gcc/pic32mx/4.8.3/../../../../pic32mx/lib\libpic32.a(vector29.o)
                0x9fc015a0                __vector_dispatch_29
                0x00000001                ASSERT (((_vector_spacing == 0x0) || (SIZEOF (.vector_29) <= (_vector_spacing << 0x5))), function at exception vector 29 too large)

.vector_30      0x9fc015c0        0x8
 *(.vector_30)
 .vector_30     0x9fc015c0        0x8 d:/program files (x86)/microchip/xc32/v2.30/bin/bin/../../lib/gcc/pic32mx/4.8.3/../../../../pic32mx/lib\libpic32.a(vector30.o)
                0x9fc015c0                __vector_dispatch_30
                0x00000001                ASSERT (((_vector_spacing == 0x0) || (SIZEOF (.vector_30) <= (_vector_spacing << 0x5))), function at exception vector 30 too large)

.vector_31      0x9fc015e0        0x8
 *(.vector_31)
 .vector_31     0x9fc015e0        0x8 d:/program files (x86)/microchip/xc32/v2.30/bin/bin/../../lib/gcc/pic32mx/4.8.3/../../../../pic32mx/lib\libpic32.a(vector31.o)
                0x9fc015e0                __vector_dispatch_31
                0x00000001                ASSERT (((_vector_spacing == 0x0) || (SIZEOF (.vector_31) <= (_vector_spacing << 0x5))), function at exception vector 31 too large)

.vector_32      0x9fc01600       0x10
 *(.vector_32)
 .vector_32     0x9fc01600       0x10 build/default/production/_ext/1171490990/interrupts_a.o
                0x9fc01600                __vector_dispatch_32
                0x00000001                ASSERT (((_vector_spacing == 0x0) || (SIZEOF (.vector_32) <= (_vector_spacing << 0x5))), function at exception vector 32 too large)

.vector_33      0x9fc01620        0x8
 *(.vector_33)
 .vector_33     0x9fc01620        0x8 d:/program files (x86)/microchip/xc32/v2.30/bin/bin/../../lib/gcc/pic32mx/4.8.3/../../../../pic32mx/lib\libpic32.a(vector33.o)
                0x9fc01620                __vector_dispatch_33
                0x00000001                ASSERT (((_vector_spacing == 0x0) || (SIZEOF (.vector_33) <= (_vector_spacing << 0x5))), function at exception vector 33 too large)

.vector_34      0x9fc01640        0x8
 *(.vector_34)
 .vector_34     0x9fc01640        0x8 d:/program files (x86)/microchip/xc32/v2.30/bin/bin/../../lib/gcc/pic32mx/4.8.3/../../../../pic32mx/lib\libpic32.a(vector34.o)
                0x9fc01640                __vector_dispatch_34
                0x00000001                ASSERT (((_vector_spacing == 0x0) || (SIZEOF (.vector_34) <= (_vector_spacing << 0x5))), function at exception vector 34 too large)

.vector_35      0x9fc01660        0x8
 *(.vector_35)
 .vector_35     0x9fc01660        0x8 d:/program files (x86)/microchip/xc32/v2.30/bin/bin/../../lib/gcc/pic32mx/4.8.3/../../../../pic32mx/lib\libpic32.a(vector35.o)
                0x9fc01660                __vector_dispatch_35
                0x00000001                ASSERT (((_vector_spacing == 0x0) || (SIZEOF (.vector_35) <= (_vector_spacing << 0x5))), function at exception vector 35 too large)

.vector_36      0x9fc01680        0x8
 *(.vector_36)
 .vector_36     0x9fc01680        0x8 d:/program files (x86)/microchip/xc32/v2.30/bin/bin/../../lib/gcc/pic32mx/4.8.3/../../../../pic32mx/lib\libpic32.a(vector36.o)
                0x9fc01680                __vector_dispatch_36
                0x00000001                ASSERT (((_vector_spacing == 0x0) || (SIZEOF (.vector_36) <= (_vector_spacing << 0x5))), function at exception vector 36 too large)

.vector_37      0x9fc016a0        0x8
 *(.vector_37)
 .vector_37     0x9fc016a0        0x8 d:/program files (x86)/microchip/xc32/v2.30/bin/bin/../../lib/gcc/pic32mx/4.8.3/../../../../pic32mx/lib\libpic32.a(vector37.o)
                0x9fc016a0                __vector_dispatch_37
                0x00000001                ASSERT (((_vector_spacing == 0x0) || (SIZEOF (.vector_37) <= (_vector_spacing << 0x5))), function at exception vector 37 too large)

.vector_38      0x9fc016c0        0x8
 *(.vector_38)
 .vector_38     0x9fc016c0        0x8 d:/program files (x86)/microchip/xc32/v2.30/bin/bin/../../lib/gcc/pic32mx/4.8.3/../../../../pic32mx/lib\libpic32.a(vector38.o)
                0x9fc016c0                __vector_dispatch_38
                0x00000001                ASSERT (((_vector_spacing == 0x0) || (SIZEOF (.vector_38) <= (_vector_spacing << 0x5))), function at exception vector 38 too large)

.vector_39      0x9fc016e0        0x8
 *(.vector_39)
 .vector_39     0x9fc016e0        0x8 d:/program files (x86)/microchip/xc32/v2.30/bin/bin/../../lib/gcc/pic32mx/4.8.3/../../../../pic32mx/lib\libpic32.a(vector39.o)
                0x9fc016e0                __vector_dispatch_39
                0x00000001                ASSERT (((_vector_spacing == 0x0) || (SIZEOF (.vector_39) <= (_vector_spacing << 0x5))), function at exception vector 39 too large)

.vector_40      0x9fc01700        0x8
 *(.vector_40)
 .vector_40     0x9fc01700        0x8 d:/program files (x86)/microchip/xc32/v2.30/bin/bin/../../lib/gcc/pic32mx/4.8.3/../../../../pic32mx/lib\libpic32.a(vector40.o)
                0x9fc01700                __vector_dispatch_40
                0x00000001                ASSERT (((_vector_spacing == 0x0) || (SIZEOF (.vector_40) <= (_vector_spacing << 0x5))), function at exception vector 40 too large)

.vector_41      0x9fc01720        0x8
 *(.vector_41)
 .vector_41     0x9fc01720        0x8 d:/program files (x86)/microchip/xc32/v2.30/bin/bin/../../lib/gcc/pic32mx/4.8.3/../../../../pic32mx/lib\libpic32.a(vector41.o)
                0x9fc01720                __vector_dispatch_41
                0x00000001                ASSERT (((_vector_spacing == 0x0) || (SIZEOF (.vector_41) <= (_vector_spacing << 0x5))), function at exception vector 41 too large)

.vector_42      0x9fc01740        0x8
 *(.vector_42)
 .vector_42     0x9fc01740        0x8 d:/program files (x86)/microchip/xc32/v2.30/bin/bin/../../lib/gcc/pic32mx/4.8.3/../../../../pic32mx/lib\libpic32.a(vector42.o)
                0x9fc01740                __vector_dispatch_42
                0x00000001                ASSERT (((_vector_spacing == 0x0) || (SIZEOF (.vector_42) <= (_vector_spacing << 0x5))), function at exception vector 42 too large)

.vector_43      0x9fc01760        0x8
 *(.vector_43)
 .vector_43     0x9fc01760        0x8 d:/program files (x86)/microchip/xc32/v2.30/bin/bin/../../lib/gcc/pic32mx/4.8.3/../../../../pic32mx/lib\libpic32.a(vector43.o)
                0x9fc01760                __vector_dispatch_43
                0x00000001                ASSERT (((_vector_spacing == 0x0) || (SIZEOF (.vector_43) <= (_vector_spacing << 0x5))), function at exception vector 43 too large)

.vector_44      0x9fc01780        0x8
 *(.vector_44)
 .vector_44     0x9fc01780        0x8 d:/program files (x86)/microchip/xc32/v2.30/bin/bin/../../lib/gcc/pic32mx/4.8.3/../../../../pic32mx/lib\libpic32.a(vector44.o)
                0x9fc01780                __vector_dispatch_44
                0x00000001                ASSERT (((_vector_spacing == 0x0) || (SIZEOF (.vector_44) <= (_vector_spacing << 0x5))), function at exception vector 44 too large)

.vector_45      0x9fc017a0        0x8
 *(.vector_45)
 .vector_45     0x9fc017a0        0x8 d:/program files (x86)/microchip/xc32/v2.30/bin/bin/../../lib/gcc/pic32mx/4.8.3/../../../../pic32mx/lib\libpic32.a(vector45.o)
                0x9fc017a0                __vector_dispatch_45
                0x00000001                ASSERT (((_vector_spacing == 0x0) || (SIZEOF (.vector_45) <= (_vector_spacing << 0x5))), function at exception vector 45 too large)

.vector_46      0x9fc017c0        0x0
 *(.vector_46)
                0x00000001                ASSERT (((_vector_spacing == 0x0) || (SIZEOF (.vector_46) <= (_vector_spacing << 0x5))), function at exception vector 46 too large)

.vector_47      0x9fc017e0        0x0
 *(.vector_47)
                0x00000001                ASSERT (((_vector_spacing == 0x0) || (SIZEOF (.vector_47) <= (_vector_spacing << 0x5))), function at exception vector 47 too large)

.vector_48      0x9fc01800        0x0
 *(.vector_48)
                0x00000001                ASSERT (((_vector_spacing == 0x0) || (SIZEOF (.vector_48) <= (_vector_spacing << 0x5))), function at exception vector 48 too large)

.vector_49      0x9fc01820        0x0
 *(.vector_49)
                0x00000001                ASSERT (((_vector_spacing == 0x0) || (SIZEOF (.vector_49) <= (_vector_spacing << 0x5))), function at exception vector 49 too large)

.vector_50      0x9fc01840        0x0
 *(.vector_50)
                0x00000001                ASSERT (((_vector_spacing == 0x0) || (SIZEOF (.vector_50) <= (_vector_spacing << 0x5))), function at exception vector 50 too large)

.vector_51      0x9fc01860        0x0
 *(.vector_51)
                0x00000001                ASSERT (((_vector_spacing == 0x0) || (SIZEOF (.vector_51) <= (_vector_spacing << 0x5))), function at exception vector 51 too large)

.vector_52      0x9fc01880        0x0
 *(.vector_52)
                0x00000001                ASSERT (((_vector_spacing == 0x0) || (SIZEOF (.vector_52) <= (_vector_spacing << 0x5))), function at exception vector 52 too large)

.vector_53      0x9fc018a0        0x0
 *(.vector_53)
                0x00000001                ASSERT (((_vector_spacing == 0x0) || (SIZEOF (.vector_53) <= (_vector_spacing << 0x5))), function at exception vector 53 too large)

.vector_54      0x9fc018c0        0x0
 *(.vector_54)
                0x00000001                ASSERT (((_vector_spacing == 0x0) || (SIZEOF (.vector_54) <= (_vector_spacing << 0x5))), function at exception vector 54 too large)

.vector_55      0x9fc018e0        0x0
 *(.vector_55)
                0x00000001                ASSERT (((_vector_spacing == 0x0) || (SIZEOF (.vector_55) <= (_vector_spacing << 0x5))), function at exception vector 55 too large)

.vector_56      0x9fc01900        0x0
 *(.vector_56)
                0x00000001                ASSERT (((_vector_spacing == 0x0) || (SIZEOF (.vector_56) <= (_vector_spacing << 0x5))), function at exception vector 56 too large)

.vector_57      0x9fc01920        0x0
 *(.vector_57)
                0x00000001                ASSERT (((_vector_spacing == 0x0) || (SIZEOF (.vector_57) <= (_vector_spacing << 0x5))), function at exception vector 57 too large)

.vector_58      0x9fc01940        0x0
 *(.vector_58)
                0x00000001                ASSERT (((_vector_spacing == 0x0) || (SIZEOF (.vector_58) <= (_vector_spacing << 0x5))), function at exception vector 58 too large)

.vector_59      0x9fc01960        0x0
 *(.vector_59)
                0x00000001                ASSERT (((_vector_spacing == 0x0) || (SIZEOF (.vector_59) <= (_vector_spacing << 0x5))), function at exception vector 59 too large)

.vector_60      0x9fc01980        0x0
 *(.vector_60)
                0x00000001                ASSERT (((_vector_spacing == 0x0) || (SIZEOF (.vector_60) <= (_vector_spacing << 0x5))), function at exception vector 60 too large)

.vector_61      0x9fc019a0        0x0
 *(.vector_61)
                0x00000001                ASSERT (((_vector_spacing == 0x0) || (SIZEOF (.vector_61) <= (_vector_spacing << 0x5))), function at exception vector 61 too large)

.vector_62      0x9fc019c0        0x0
 *(.vector_62)
                0x00000001                ASSERT (((_vector_spacing == 0x0) || (SIZEOF (.vector_62) <= (_vector_spacing << 0x5))), function at exception vector 62 too large)

.vector_63      0x9fc019e0        0x0
 *(.vector_63)
                0x00000001                ASSERT (((_vector_spacing == 0x0) || (SIZEOF (.vector_63) <= (_vector_spacing << 0x5))), function at exception vector 63 too large)

.startup
 *(.startup)

.text           0x9d000000        0x0
 *(.stub .gnu.linkonce.t.*)
 *(.text.*personality*)
 *(.mips16.fn.*)
 *(.mips16.call.*)
 *(.gnu.warning)
                0x9d000000                . = ALIGN (0x4)

.init           0x9d000000        0x0
 *crti.o(.init)
 *crtbegin.o(.init)
 *(EXCLUDE_FILE(*crtn.o *crtend?.o *crtend.o) .init)
 *crtend.o(.init)
 *crtn.o(.init)
                0x9d000000                . = ALIGN (0x4)

.fini           0x9d000000        0x0
 *(.fini)
                0x9d000000                . = ALIGN (0x4)

.preinit_array  0x9d000000        0x0
                0x9d000000                PROVIDE (__preinit_array_start, .)
 *(.preinit_array)
                0x9d000000                PROVIDE (__preinit_array_end, .)
                0x9d000000                . = ALIGN (0x4)

.init_array     0x9d000000        0x0
                0x9d000000                PROVIDE (__init_array_start, .)
 *(SORT(.init_array.*))
 *(.init_array)
                0x9d000000                PROVIDE (__init_array_end, .)
                0x9d000000                . = ALIGN (0x4)

.fini_array     0x9d000000        0x0
                0x9d000000                PROVIDE (__fini_array_start, .)
 *(SORT(.fini_array.*))
 *(.fini_array)
                0x9d000000                PROVIDE (__fini_array_end, .)
                0x9d000000                . = ALIGN (0x4)

.ctors          0x9d000000        0x0
 *crtbegin.o(.ctors)
 *crtbegin?.o(.ctors)
 *(EXCLUDE_FILE(*crtend?.o *crtend.o) .ctors)
 *(SORT(.ctors.*))
 *(.ctors)
                0x9d000000                . = ALIGN (0x4)

.dtors          0x9d000000        0x0
 *crtbegin.o(.dtors)
 *crtbegin?.o(.dtors)
 *(EXCLUDE_FILE(*crtend?.o *crtend.o) .dtors)
 *(SORT(.dtors.*))
 *(.dtors)
                0x9d000000                . = ALIGN (0x4)

.rodata         0x9d000000        0x0
 *(.gnu.linkonce.r.*)
 *(.rodata1)
                0x9d000000                . = ALIGN (0x4)

.sdata2         0x9fc00490        0x0
 *(.sdata2 .sdata2.* .gnu.linkonce.s2.*)
                0x9fc00490                . = ALIGN (0x4)

.sbss2          0x9fc00490        0x0
 *(.sbss2 .sbss2.* .gnu.linkonce.sb2.*)
                0x9fc00490                . = ALIGN (0x4)

.eh_frame_hdr
 *(.eh_frame_hdr)
                0x9fc00490                . = ALIGN (0x4)

.eh_frame
 *(.eh_frame)
                0x9fc00490                . = ALIGN (0x4)

.gcc_except_table
 *(.gcc_except_table .gcc_except_table.*)
                0x9fc00490                . = ALIGN (0x4)

.dbg_data       0xa0000000        0x0
                0xa0000000                . = (. + DEFINED (_DEBUGGER)?0x200:0x0)

.jcr            0xa0000000        0x0
 *(.jcr)
                0xa0000000                . = ALIGN (0x4)

.eh_frame
 *(.eh_frame)
                0xa0000000                . = ALIGN (0x4)

.gcc_except_table
 *(.gcc_except_table .gcc_except_table.*)
                0xa0000000                . = ALIGN (0x4)

.persist        0xa0000000        0x0
                0xa0000000                _persist_begin = .
 *(.persist .persist.*)
 *(.pbss .pbss.*)
                0xa0000000                . = ALIGN (0x4)
                0xa0000000                _persist_end = .

.data           0xa0000000        0x0
 *(.gnu.linkonce.d.*)
 *(.data1)
                0xa0000000                . = ALIGN (0x4)
                0xa0000000                . = .
                0xa0007ff0                _gp = (ALIGN (0x10) + 0x7ff0)

.got            0xa0000000        0x0
 *(.got.plt)
 *(.got)
                0xa0000000                . = ALIGN (0x4)

.sdata          0xa0000000        0xc
                0xa0000000                _sdata_begin = .
 *(.sdata .sdata.* .gnu.linkonce.s.*)
 .sdata         0xa0000000        0x4 build/default/production/_ext/951553248/port.o
                0xa0000000                uxInterruptNesting
 .sdata         0xa0000004        0x8 build/default/production/_ext/1360937237/contacts.o
                0xa0000004                portTable
                0xa000000c                . = ALIGN (0x4)
                0xa000000c                _sdata_end = .

.lit8
 *(.lit8)

.lit4
 *(.lit4)
                0xa000000c                . = ALIGN (0x4)
                0xa000000c                _data_end = .
                0xa000000c                _bss_begin = .

.sbss           0xa000000c       0x94
                0xa000000c                _sbss_begin = .
 *(.dynsbss)
 *(.sbss .sbss.* .gnu.linkonce.sb.*)
 .sbss          0xa000000c        0xc build/default/production/_ext/1171490990/exceptions.o
 .sbss          0xa0000018        0x8 build/default/production/_ext/1665200909/heap_1.o
 .sbss          0xa0000020        0x4 build/default/production/_ext/951553248/port.o
                0xa0000020                uxSavedTaskStackPointer
 .sbss          0xa0000024       0x3c build/default/production/_ext/404212886/FreeRTOS_tasks.o
                0xa0000024                pxCurrentTCB
 .sbss          0xa0000060       0x14 build/default/production/_ext/404212886/timers.o
 .sbss          0xa0000074        0x4 build/default/production/_ext/659830161/MDB_CG.o
 .sbss          0xa0000078        0x1 build/default/production/_ext/1360937237/leds.o
 *fill*         0xa0000079        0x3 
 .sbss          0xa000007c        0x8 build/default/production/_ext/1360937237/mainboard2.o
 *(.scommon)
 .scommon       0xa0000084        0x8 build/default/production/_ext/60163342/plib_adc.o
                0xa0000084                ADC_CallbackObj
 .scommon       0xa000008c       0x10 build/default/production/_ext/1171490990/initialization.o
                0xa000008c                hTOCumul
                0xa0000090                sysObj
                0xa0000094                hTimerDisplaySelection
                0xa0000098                hTimerOverPay
 .scommon       0xa000009c        0x0 build/default/production/_ext/1171490990/interrupts.o
 .scommon       0xa000009c        0x0 build/default/production/_ext/1171490990/exceptions.o
 .scommon       0xa000009c        0x4 build/default/production/_ext/1171490990/tasks.o
                0xa000009c                xMAINBOARD2_Tasks
 .scommon       0xa00000a0        0x0 build/default/production/_ext/1360937237/audits.o
 .scommon       0xa00000a0        0x0 build/default/production/_ext/1360937237/parameters.o
 .scommon       0xa00000a0        0x0 build/default/production/_ext/1360937237/dataCommun.o
 .scommon       0xa00000a0        0x0 build/default/production/_ext/659830161/MDB.o
 .scommon       0xa00000a0        0x0 build/default/production/_ext/659830161/MDB_CG.o
 .scommon       0xa00000a0        0x0 build/default/production/_ext/659830161/MDB_BV.o
 .scommon       0xa00000a0        0x0 build/default/production/_ext/1360937237/hd44780.o
 .scommon       0xa00000a0        0x0 build/default/production/_ext/1360937237/leds.o
 .scommon       0xa00000a0        0x0 build/default/production/_ext/1360937237/DS18B20.o
 .scommon       0xa00000a0        0x0 build/default/production/_ext/1360937237/contacts.o
 .scommon       0xa00000a0        0x0 build/default/production/_ext/1360937237/main.o
 .scommon       0xa00000a0        0x0 build/default/production/_ext/1360937237/mainboard2.o
                0xa00000a0                _sbss_end = .
                0xa00000a0                . = ALIGN (0x4)

.bss            0xa00000a0      0x1f0
 *(.dynbss)
 *(COMMON)
 COMMON         0xa00000a0        0xc build/default/production/_ext/1171490990/initialization.o
                0xa00000a0                pcCom
 COMMON         0xa00000ac       0x50 build/default/production/_ext/404212886/queue.o
                0xa00000ac                xQueueRegistry
 COMMON         0xa00000fc       0x18 build/default/production/_ext/659830161/MDB.o
                0xa00000fc                mdb
 COMMON         0xa0000114       0x98 build/default/production/_ext/659830161/MDB_CG.o
                0xa0000114                changeGiver
 COMMON         0xa00001ac       0x6a build/default/production/_ext/659830161/MDB_BV.o
                0xa00001ac                billValidator
 *fill*         0xa0000216        0x2 
 COMMON         0xa0000218       0x10 build/default/production/_ext/1360937237/leds.o
                0xa0000218                leds
 COMMON         0xa0000228       0x1c build/default/production/_ext/1360937237/DS18B20.o
                0xa0000228                ds18b20
 COMMON         0xa0000244       0x1c build/default/production/_ext/1360937237/contacts.o
                0xa0000244                switchs
 COMMON         0xa0000260       0x18 build/default/production/_ext/1360937237/moteurs.o
                0xa0000260                motors
 COMMON         0xa0000278       0x18 build/default/production/_ext/1360937237/trap_security.o
                0xa0000278                adcs
                0xa0000290                . = ALIGN ((. != 0x0)?0x4:0x1)
                0xa0000290                . = ALIGN (0x4)
                0xa0000290                _end = .
                0xa0000290                _bss_end = .
                0x00020000                _bmxdudba_address = 0x20000
                0x00020000                _bmxdupba_address = 0x20000

/DISCARD/
 *(.pdr)
 *(.rel.dyn)
 *(.note.GNU-stack)
 *(.note.GNU-stack)
 *(.gnu_debuglink)
 *(.gnu.lto_*)
 *(.discard)

.gptab.sdata
 *(.gptab.data)
 *(.gptab.sdata)

.gptab.sbss
 *(.gptab.bss)
 *(.gptab.sbss)

.mdebug.abi32   0xa0000290        0x0
 *(.mdebug.abi32)
 .mdebug.abi32  0xa0000290        0x0 build/default/production/_ext/897820976/drv_at24.o
 .mdebug.abi32  0xa0000290        0x0 build/default/production/_ext/60163342/plib_adc.o
 .mdebug.abi32  0xa0000290        0x0 build/default/production/_ext/60165520/plib_clk.o
 .mdebug.abi32  0xa0000290        0x0 build/default/production/_ext/1865200349/plib_evic.o
 .mdebug.abi32  0xa0000290        0x0 build/default/production/_ext/1865254177/plib_gpio.o
 .mdebug.abi32  0xa0000290        0x0 build/default/production/_ext/60169480/plib_i2c1.o
 .mdebug.abi32  0xa0000290        0x0 build/default/production/_ext/60176403/plib_nvm.o
 .mdebug.abi32  0xa0000290        0x0 build/default/production/_ext/1865569570/plib_rcon.o
 .mdebug.abi32  0xa0000290        0x0 build/default/production/_ext/1865657120/plib_uart3.o
 .mdebug.abi32  0xa0000290        0x0 build/default/production/_ext/1865657120/plib_uart1.o
 .mdebug.abi32  0xa0000290        0x0 build/default/production/_ext/14461671/sys_dma.o
 .mdebug.abi32  0xa0000290        0x0 build/default/production/_ext/1881668453/sys_int.o
 .mdebug.abi32  0xa0000290        0x0 build/default/production/_ext/1171490990/initialization.o
 .mdebug.abi32  0xa0000290        0x0 build/default/production/_ext/1171490990/interrupts.o
 .mdebug.abi32  0xa0000290        0x0 build/default/production/_ext/1171490990/exceptions.o
 .mdebug.abi32  0xa0000290        0x0 build/default/production/_ext/1171490990/freertos_hooks.o
 .mdebug.abi32  0xa0000290        0x0 build/default/production/_ext/1171490990/tasks.o
 .mdebug.abi32  0xa0000290        0x0 build/default/production/_ext/1360937237/audits.o
 .mdebug.abi32  0xa0000290        0x0 build/default/production/_ext/1360937237/parameters.o
 .mdebug.abi32  0xa0000290        0x0 build/default/production/_ext/1360937237/dataCommun.o
 .mdebug.abi32  0xa0000290        0x0 build/default/production/_ext/1665200909/heap_1.o
 .mdebug.abi32  0xa0000290        0x0 build/default/production/_ext/951553248/port.o
 .mdebug.abi32  0xa0000290        0x0 build/default/production/_ext/404212886/croutine.o
 .mdebug.abi32  0xa0000290        0x0 build/default/production/_ext/404212886/list.o
 .mdebug.abi32  0xa0000290        0x0 build/default/production/_ext/404212886/queue.o
 .mdebug.abi32  0xa0000290        0x0 build/default/production/_ext/404212886/FreeRTOS_tasks.o
 .mdebug.abi32  0xa0000290        0x0 build/default/production/_ext/404212886/timers.o
 .mdebug.abi32  0xa0000290        0x0 build/default/production/_ext/404212886/event_groups.o
 .mdebug.abi32  0xa0000290        0x0 build/default/production/_ext/404212886/stream_buffer.o
 .mdebug.abi32  0xa0000290        0x0 build/default/production/_ext/659830161/MDB.o
 .mdebug.abi32  0xa0000290        0x0 build/default/production/_ext/659830161/MDB_CG.o
 .mdebug.abi32  0xa0000290        0x0 build/default/production/_ext/659830161/MDB_BV.o
 .mdebug.abi32  0xa0000290        0x0 build/default/production/_ext/1529399856/osal_freertos.o
 .mdebug.abi32  0xa0000290        0x0 build/default/production/_ext/1360937237/hd44780.o
 .mdebug.abi32  0xa0000290        0x0 build/default/production/_ext/1360937237/delay_us.o
 .mdebug.abi32  0xa0000290        0x0 build/default/production/_ext/1360937237/leds.o
 .mdebug.abi32  0xa0000290        0x0 build/default/production/_ext/1360937237/DS18B20.o
 .mdebug.abi32  0xa0000290        0x0 build/default/production/_ext/1360937237/contacts.o
 .mdebug.abi32  0xa0000290        0x0 build/default/production/_ext/1360937237/moteurs.o
 .mdebug.abi32  0xa0000290        0x0 build/default/production/_ext/1360937237/trap_security.o
 .mdebug.abi32  0xa0000290        0x0 build/default/production/_ext/1360937237/main.o
 .mdebug.abi32  0xa0000290        0x0 build/default/production/_ext/1360937237/mainboard2.o
 .mdebug.abi32  0xa0000290        0x0 d:/program files (x86)/microchip/xc32/v2.30/bin/bin/../../lib/gcc/pic32mx/4.8.3\libgcc.a(floatunsisf.o)
 .mdebug.abi32  0xa0000290        0x0 d:/program files (x86)/microchip/xc32/v2.30/bin/bin/../../lib/gcc/pic32mx/4.8.3/../../../../pic32mx/lib\libpic32.a(default-bootstrap-exception-handler.o)
 .mdebug.abi32  0xa0000290        0x0 d:/program files (x86)/microchip/xc32/v2.30/bin/bin/../../lib/gcc/pic32mx/4.8.3/../../../../pic32mx/lib\libpic32.a(default-on-reset.o)
 .mdebug.abi32  0xa0000290        0x0 d:/program files (x86)/microchip/xc32/v2.30/bin/bin/../../lib/gcc/pic32mx/4.8.3/../../../../pic32mx/lib\libpic32.a(default-on-bootstrap.o)
 .mdebug.abi32  0xa0000290        0x0 d:/program files (x86)/microchip/xc32/v2.30/bin/bin/../../lib/gcc/pic32mx/4.8.3/../../../../pic32mx/lib\libpic32.a(defaultinterrupt.o)
 .mdebug.abi32  0xa0000290        0x0 d:/program files (x86)/microchip/xc32/v2.30/bin/bin/../../lib/gcc/pic32mx/4.8.3/../../../../pic32mx/lib\libc.a(memmove.o)
 .mdebug.abi32  0xa0000290        0x0 d:/program files (x86)/microchip/xc32/v2.30/bin/bin/../../lib/gcc/pic32mx/4.8.3/../../../../pic32mx/lib\libc.a(vprintf.o)
 .mdebug.abi32  0xa0000290        0x0 d:/program files (x86)/microchip/xc32/v2.30/bin/bin/../../lib/gcc/pic32mx/4.8.3/../../../../pic32mx/lib\libc.a(_iob.o)
 .mdebug.abi32  0xa0000290        0x0 d:/program files (x86)/microchip/xc32/v2.30/bin/bin/../../lib/gcc/pic32mx/4.8.3/../../../../pic32mx/lib\libc.a(doprnt.o)
 .mdebug.abi32  0xa0000290        0x0 d:/program files (x86)/microchip/xc32/v2.30/bin/bin/../../lib/gcc/pic32mx/4.8.3/../../../../pic32mx/lib\libc.a(_fputc_simple.o)
 .mdebug.abi32  0xa0000290        0x0 d:/program files (x86)/microchip/xc32/v2.30/bin/bin/../../lib/gcc/pic32mx/4.8.3/../../../../pic32mx/lib\libc.a(ctype.o)
 .mdebug.abi32  0xa0000290        0x0 d:/program files (x86)/microchip/xc32/v2.30/bin/bin/../../lib/gcc/pic32mx/4.8.3/../../../../pic32mx/lib\libc.a(ldpowers.o)
 .mdebug.abi32  0xa0000290        0x0 d:/program files (x86)/microchip/xc32/v2.30/bin/bin/../../lib/gcc/pic32mx/4.8.3/../../../../pic32mx/lib\libc.a(_flsbuf_simple.o)
 .mdebug.abi32  0xa0000290        0x0 d:/program files (x86)/microchip/xc32/v2.30/bin/bin/../../lib/gcc/pic32mx/4.8.3/../../../../pic32mx/lib\libe.a(_fixunsdfdi.o)
 .mdebug.abi32  0xa0000290        0x0 d:/program files (x86)/microchip/xc32/v2.30/bin/bin/../../lib/gcc/pic32mx/4.8.3/../../../../pic32mx/lib\libe.a(_orderdf2.o)
 .mdebug.abi32  0xa0000290        0x0 d:/program files (x86)/microchip/xc32/v2.30/bin/bin/../../lib/gcc/pic32mx/4.8.3/../../../../pic32mx/lib\libe.a(_fixdfdi.o)
 .mdebug.abi32  0xa0000290        0x0 d:/program files (x86)/microchip/xc32/v2.30/bin/bin/../../lib/gcc/pic32mx/4.8.3\libgcc.a(_floatundidf.o)
 .mdebug.abi32  0xa0000290        0x0 d:/program files (x86)/microchip/xc32/v2.30/bin/bin/../../lib/gcc/pic32mx/4.8.3\libgcc.a(_udivdi3.o)
 .mdebug.abi32  0xa0000290        0x0 d:/program files (x86)/microchip/xc32/v2.30/bin/bin/../../lib/gcc/pic32mx/4.8.3\libgcc.a(_umoddi3.o)
 .mdebug.abi32  0xa0000290        0x0 d:/program files (x86)/microchip/xc32/v2.30/bin/bin/../../lib/gcc/pic32mx/4.8.3\libgcc.a(floatunsidf.o)
 .mdebug.abi32  0xa0000290        0x0 d:/program files (x86)/microchip/xc32/v2.30/bin/bin/../../lib/gcc/pic32mx/4.8.3/../../../../pic32mx/lib\libpic32.a(write.o)

.mdebug.abiN32
 *(.mdebug.abiN32)

.mdebug.abi64
 *(.mdebug.abi64)

.mdebug.abiO64
 *(.mdebug.abiO64)

.mdebug.eabi32
 *(.mdebug.eabi32)

.mdebug.eabi64
 *(.mdebug.eabi64)

.gcc_compiled_long32
 *(.gcc_compiled_long32)

.gcc_compiled_long64
 *(.gcc_compiled_long64)

.stab
 *(.stab)

.stabstr
 *(.stabstr)

.stab.excl
 *(.stab.excl)

.stab.exclstr
 *(.stab.exclstr)

.stab.index
 *(.stab.index)

.stab.indexstr
 *(.stab.indexstr)

.comment        0x00000000      0x1e1
 *(.comment)
 .comment       0x00000000       0x3c build/default/production/_ext/897820976/drv_at24.o
                                 0x3d (size before relaxing)
 .comment       0x00000000       0x3d build/default/production/_ext/60163342/plib_adc.o
 .comment       0x00000000       0x3d build/default/production/_ext/60165520/plib_clk.o
 .comment       0x00000000       0x3d build/default/production/_ext/1865200349/plib_evic.o
 .comment       0x00000000       0x3d build/default/production/_ext/1865254177/plib_gpio.o
 .comment       0x00000000       0x3d build/default/production/_ext/60169480/plib_i2c1.o
 .comment       0x00000000       0x3d build/default/production/_ext/60176403/plib_nvm.o
 .comment       0x00000000       0x3d build/default/production/_ext/1865569570/plib_rcon.o
 .comment       0x00000000       0x3d build/default/production/_ext/1865657120/plib_uart3.o
 .comment       0x00000000       0x3d build/default/production/_ext/1865657120/plib_uart1.o
 .comment       0x00000000       0x3d build/default/production/_ext/14461671/sys_dma.o
 .comment       0x00000000       0x3d build/default/production/_ext/1881668453/sys_int.o
 .comment       0x00000000       0x3d build/default/production/_ext/1171490990/initialization.o
 .comment       0x00000000       0x3d build/default/production/_ext/1171490990/interrupts.o
 .comment       0x00000000       0x3d build/default/production/_ext/1171490990/exceptions.o
 .comment       0x00000000       0x3d build/default/production/_ext/1171490990/freertos_hooks.o
 .comment       0x00000000       0x3d build/default/production/_ext/1171490990/tasks.o
 .comment       0x00000000       0x3d build/default/production/_ext/1360937237/audits.o
 .comment       0x00000000       0x3d build/default/production/_ext/1360937237/parameters.o
 .comment       0x00000000       0x3d build/default/production/_ext/1360937237/dataCommun.o
 .comment       0x00000000       0x3d build/default/production/_ext/1665200909/heap_1.o
 .comment       0x00000000       0x3d build/default/production/_ext/951553248/port.o
 .comment       0x00000000       0x3d build/default/production/_ext/404212886/croutine.o
 .comment       0x00000000       0x3d build/default/production/_ext/404212886/list.o
 .comment       0x00000000       0x3d build/default/production/_ext/404212886/queue.o
 .comment       0x00000000       0x3d build/default/production/_ext/404212886/FreeRTOS_tasks.o
 .comment       0x00000000       0x3d build/default/production/_ext/404212886/timers.o
 .comment       0x00000000       0x3d build/default/production/_ext/404212886/event_groups.o
 .comment       0x00000000       0x3d build/default/production/_ext/404212886/stream_buffer.o
 .comment       0x00000000       0x3d build/default/production/_ext/659830161/MDB.o
 .comment       0x00000000       0x3d build/default/production/_ext/659830161/MDB_CG.o
 .comment       0x00000000       0x3d build/default/production/_ext/659830161/MDB_BV.o
 .comment       0x00000000       0x3d build/default/production/_ext/1529399856/osal_freertos.o
 .comment       0x00000000       0x3d build/default/production/_ext/1360937237/hd44780.o
 .comment       0x00000000       0x3d build/default/production/_ext/1360937237/delay_us.o
 .comment       0x00000000       0x3d build/default/production/_ext/1360937237/leds.o
 .comment       0x00000000       0x3d build/default/production/_ext/1360937237/DS18B20.o
 .comment       0x00000000       0x3d build/default/production/_ext/1360937237/contacts.o
 .comment       0x00000000       0x3d build/default/production/_ext/1360937237/moteurs.o
 .comment       0x00000000       0x3d build/default/production/_ext/1360937237/trap_security.o
 .comment       0x00000000       0x3d build/default/production/_ext/1360937237/main.o
 .comment       0x00000000       0x3d build/default/production/_ext/1360937237/mainboard2.o
 .comment       0x00000000       0x3d d:/program files (x86)/microchip/xc32/v2.30/bin/bin/../../lib/gcc/pic32mx/4.8.3\libgcc.a(floatunsisf.o)
 .comment       0x0000003c       0x18 d:/program files (x86)/microchip/xc32/v2.30/bin/bin/../../lib/gcc/pic32mx/4.8.3/../../../../pic32mx/lib\libpic32.a(memset.o)
                                 0x19 (size before relaxing)
 .comment       0x00000000       0x3d d:/program files (x86)/microchip/xc32/v2.30/bin/bin/../../lib/gcc/pic32mx/4.8.3/../../../../pic32mx/lib\libpic32.a(default-bootstrap-exception-handler.o)
 .comment       0x00000000       0x3d d:/program files (x86)/microchip/xc32/v2.30/bin/bin/../../lib/gcc/pic32mx/4.8.3/../../../../pic32mx/lib\libpic32.a(default-on-reset.o)
 .comment       0x00000000       0x3d d:/program files (x86)/microchip/xc32/v2.30/bin/bin/../../lib/gcc/pic32mx/4.8.3/../../../../pic32mx/lib\libpic32.a(default-on-bootstrap.o)
 .comment       0x00000000       0x3d d:/program files (x86)/microchip/xc32/v2.30/bin/bin/../../lib/gcc/pic32mx/4.8.3/../../../../pic32mx/lib\libpic32.a(defaultinterrupt.o)
 .comment       0x00000000       0x3d d:/program files (x86)/microchip/xc32/v2.30/bin/bin/../../lib/gcc/pic32mx/4.8.3/../../../../pic32mx/lib\libc.a(memmove.o)
 .comment       0x00000000       0x3d d:/program files (x86)/microchip/xc32/v2.30/bin/bin/../../lib/gcc/pic32mx/4.8.3/../../../../pic32mx/lib\libc.a(vprintf.o)
 .comment       0x00000000       0x3d d:/program files (x86)/microchip/xc32/v2.30/bin/bin/../../lib/gcc/pic32mx/4.8.3/../../../../pic32mx/lib\libc.a(_iob.o)
 .comment       0x00000000       0x3d d:/program files (x86)/microchip/xc32/v2.30/bin/bin/../../lib/gcc/pic32mx/4.8.3/../../../../pic32mx/lib\libc.a(doprnt.o)
 .comment       0x00000000       0x3d d:/program files (x86)/microchip/xc32/v2.30/bin/bin/../../lib/gcc/pic32mx/4.8.3/../../../../pic32mx/lib\libc.a(_fputc_simple.o)
 .comment       0x00000054       0x4e d:/program files (x86)/microchip/xc32/v2.30/bin/bin/../../lib/gcc/pic32mx/4.8.3/../../../../pic32mx/lib\libc.a(ctype.o)
                                 0x8b (size before relaxing)
 .comment       0x00000000       0x3d d:/program files (x86)/microchip/xc32/v2.30/bin/bin/../../lib/gcc/pic32mx/4.8.3/../../../../pic32mx/lib\libc.a(ldpowers.o)
 .comment       0x00000000       0x3d d:/program files (x86)/microchip/xc32/v2.30/bin/bin/../../lib/gcc/pic32mx/4.8.3/../../../../pic32mx/lib\libc.a(_flsbuf_simple.o)
 .comment       0x000000a2       0x9f d:/program files (x86)/microchip/xc32/v2.30/bin/bin/../../lib/gcc/pic32mx/4.8.3/../../../../pic32mx/lib\libe.a(_fixunsdfdi.o)
                                 0xdc (size before relaxing)
 .comment       0x00000141       0x50 d:/program files (x86)/microchip/xc32/v2.30/bin/bin/../../lib/gcc/pic32mx/4.8.3/../../../../pic32mx/lib\libe.a(_orderdf2.o)
                                 0xdb (size before relaxing)
 .comment       0x00000191       0x50 d:/program files (x86)/microchip/xc32/v2.30/bin/bin/../../lib/gcc/pic32mx/4.8.3/../../../../pic32mx/lib\libe.a(_fixdfdi.o)
                                 0xdb (size before relaxing)
 .comment       0x00000000       0x3d d:/program files (x86)/microchip/xc32/v2.30/bin/bin/../../lib/gcc/pic32mx/4.8.3\libgcc.a(_floatundidf.o)
 .comment       0x00000000       0x3d d:/program files (x86)/microchip/xc32/v2.30/bin/bin/../../lib/gcc/pic32mx/4.8.3\libgcc.a(_udivdi3.o)
 .comment       0x00000000       0x3d d:/program files (x86)/microchip/xc32/v2.30/bin/bin/../../lib/gcc/pic32mx/4.8.3\libgcc.a(_umoddi3.o)
 .comment       0x00000000       0x3d d:/program files (x86)/microchip/xc32/v2.30/bin/bin/../../lib/gcc/pic32mx/4.8.3\libgcc.a(floatunsidf.o)
 .comment       0x00000000       0x3d d:/program files (x86)/microchip/xc32/v2.30/bin/bin/../../lib/gcc/pic32mx/4.8.3/../../../../pic32mx/lib\libpic32.a(write.o)

.debug
 *(.debug)

.line
 *(.line)

.debug_srcinfo
 *(.debug_srcinfo)

.debug_sfnames
 *(.debug_sfnames)

.debug_aranges  0x00000000     0x13f8
 *(.debug_aranges)
 .debug_aranges
                0x00000000       0x88 build/default/production/_ext/897820976/drv_at24.o
 .debug_aranges
                0x00000088       0x70 build/default/production/_ext/60163342/plib_adc.o
 .debug_aranges
                0x000000f8       0x20 build/default/production/_ext/60165520/plib_clk.o
 .debug_aranges
                0x00000118       0x50 build/default/production/_ext/1865200349/plib_evic.o
 .debug_aranges
                0x00000168       0x60 build/default/production/_ext/1865254177/plib_gpio.o
 .debug_aranges
                0x000001c8       0x78 build/default/production/_ext/60169480/plib_i2c1.o
 .debug_aranges
                0x00000240       0x50 build/default/production/_ext/60176403/plib_nvm.o
 .debug_aranges
                0x00000290       0x30 build/default/production/_ext/1865569570/plib_rcon.o
 .debug_aranges
                0x000002c0       0x70 build/default/production/_ext/1865657120/plib_uart3.o
 .debug_aranges
                0x00000330       0x70 build/default/production/_ext/1865657120/plib_uart1.o
 .debug_aranges
                0x000003a0       0x30 build/default/production/_ext/14461671/sys_dma.o
 .debug_aranges
                0x000003d0       0x40 build/default/production/_ext/1881668453/sys_int.o
 .debug_aranges
                0x00000410       0x20 build/default/production/_ext/1171490990/initialization.o
 .debug_aranges
                0x00000430       0x28 build/default/production/_ext/1171490990/interrupts.o
 .debug_aranges
                0x00000458       0x38 build/default/production/_ext/1171490990/interrupts_a.o
 .debug_aranges
                0x00000490       0x20 build/default/production/_ext/1171490990/exceptions.o
 .debug_aranges
                0x000004b0       0x40 build/default/production/_ext/1171490990/freertos_hooks.o
 .debug_aranges
                0x000004f0       0x28 build/default/production/_ext/1171490990/tasks.o
 .debug_aranges
                0x00000518       0x50 build/default/production/_ext/1360937237/audits.o
 .debug_aranges
                0x00000568       0x70 build/default/production/_ext/1360937237/parameters.o
 .debug_aranges
                0x000005d8       0x30 build/default/production/_ext/1360937237/dataCommun.o
 .debug_aranges
                0x00000608       0x38 build/default/production/_ext/1665200909/heap_1.o
 .debug_aranges
                0x00000640       0x58 build/default/production/_ext/951553248/port.o
 .debug_aranges
                0x00000698       0x20 build/default/production/_ext/951553248/port_asm.o
 .debug_aranges
                0x000006b8       0x18 build/default/production/_ext/404212886/croutine.o
 .debug_aranges
                0x000006d0       0x40 build/default/production/_ext/404212886/list.o
 .debug_aranges
                0x00000710      0x138 build/default/production/_ext/404212886/queue.o
 .debug_aranges
                0x00000848      0x1b0 build/default/production/_ext/404212886/FreeRTOS_tasks.o
 .debug_aranges
                0x000009f8       0xc0 build/default/production/_ext/404212886/timers.o
 .debug_aranges
                0x00000ab8       0x68 build/default/production/_ext/404212886/event_groups.o
 .debug_aranges
                0x00000b20       0xc0 build/default/production/_ext/404212886/stream_buffer.o
 .debug_aranges
                0x00000be0       0xa0 build/default/production/_ext/659830161/MDB.o
 .debug_aranges
                0x00000c80       0xb8 build/default/production/_ext/659830161/MDB_CG.o
 .debug_aranges
                0x00000d38       0x88 build/default/production/_ext/659830161/MDB_BV.o
 .debug_aranges
                0x00000dc0       0x80 build/default/production/_ext/1529399856/osal_freertos.o
 .debug_aranges
                0x00000e40       0xe0 build/default/production/_ext/1360937237/hd44780.o
 .debug_aranges
                0x00000f20       0x20 build/default/production/_ext/1360937237/delay_us.o
 .debug_aranges
                0x00000f40       0x40 build/default/production/_ext/1360937237/leds.o
 .debug_aranges
                0x00000f80       0x78 build/default/production/_ext/1360937237/DS18B20.o
 .debug_aranges
                0x00000ff8       0x80 build/default/production/_ext/1360937237/contacts.o
 .debug_aranges
                0x00001078       0x68 build/default/production/_ext/1360937237/moteurs.o
 .debug_aranges
                0x000010e0       0x38 build/default/production/_ext/1360937237/trap_security.o
 .debug_aranges
                0x00001118       0x20 build/default/production/_ext/1360937237/main.o
 .debug_aranges
                0x00001138       0x70 build/default/production/_ext/1360937237/mainboard2.o
 .debug_aranges
                0x000011a8       0x20 d:/program files (x86)/microchip/xc32/v2.30/bin/bin/../../lib/gcc/pic32mx/4.8.3\libgcc.a(floatunsisf.o)
 .debug_aranges
                0x000011c8       0x20 d:/program files (x86)/microchip/xc32/v2.30/bin/bin/../../lib/gcc/pic32mx/4.8.3/../../../../pic32mx/lib\libpic32.a(default-bootstrap-exception-handler.o)
 .debug_aranges
                0x000011e8       0x20 d:/program files (x86)/microchip/xc32/v2.30/bin/bin/../../lib/gcc/pic32mx/4.8.3/../../../../pic32mx/lib\libpic32.a(default-on-reset.o)
 .debug_aranges
                0x00001208       0x20 d:/program files (x86)/microchip/xc32/v2.30/bin/bin/../../lib/gcc/pic32mx/4.8.3/../../../../pic32mx/lib\libpic32.a(default-on-bootstrap.o)
 .debug_aranges
                0x00001228       0x20 d:/program files (x86)/microchip/xc32/v2.30/bin/bin/../../lib/gcc/pic32mx/4.8.3/../../../../pic32mx/lib\libpic32.a(defaultinterrupt.o)
 .debug_aranges
                0x00001248       0x20 d:/program files (x86)/microchip/xc32/v2.30/bin/bin/../../lib/gcc/pic32mx/4.8.3/../../../../pic32mx/lib\libc.a(memmove.o)
 .debug_aranges
                0x00001268       0x20 d:/program files (x86)/microchip/xc32/v2.30/bin/bin/../../lib/gcc/pic32mx/4.8.3/../../../../pic32mx/lib\libc.a(vprintf.o)
 .debug_aranges
                0x00001288       0x30 d:/program files (x86)/microchip/xc32/v2.30/bin/bin/../../lib/gcc/pic32mx/4.8.3/../../../../pic32mx/lib\libc.a(doprnt.o)
 .debug_aranges
                0x000012b8       0x20 d:/program files (x86)/microchip/xc32/v2.30/bin/bin/../../lib/gcc/pic32mx/4.8.3/../../../../pic32mx/lib\libc.a(_fputc_simple.o)
 .debug_aranges
                0x000012d8       0x20 d:/program files (x86)/microchip/xc32/v2.30/bin/bin/../../lib/gcc/pic32mx/4.8.3/../../../../pic32mx/lib\libc.a(_flsbuf_simple.o)
 .debug_aranges
                0x000012f8       0x20 d:/program files (x86)/microchip/xc32/v2.30/bin/bin/../../lib/gcc/pic32mx/4.8.3/../../../../pic32mx/lib\libe.a(_fixunsdfdi.o)
 .debug_aranges
                0x00001318       0x20 d:/program files (x86)/microchip/xc32/v2.30/bin/bin/../../lib/gcc/pic32mx/4.8.3/../../../../pic32mx/lib\libe.a(_orderdf2.o)
 .debug_aranges
                0x00001338       0x20 d:/program files (x86)/microchip/xc32/v2.30/bin/bin/../../lib/gcc/pic32mx/4.8.3/../../../../pic32mx/lib\libe.a(_fixdfdi.o)
 .debug_aranges
                0x00001358       0x20 d:/program files (x86)/microchip/xc32/v2.30/bin/bin/../../lib/gcc/pic32mx/4.8.3\libgcc.a(_floatundidf.o)
 .debug_aranges
                0x00001378       0x20 d:/program files (x86)/microchip/xc32/v2.30/bin/bin/../../lib/gcc/pic32mx/4.8.3\libgcc.a(_udivdi3.o)
 .debug_aranges
                0x00001398       0x20 d:/program files (x86)/microchip/xc32/v2.30/bin/bin/../../lib/gcc/pic32mx/4.8.3\libgcc.a(_umoddi3.o)
 .debug_aranges
                0x000013b8       0x20 d:/program files (x86)/microchip/xc32/v2.30/bin/bin/../../lib/gcc/pic32mx/4.8.3\libgcc.a(floatunsidf.o)
 .debug_aranges
                0x000013d8       0x20 d:/program files (x86)/microchip/xc32/v2.30/bin/bin/../../lib/gcc/pic32mx/4.8.3/../../../../pic32mx/lib\libpic32.a(write.o)

.debug_pubnames
 *(.debug_pubnames)

.debug_info     0x00000000    0x19b2c
 *(.debug_info .gnu.linkonce.wi.*)
 .debug_info    0x00000000      0xf41 build/default/production/_ext/897820976/drv_at24.o
 .debug_info    0x00000f41     0x10ba build/default/production/_ext/60163342/plib_adc.o
 .debug_info    0x00001ffb      0x280 build/default/production/_ext/60165520/plib_clk.o
 .debug_info    0x0000227b      0xb82 build/default/production/_ext/1865200349/plib_evic.o
 .debug_info    0x00002dfd      0x782 build/default/production/_ext/1865254177/plib_gpio.o
 .debug_info    0x0000357f      0x95b build/default/production/_ext/60169480/plib_i2c1.o
 .debug_info    0x00003eda      0x6dc build/default/production/_ext/60176403/plib_nvm.o
 .debug_info    0x000045b6      0x36b build/default/production/_ext/1865569570/plib_rcon.o
 .debug_info    0x00004921      0x7ed build/default/production/_ext/1865657120/plib_uart3.o
 .debug_info    0x0000510e      0x7ed build/default/production/_ext/1865657120/plib_uart1.o
 .debug_info    0x000058fb      0x50f build/default/production/_ext/14461671/sys_dma.o
 .debug_info    0x00005e0a      0xa58 build/default/production/_ext/1881668453/sys_int.o
 .debug_info    0x00006862      0x92e build/default/production/_ext/1171490990/initialization.o
 .debug_info    0x00007190      0x2f9 build/default/production/_ext/1171490990/interrupts.o
 .debug_info    0x00007489       0x8d build/default/production/_ext/1171490990/interrupts_a.o
 .debug_info    0x00007516      0x35d build/default/production/_ext/1171490990/exceptions.o
 .debug_info    0x00007873      0x317 build/default/production/_ext/1171490990/freertos_hooks.o
 .debug_info    0x00007b8a      0x380 build/default/production/_ext/1171490990/tasks.o
 .debug_info    0x00007f0a      0x973 build/default/production/_ext/1360937237/audits.o
 .debug_info    0x0000887d      0x894 build/default/production/_ext/1360937237/parameters.o
 .debug_info    0x00009111      0x478 build/default/production/_ext/1360937237/dataCommun.o
 .debug_info    0x00009589      0x2e4 build/default/production/_ext/1665200909/heap_1.o
 .debug_info    0x0000986d      0xdcf build/default/production/_ext/951553248/port.o
 .debug_info    0x0000a63c       0xb6 build/default/production/_ext/951553248/port_asm.o
 .debug_info    0x0000a6f2      0x168 build/default/production/_ext/404212886/croutine.o
 .debug_info    0x0000a85a      0x476 build/default/production/_ext/404212886/list.o
 .debug_info    0x0000acd0     0x1888 build/default/production/_ext/404212886/queue.o
 .debug_info    0x0000c558     0x1e96 build/default/production/_ext/404212886/FreeRTOS_tasks.o
 .debug_info    0x0000e3ee      0xe9a build/default/production/_ext/404212886/timers.o
 .debug_info    0x0000f288      0x960 build/default/production/_ext/404212886/event_groups.o
 .debug_info    0x0000fbe8      0xf69 build/default/production/_ext/404212886/stream_buffer.o
 .debug_info    0x00010b51      0xadc build/default/production/_ext/659830161/MDB.o
 .debug_info    0x0001162d     0x12a4 build/default/production/_ext/659830161/MDB_CG.o
 .debug_info    0x000128d1      0xbbb build/default/production/_ext/659830161/MDB_BV.o
 .debug_info    0x0001348c      0x711 build/default/production/_ext/1529399856/osal_freertos.o
 .debug_info    0x00013b9d      0xd86 build/default/production/_ext/1360937237/hd44780.o
 .debug_info    0x00014923      0x1a7 build/default/production/_ext/1360937237/delay_us.o
 .debug_info    0x00014aca      0x604 build/default/production/_ext/1360937237/leds.o
 .debug_info    0x000150ce      0x893 build/default/production/_ext/1360937237/DS18B20.o
 .debug_info    0x00015961      0x787 build/default/production/_ext/1360937237/contacts.o
 .debug_info    0x000160e8      0x587 build/default/production/_ext/1360937237/moteurs.o
 .debug_info    0x0001666f      0x80f build/default/production/_ext/1360937237/trap_security.o
 .debug_info    0x00016e7e      0x311 build/default/production/_ext/1360937237/main.o
 .debug_info    0x0001718f      0xb97 build/default/production/_ext/1360937237/mainboard2.o
 .debug_info    0x00017d26      0x129 d:/program files (x86)/microchip/xc32/v2.30/bin/bin/../../lib/gcc/pic32mx/4.8.3\libgcc.a(floatunsisf.o)
 .debug_info    0x00017e4f       0xf4 d:/program files (x86)/microchip/xc32/v2.30/bin/bin/../../lib/gcc/pic32mx/4.8.3/../../../../pic32mx/lib\libpic32.a(default-bootstrap-exception-handler.o)
 .debug_info    0x00017f43       0xcd d:/program files (x86)/microchip/xc32/v2.30/bin/bin/../../lib/gcc/pic32mx/4.8.3/../../../../pic32mx/lib\libpic32.a(default-on-reset.o)
 .debug_info    0x00018010       0xd5 d:/program files (x86)/microchip/xc32/v2.30/bin/bin/../../lib/gcc/pic32mx/4.8.3/../../../../pic32mx/lib\libpic32.a(default-on-bootstrap.o)
 .debug_info    0x000180e5       0xe7 d:/program files (x86)/microchip/xc32/v2.30/bin/bin/../../lib/gcc/pic32mx/4.8.3/../../../../pic32mx/lib\libpic32.a(defaultinterrupt.o)
 .debug_info    0x000181cc       0xc6 d:/program files (x86)/microchip/xc32/v2.30/bin/bin/../../lib/gcc/pic32mx/4.8.3/../../../../pic32mx/lib\libc.a(memmove.o)
 .debug_info    0x00018292       0xc6 d:/program files (x86)/microchip/xc32/v2.30/bin/bin/../../lib/gcc/pic32mx/4.8.3/../../../../pic32mx/lib\libc.a(vprintf.o)
 .debug_info    0x00018358       0xfe d:/program files (x86)/microchip/xc32/v2.30/bin/bin/../../lib/gcc/pic32mx/4.8.3/../../../../pic32mx/lib\libc.a(doprnt.o)
 .debug_info    0x00018456       0xc2 d:/program files (x86)/microchip/xc32/v2.30/bin/bin/../../lib/gcc/pic32mx/4.8.3/../../../../pic32mx/lib\libc.a(_fputc_simple.o)
 .debug_info    0x00018518       0xc5 d:/program files (x86)/microchip/xc32/v2.30/bin/bin/../../lib/gcc/pic32mx/4.8.3/../../../../pic32mx/lib\libc.a(_flsbuf_simple.o)
 .debug_info    0x000185dd       0xce d:/program files (x86)/microchip/xc32/v2.30/bin/bin/../../lib/gcc/pic32mx/4.8.3/../../../../pic32mx/lib\libe.a(_fixunsdfdi.o)
 .debug_info    0x000186ab       0xba d:/program files (x86)/microchip/xc32/v2.30/bin/bin/../../lib/gcc/pic32mx/4.8.3/../../../../pic32mx/lib\libe.a(_orderdf2.o)
 .debug_info    0x00018765       0xb9 d:/program files (x86)/microchip/xc32/v2.30/bin/bin/../../lib/gcc/pic32mx/4.8.3/../../../../pic32mx/lib\libe.a(_fixdfdi.o)
 .debug_info    0x0001881e      0x245 d:/program files (x86)/microchip/xc32/v2.30/bin/bin/../../lib/gcc/pic32mx/4.8.3\libgcc.a(_floatundidf.o)
 .debug_info    0x00018a63      0x74b d:/program files (x86)/microchip/xc32/v2.30/bin/bin/../../lib/gcc/pic32mx/4.8.3\libgcc.a(_udivdi3.o)
 .debug_info    0x000191ae      0x788 d:/program files (x86)/microchip/xc32/v2.30/bin/bin/../../lib/gcc/pic32mx/4.8.3\libgcc.a(_umoddi3.o)
 .debug_info    0x00019936      0x137 d:/program files (x86)/microchip/xc32/v2.30/bin/bin/../../lib/gcc/pic32mx/4.8.3\libgcc.a(floatunsidf.o)
 .debug_info    0x00019a6d       0xbf d:/program files (x86)/microchip/xc32/v2.30/bin/bin/../../lib/gcc/pic32mx/4.8.3/../../../../pic32mx/lib\libpic32.a(write.o)

.debug_abbrev   0x00000000     0x409b
 *(.debug_abbrev)
 .debug_abbrev  0x00000000      0x22f build/default/production/_ext/897820976/drv_at24.o
 .debug_abbrev  0x0000022f      0x19c build/default/production/_ext/60163342/plib_adc.o
 .debug_abbrev  0x000003cb       0x6f build/default/production/_ext/60165520/plib_clk.o
 .debug_abbrev  0x0000043a       0xd1 build/default/production/_ext/1865200349/plib_evic.o
 .debug_abbrev  0x0000050b      0x134 build/default/production/_ext/1865254177/plib_gpio.o
 .debug_abbrev  0x0000063f      0x1a4 build/default/production/_ext/60169480/plib_i2c1.o
 .debug_abbrev  0x000007e3      0x13e build/default/production/_ext/60176403/plib_nvm.o
 .debug_abbrev  0x00000921       0xb7 build/default/production/_ext/1865569570/plib_rcon.o
 .debug_abbrev  0x000009d8      0x192 build/default/production/_ext/1865657120/plib_uart3.o
 .debug_abbrev  0x00000b6a      0x192 build/default/production/_ext/1865657120/plib_uart1.o
 .debug_abbrev  0x00000cfc       0xa6 build/default/production/_ext/14461671/sys_dma.o
 .debug_abbrev  0x00000da2       0xe4 build/default/production/_ext/1881668453/sys_int.o
 .debug_abbrev  0x00000e86      0x16b build/default/production/_ext/1171490990/initialization.o
 .debug_abbrev  0x00000ff1       0x9b build/default/production/_ext/1171490990/interrupts.o
 .debug_abbrev  0x0000108c       0x12 build/default/production/_ext/1171490990/interrupts_a.o
 .debug_abbrev  0x0000109e       0xbc build/default/production/_ext/1171490990/exceptions.o
 .debug_abbrev  0x0000115a       0xd0 build/default/production/_ext/1171490990/freertos_hooks.o
 .debug_abbrev  0x0000122a       0xdb build/default/production/_ext/1171490990/tasks.o
 .debug_abbrev  0x00001305      0x1ba build/default/production/_ext/1360937237/audits.o
 .debug_abbrev  0x000014bf      0x1d0 build/default/production/_ext/1360937237/parameters.o
 .debug_abbrev  0x0000168f       0xf2 build/default/production/_ext/1360937237/dataCommun.o
 .debug_abbrev  0x00001781       0xd6 build/default/production/_ext/1665200909/heap_1.o
 .debug_abbrev  0x00001857      0x283 build/default/production/_ext/951553248/port.o
 .debug_abbrev  0x00001ada       0x14 build/default/production/_ext/951553248/port_asm.o
 .debug_abbrev  0x00001aee       0x1b build/default/production/_ext/404212886/croutine.o
 .debug_abbrev  0x00001b09       0xe9 build/default/production/_ext/404212886/list.o
 .debug_abbrev  0x00001bf2      0x204 build/default/production/_ext/404212886/queue.o
 .debug_abbrev  0x00001df6      0x225 build/default/production/_ext/404212886/FreeRTOS_tasks.o
 .debug_abbrev  0x0000201b      0x1f9 build/default/production/_ext/404212886/timers.o
 .debug_abbrev  0x00002214      0x160 build/default/production/_ext/404212886/event_groups.o
 .debug_abbrev  0x00002374      0x1d8 build/default/production/_ext/404212886/stream_buffer.o
 .debug_abbrev  0x0000254c      0x25b build/default/production/_ext/659830161/MDB.o
 .debug_abbrev  0x000027a7      0x289 build/default/production/_ext/659830161/MDB_CG.o
 .debug_abbrev  0x00002a30      0x25a build/default/production/_ext/659830161/MDB_BV.o
 .debug_abbrev  0x00002c8a      0x123 build/default/production/_ext/1529399856/osal_freertos.o
 .debug_abbrev  0x00002dad      0x22d build/default/production/_ext/1360937237/hd44780.o
 .debug_abbrev  0x00002fda       0x6d build/default/production/_ext/1360937237/delay_us.o
 .debug_abbrev  0x00003047      0x17b build/default/production/_ext/1360937237/leds.o
 .debug_abbrev  0x000031c2      0x22c build/default/production/_ext/1360937237/DS18B20.o
 .debug_abbrev  0x000033ee      0x204 build/default/production/_ext/1360937237/contacts.o
 .debug_abbrev  0x000035f2      0x166 build/default/production/_ext/1360937237/moteurs.o
 .debug_abbrev  0x00003758      0x11c build/default/production/_ext/1360937237/trap_security.o
 .debug_abbrev  0x00003874       0xb5 build/default/production/_ext/1360937237/main.o
 .debug_abbrev  0x00003929      0x197 build/default/production/_ext/1360937237/mainboard2.o
 .debug_abbrev  0x00003ac0       0x62 d:/program files (x86)/microchip/xc32/v2.30/bin/bin/../../lib/gcc/pic32mx/4.8.3\libgcc.a(floatunsisf.o)
 .debug_abbrev  0x00003b22       0x28 d:/program files (x86)/microchip/xc32/v2.30/bin/bin/../../lib/gcc/pic32mx/4.8.3/../../../../pic32mx/lib\libpic32.a(default-bootstrap-exception-handler.o)
 .debug_abbrev  0x00003b4a       0x28 d:/program files (x86)/microchip/xc32/v2.30/bin/bin/../../lib/gcc/pic32mx/4.8.3/../../../../pic32mx/lib\libpic32.a(default-on-reset.o)
 .debug_abbrev  0x00003b72       0x28 d:/program files (x86)/microchip/xc32/v2.30/bin/bin/../../lib/gcc/pic32mx/4.8.3/../../../../pic32mx/lib\libpic32.a(default-on-bootstrap.o)
 .debug_abbrev  0x00003b9a       0x28 d:/program files (x86)/microchip/xc32/v2.30/bin/bin/../../lib/gcc/pic32mx/4.8.3/../../../../pic32mx/lib\libpic32.a(defaultinterrupt.o)
 .debug_abbrev  0x00003bc2       0x28 d:/program files (x86)/microchip/xc32/v2.30/bin/bin/../../lib/gcc/pic32mx/4.8.3/../../../../pic32mx/lib\libc.a(memmove.o)
 .debug_abbrev  0x00003bea       0x28 d:/program files (x86)/microchip/xc32/v2.30/bin/bin/../../lib/gcc/pic32mx/4.8.3/../../../../pic32mx/lib\libc.a(vprintf.o)
 .debug_abbrev  0x00003c12       0x45 d:/program files (x86)/microchip/xc32/v2.30/bin/bin/../../lib/gcc/pic32mx/4.8.3/../../../../pic32mx/lib\libc.a(doprnt.o)
 .debug_abbrev  0x00003c57       0x28 d:/program files (x86)/microchip/xc32/v2.30/bin/bin/../../lib/gcc/pic32mx/4.8.3/../../../../pic32mx/lib\libc.a(_fputc_simple.o)
 .debug_abbrev  0x00003c7f       0x28 d:/program files (x86)/microchip/xc32/v2.30/bin/bin/../../lib/gcc/pic32mx/4.8.3/../../../../pic32mx/lib\libc.a(_flsbuf_simple.o)
 .debug_abbrev  0x00003ca7       0x37 d:/program files (x86)/microchip/xc32/v2.30/bin/bin/../../lib/gcc/pic32mx/4.8.3/../../../../pic32mx/lib\libe.a(_fixunsdfdi.o)
 .debug_abbrev  0x00003cde       0x28 d:/program files (x86)/microchip/xc32/v2.30/bin/bin/../../lib/gcc/pic32mx/4.8.3/../../../../pic32mx/lib\libe.a(_orderdf2.o)
 .debug_abbrev  0x00003d06       0x28 d:/program files (x86)/microchip/xc32/v2.30/bin/bin/../../lib/gcc/pic32mx/4.8.3/../../../../pic32mx/lib\libe.a(_fixdfdi.o)
 .debug_abbrev  0x00003d2e       0x64 d:/program files (x86)/microchip/xc32/v2.30/bin/bin/../../lib/gcc/pic32mx/4.8.3\libgcc.a(_floatundidf.o)
 .debug_abbrev  0x00003d92      0x138 d:/program files (x86)/microchip/xc32/v2.30/bin/bin/../../lib/gcc/pic32mx/4.8.3\libgcc.a(_udivdi3.o)
 .debug_abbrev  0x00003eca      0x147 d:/program files (x86)/microchip/xc32/v2.30/bin/bin/../../lib/gcc/pic32mx/4.8.3\libgcc.a(_umoddi3.o)
 .debug_abbrev  0x00004011       0x62 d:/program files (x86)/microchip/xc32/v2.30/bin/bin/../../lib/gcc/pic32mx/4.8.3\libgcc.a(floatunsidf.o)
 .debug_abbrev  0x00004073       0x28 d:/program files (x86)/microchip/xc32/v2.30/bin/bin/../../lib/gcc/pic32mx/4.8.3/../../../../pic32mx/lib\libpic32.a(write.o)

.debug_line     0x00000000     0x908a
 *(.debug_line)
 .debug_line    0x00000000      0x45c build/default/production/_ext/897820976/drv_at24.o
 .debug_line    0x0000045c      0x236 build/default/production/_ext/60163342/plib_adc.o
 .debug_line    0x00000692      0x16f build/default/production/_ext/60165520/plib_clk.o
 .debug_line    0x00000801      0x1f9 build/default/production/_ext/1865200349/plib_evic.o
 .debug_line    0x000009fa      0x233 build/default/production/_ext/1865254177/plib_gpio.o
 .debug_line    0x00000c2d      0x37b build/default/production/_ext/60169480/plib_i2c1.o
 .debug_line    0x00000fa8      0x236 build/default/production/_ext/60176403/plib_nvm.o
 .debug_line    0x000011de      0x18f build/default/production/_ext/1865569570/plib_rcon.o
 .debug_line    0x0000136d      0x2ec build/default/production/_ext/1865657120/plib_uart3.o
 .debug_line    0x00001659      0x2ec build/default/production/_ext/1865657120/plib_uart1.o
 .debug_line    0x00001945      0x10a build/default/production/_ext/14461671/sys_dma.o
 .debug_line    0x00001a4f      0x1a1 build/default/production/_ext/1881668453/sys_int.o
 .debug_line    0x00001bf0      0x361 build/default/production/_ext/1171490990/initialization.o
 .debug_line    0x00001f51      0x170 build/default/production/_ext/1171490990/interrupts.o
 .debug_line    0x000020c1       0x99 build/default/production/_ext/1171490990/interrupts_a.o
 .debug_line    0x0000215a      0x161 build/default/production/_ext/1171490990/exceptions.o
 .debug_line    0x000022bb      0x1a0 build/default/production/_ext/1171490990/freertos_hooks.o
 .debug_line    0x0000245b      0x253 build/default/production/_ext/1171490990/tasks.o
 .debug_line    0x000026ae      0x481 build/default/production/_ext/1360937237/audits.o
 .debug_line    0x00002b2f      0x3a3 build/default/production/_ext/1360937237/parameters.o
 .debug_line    0x00002ed2      0x249 build/default/production/_ext/1360937237/dataCommun.o
 .debug_line    0x0000311b      0x187 build/default/production/_ext/1665200909/heap_1.o
 .debug_line    0x000032a2      0x29f build/default/production/_ext/951553248/port.o
 .debug_line    0x00003541       0xfc build/default/production/_ext/951553248/port_asm.o
 .debug_line    0x0000363d       0x1d build/default/production/_ext/404212886/croutine.o
 .debug_line    0x0000365a      0x246 build/default/production/_ext/404212886/list.o
 .debug_line    0x000038a0      0x754 build/default/production/_ext/404212886/queue.o
 .debug_line    0x00003ff4      0x945 build/default/production/_ext/404212886/FreeRTOS_tasks.o
 .debug_line    0x00004939      0x46e build/default/production/_ext/404212886/timers.o
 .debug_line    0x00004da7      0x347 build/default/production/_ext/404212886/event_groups.o
 .debug_line    0x000050ee      0x4f2 build/default/production/_ext/404212886/stream_buffer.o
 .debug_line    0x000055e0      0x50e build/default/production/_ext/659830161/MDB.o
 .debug_line    0x00005aee      0x54e build/default/production/_ext/659830161/MDB_CG.o
 .debug_line    0x0000603c      0x458 build/default/production/_ext/659830161/MDB_BV.o
 .debug_line    0x00006494      0x327 build/default/production/_ext/1529399856/osal_freertos.o
 .debug_line    0x000067bb      0x5a1 build/default/production/_ext/1360937237/hd44780.o
 .debug_line    0x00006d5c       0xd0 build/default/production/_ext/1360937237/delay_us.o
 .debug_line    0x00006e2c      0x354 build/default/production/_ext/1360937237/leds.o
 .debug_line    0x00007180      0x3b0 build/default/production/_ext/1360937237/DS18B20.o
 .debug_line    0x00007530      0x3c5 build/default/production/_ext/1360937237/contacts.o
 .debug_line    0x000078f5      0x3bb build/default/production/_ext/1360937237/moteurs.o
 .debug_line    0x00007cb0      0x2e9 build/default/production/_ext/1360937237/trap_security.o
 .debug_line    0x00007f99      0x1d5 build/default/production/_ext/1360937237/main.o
 .debug_line    0x0000816e      0x458 build/default/production/_ext/1360937237/mainboard2.o
 .debug_line    0x000085c6       0x94 d:/program files (x86)/microchip/xc32/v2.30/bin/bin/../../lib/gcc/pic32mx/4.8.3\libgcc.a(floatunsisf.o)
 .debug_line    0x0000865a       0xa6 d:/program files (x86)/microchip/xc32/v2.30/bin/bin/../../lib/gcc/pic32mx/4.8.3/../../../../pic32mx/lib\libpic32.a(default-bootstrap-exception-handler.o)
 .debug_line    0x00008700       0x93 d:/program files (x86)/microchip/xc32/v2.30/bin/bin/../../lib/gcc/pic32mx/4.8.3/../../../../pic32mx/lib\libpic32.a(default-on-reset.o)
 .debug_line    0x00008793       0x97 d:/program files (x86)/microchip/xc32/v2.30/bin/bin/../../lib/gcc/pic32mx/4.8.3/../../../../pic32mx/lib\libpic32.a(default-on-bootstrap.o)
 .debug_line    0x0000882a       0xa5 d:/program files (x86)/microchip/xc32/v2.30/bin/bin/../../lib/gcc/pic32mx/4.8.3/../../../../pic32mx/lib\libpic32.a(defaultinterrupt.o)
 .debug_line    0x000088cf       0x7f d:/program files (x86)/microchip/xc32/v2.30/bin/bin/../../lib/gcc/pic32mx/4.8.3/../../../../pic32mx/lib\libc.a(memmove.o)
 .debug_line    0x0000894e       0x7f d:/program files (x86)/microchip/xc32/v2.30/bin/bin/../../lib/gcc/pic32mx/4.8.3/../../../../pic32mx/lib\libc.a(vprintf.o)
 .debug_line    0x000089cd        0x0 d:/program files (x86)/microchip/xc32/v2.30/bin/bin/../../lib/gcc/pic32mx/4.8.3/../../../../pic32mx/lib\libc.a(_iob.o)
 .debug_line    0x000089cd       0x7e d:/program files (x86)/microchip/xc32/v2.30/bin/bin/../../lib/gcc/pic32mx/4.8.3/../../../../pic32mx/lib\libc.a(doprnt.o)
 .debug_line    0x00008a4b       0x7d d:/program files (x86)/microchip/xc32/v2.30/bin/bin/../../lib/gcc/pic32mx/4.8.3/../../../../pic32mx/lib\libc.a(_fputc_simple.o)
 .debug_line    0x00008ac8        0x0 d:/program files (x86)/microchip/xc32/v2.30/bin/bin/../../lib/gcc/pic32mx/4.8.3/../../../../pic32mx/lib\libc.a(ctype.o)
 .debug_line    0x00008ac8        0x0 d:/program files (x86)/microchip/xc32/v2.30/bin/bin/../../lib/gcc/pic32mx/4.8.3/../../../../pic32mx/lib\libc.a(ldpowers.o)
 .debug_line    0x00008ac8       0x7e d:/program files (x86)/microchip/xc32/v2.30/bin/bin/../../lib/gcc/pic32mx/4.8.3/../../../../pic32mx/lib\libc.a(_flsbuf_simple.o)
 .debug_line    0x00008b46       0x82 d:/program files (x86)/microchip/xc32/v2.30/bin/bin/../../lib/gcc/pic32mx/4.8.3/../../../../pic32mx/lib\libe.a(_fixunsdfdi.o)
 .debug_line    0x00008bc8       0x81 d:/program files (x86)/microchip/xc32/v2.30/bin/bin/../../lib/gcc/pic32mx/4.8.3/../../../../pic32mx/lib\libe.a(_orderdf2.o)
 .debug_line    0x00008c49       0x81 d:/program files (x86)/microchip/xc32/v2.30/bin/bin/../../lib/gcc/pic32mx/4.8.3/../../../../pic32mx/lib\libe.a(_fixdfdi.o)
 .debug_line    0x00008cca       0xa5 d:/program files (x86)/microchip/xc32/v2.30/bin/bin/../../lib/gcc/pic32mx/4.8.3\libgcc.a(_floatundidf.o)
 .debug_line    0x00008d6f       0xf7 d:/program files (x86)/microchip/xc32/v2.30/bin/bin/../../lib/gcc/pic32mx/4.8.3\libgcc.a(_udivdi3.o)
 .debug_line    0x00008e66      0x109 d:/program files (x86)/microchip/xc32/v2.30/bin/bin/../../lib/gcc/pic32mx/4.8.3\libgcc.a(_umoddi3.o)
 .debug_line    0x00008f6f       0x93 d:/program files (x86)/microchip/xc32/v2.30/bin/bin/../../lib/gcc/pic32mx/4.8.3\libgcc.a(floatunsidf.o)
 .debug_line    0x00009002       0x88 d:/program files (x86)/microchip/xc32/v2.30/bin/bin/../../lib/gcc/pic32mx/4.8.3/../../../../pic32mx/lib\libpic32.a(write.o)

.debug_frame    0x00000000     0x3ef4
 *(.debug_frame)
 .debug_frame   0x00000000      0x1f0 build/default/production/_ext/897820976/drv_at24.o
 .debug_frame   0x000001f0      0x174 build/default/production/_ext/60163342/plib_adc.o
 .debug_frame   0x00000364       0x34 build/default/production/_ext/60165520/plib_clk.o
 .debug_frame   0x00000398       0xf0 build/default/production/_ext/1865200349/plib_evic.o
 .debug_frame   0x00000488      0x134 build/default/production/_ext/1865254177/plib_gpio.o
 .debug_frame   0x000005bc      0x1ac build/default/production/_ext/60169480/plib_i2c1.o
 .debug_frame   0x00000768      0x104 build/default/production/_ext/60176403/plib_nvm.o
 .debug_frame   0x0000086c       0x6c build/default/production/_ext/1865569570/plib_rcon.o
 .debug_frame   0x000008d8      0x17c build/default/production/_ext/1865657120/plib_uart3.o
 .debug_frame   0x00000a54      0x17c build/default/production/_ext/1865657120/plib_uart1.o
 .debug_frame   0x00000bd0       0x70 build/default/production/_ext/14461671/sys_dma.o
 .debug_frame   0x00000c40       0xc4 build/default/production/_ext/1881668453/sys_int.o
 .debug_frame   0x00000d04       0x34 build/default/production/_ext/1171490990/initialization.o
 .debug_frame   0x00000d38       0x58 build/default/production/_ext/1171490990/interrupts.o
 .debug_frame   0x00000d90       0x2c build/default/production/_ext/1171490990/exceptions.o
 .debug_frame   0x00000dbc       0xac build/default/production/_ext/1171490990/freertos_hooks.o
 .debug_frame   0x00000e68       0x50 build/default/production/_ext/1171490990/tasks.o
 .debug_frame   0x00000eb8       0xf8 build/default/production/_ext/1360937237/audits.o
 .debug_frame   0x00000fb0      0x184 build/default/production/_ext/1360937237/parameters.o
 .debug_frame   0x00001134       0x74 build/default/production/_ext/1360937237/dataCommun.o
 .debug_frame   0x000011a8       0x94 build/default/production/_ext/1665200909/heap_1.o
 .debug_frame   0x0000123c      0x120 build/default/production/_ext/951553248/port.o
 .debug_frame   0x0000135c       0xb0 build/default/production/_ext/404212886/list.o
 .debug_frame   0x0000140c      0x504 build/default/production/_ext/404212886/queue.o
 .debug_frame   0x00001910      0x700 build/default/production/_ext/404212886/FreeRTOS_tasks.o
 .debug_frame   0x00002010      0x2e8 build/default/production/_ext/404212886/timers.o
 .debug_frame   0x000022f8      0x174 build/default/production/_ext/404212886/event_groups.o
 .debug_frame   0x0000246c      0x2f4 build/default/production/_ext/404212886/stream_buffer.o
 .debug_frame   0x00002760      0x250 build/default/production/_ext/659830161/MDB.o
 .debug_frame   0x000029b0      0x2b8 build/default/production/_ext/659830161/MDB_CG.o
 .debug_frame   0x00002c68      0x1ec build/default/production/_ext/659830161/MDB_BV.o
 .debug_frame   0x00002e54      0x1e0 build/default/production/_ext/1529399856/osal_freertos.o
 .debug_frame   0x00003034      0x380 build/default/production/_ext/1360937237/hd44780.o
 .debug_frame   0x000033b4       0x30 build/default/production/_ext/1360937237/delay_us.o
 .debug_frame   0x000033e4       0xb4 build/default/production/_ext/1360937237/leds.o
 .debug_frame   0x00003498      0x1b4 build/default/production/_ext/1360937237/DS18B20.o
 .debug_frame   0x0000364c      0x1b4 build/default/production/_ext/1360937237/contacts.o
 .debug_frame   0x00003800      0x15c build/default/production/_ext/1360937237/moteurs.o
 .debug_frame   0x0000395c       0x94 build/default/production/_ext/1360937237/trap_security.o
 .debug_frame   0x000039f0       0x2c build/default/production/_ext/1360937237/main.o
 .debug_frame   0x00003a1c      0x188 build/default/production/_ext/1360937237/mainboard2.o
 .debug_frame   0x00003ba4       0x30 d:/program files (x86)/microchip/xc32/v2.30/bin/bin/../../lib/gcc/pic32mx/4.8.3\libgcc.a(floatunsisf.o)
 .debug_frame   0x00003bd4       0x2c d:/program files (x86)/microchip/xc32/v2.30/bin/bin/../../lib/gcc/pic32mx/4.8.3/../../../../pic32mx/lib\libpic32.a(default-bootstrap-exception-handler.o)
 .debug_frame   0x00003c00       0x20 d:/program files (x86)/microchip/xc32/v2.30/bin/bin/../../lib/gcc/pic32mx/4.8.3/../../../../pic32mx/lib\libpic32.a(default-on-reset.o)
 .debug_frame   0x00003c20       0x20 d:/program files (x86)/microchip/xc32/v2.30/bin/bin/../../lib/gcc/pic32mx/4.8.3/../../../../pic32mx/lib\libpic32.a(default-on-bootstrap.o)
 .debug_frame   0x00003c40       0x20 d:/program files (x86)/microchip/xc32/v2.30/bin/bin/../../lib/gcc/pic32mx/4.8.3/../../../../pic32mx/lib\libpic32.a(defaultinterrupt.o)
 .debug_frame   0x00003c60       0x20 d:/program files (x86)/microchip/xc32/v2.30/bin/bin/../../lib/gcc/pic32mx/4.8.3/../../../../pic32mx/lib\libc.a(memmove.o)
 .debug_frame   0x00003c80       0x2c d:/program files (x86)/microchip/xc32/v2.30/bin/bin/../../lib/gcc/pic32mx/4.8.3/../../../../pic32mx/lib\libc.a(vprintf.o)
 .debug_frame   0x00003cac       0x9c d:/program files (x86)/microchip/xc32/v2.30/bin/bin/../../lib/gcc/pic32mx/4.8.3/../../../../pic32mx/lib\libc.a(doprnt.o)
 .debug_frame   0x00003d48       0x30 d:/program files (x86)/microchip/xc32/v2.30/bin/bin/../../lib/gcc/pic32mx/4.8.3/../../../../pic32mx/lib\libc.a(_fputc_simple.o)
 .debug_frame   0x00003d78       0x38 d:/program files (x86)/microchip/xc32/v2.30/bin/bin/../../lib/gcc/pic32mx/4.8.3/../../../../pic32mx/lib\libc.a(_flsbuf_simple.o)
 .debug_frame   0x00003db0       0x34 d:/program files (x86)/microchip/xc32/v2.30/bin/bin/../../lib/gcc/pic32mx/4.8.3/../../../../pic32mx/lib\libe.a(_fixunsdfdi.o)
 .debug_frame   0x00003de4       0x20 d:/program files (x86)/microchip/xc32/v2.30/bin/bin/../../lib/gcc/pic32mx/4.8.3/../../../../pic32mx/lib\libe.a(_orderdf2.o)
 .debug_frame   0x00003e04       0x20 d:/program files (x86)/microchip/xc32/v2.30/bin/bin/../../lib/gcc/pic32mx/4.8.3/../../../../pic32mx/lib\libe.a(_fixdfdi.o)
 .debug_frame   0x00003e24       0x2c d:/program files (x86)/microchip/xc32/v2.30/bin/bin/../../lib/gcc/pic32mx/4.8.3\libgcc.a(_floatundidf.o)
 .debug_frame   0x00003e50       0x20 d:/program files (x86)/microchip/xc32/v2.30/bin/bin/../../lib/gcc/pic32mx/4.8.3\libgcc.a(_udivdi3.o)
 .debug_frame   0x00003e70       0x20 d:/program files (x86)/microchip/xc32/v2.30/bin/bin/../../lib/gcc/pic32mx/4.8.3\libgcc.a(_umoddi3.o)
 .debug_frame   0x00003e90       0x2c d:/program files (x86)/microchip/xc32/v2.30/bin/bin/../../lib/gcc/pic32mx/4.8.3\libgcc.a(floatunsidf.o)
 .debug_frame   0x00003ebc       0x38 d:/program files (x86)/microchip/xc32/v2.30/bin/bin/../../lib/gcc/pic32mx/4.8.3/../../../../pic32mx/lib\libpic32.a(write.o)

.debug_str      0x00000000      0x855
 *(.debug_str)
 .debug_str     0x00000000       0x9e build/default/production/_ext/897820976/drv_at24.o
 .debug_str     0x0000009e        0x0 build/default/production/_ext/60163342/plib_adc.o
 .debug_str     0x0000009e        0x0 build/default/production/_ext/60165520/plib_clk.o
 .debug_str     0x0000009e        0x7 build/default/production/_ext/1865200349/plib_evic.o
 .debug_str     0x000000a5        0xa build/default/production/_ext/1865254177/plib_gpio.o
 .debug_str     0x000000af       0x11 build/default/production/_ext/60169480/plib_i2c1.o
 .debug_str     0x000000c0        0x8 build/default/production/_ext/60176403/plib_nvm.o
 .debug_str     0x000000c8        0x0 build/default/production/_ext/1865569570/plib_rcon.o
 .debug_str     0x000000c8       0x15 build/default/production/_ext/1865657120/plib_uart3.o
 .debug_str     0x000000dd       0x15 build/default/production/_ext/1865657120/plib_uart1.o
 .debug_str     0x000000f2        0x8 build/default/production/_ext/14461671/sys_dma.o
 .debug_str     0x000000fa        0x0 build/default/production/_ext/1881668453/sys_int.o
 .debug_str     0x000000fa        0x0 build/default/production/_ext/1171490990/initialization.o
 .debug_str     0x000000fa        0x0 build/default/production/_ext/1171490990/interrupts.o
 .debug_str     0x000000fa        0x0 build/default/production/_ext/1171490990/exceptions.o
 .debug_str     0x000000fa        0x9 build/default/production/_ext/1171490990/freertos_hooks.o
 .debug_str     0x00000103        0x0 build/default/production/_ext/1171490990/tasks.o
 .debug_str     0x00000103        0x0 build/default/production/_ext/1360937237/audits.o
 .debug_str     0x00000103        0x0 build/default/production/_ext/1360937237/parameters.o
 .debug_str     0x00000103        0x0 build/default/production/_ext/1360937237/dataCommun.o
 .debug_str     0x00000103        0x0 build/default/production/_ext/1665200909/heap_1.o
 .debug_str     0x00000103       0x23 build/default/production/_ext/951553248/port.o
 .debug_str     0x00000126        0x0 build/default/production/_ext/404212886/croutine.o
 .debug_str     0x00000126       0x2b build/default/production/_ext/404212886/list.o
 .debug_str     0x00000151      0x177 build/default/production/_ext/404212886/queue.o
 .debug_str     0x000002c8      0x18d build/default/production/_ext/404212886/FreeRTOS_tasks.o
 .debug_str     0x00000455       0xd2 build/default/production/_ext/404212886/timers.o
 .debug_str     0x00000527       0xe6 build/default/production/_ext/404212886/event_groups.o
 .debug_str     0x0000060d      0x142 build/default/production/_ext/404212886/stream_buffer.o
 .debug_str     0x0000074f       0x27 build/default/production/_ext/659830161/MDB.o
 .debug_str     0x00000776       0x3a build/default/production/_ext/659830161/MDB_CG.o
 .debug_str     0x000007b0       0x21 build/default/production/_ext/659830161/MDB_BV.o
 .debug_str     0x000007d1       0x40 build/default/production/_ext/1529399856/osal_freertos.o
 .debug_str     0x00000811       0x11 build/default/production/_ext/1360937237/hd44780.o