
Optional file libmchp_peripheral.a not found

Optional file libmchp_peripheral_32MX470F512L.a not found
Archive member included because of file (symbol)

d:/program files (x86)/microchip/xc32/v2.30/bin/bin/../../lib/gcc/pic32mx/4.8.3\libgcc.a(floatunsisf.o)
                              build/default/debug/_ext/60169480/plib_i2c1.o (__floatunsisf)
d:/program files (x86)/microchip/xc32/v2.30/bin/bin/../../lib/gcc/pic32mx/4.8.3/../../../../pic32mx/lib\libpic32.a(memcpy.o)
                              build/default/debug/_ext/404212886/queue.o (memcpy)
d:/program files (x86)/microchip/xc32/v2.30/bin/bin/../../lib/gcc/pic32mx/4.8.3/../../../../pic32mx/lib\libpic32.a(memset.o)
                              build/default/debug/_ext/404212886/FreeRTOS_tasks.o (memset)
d:/program files (x86)/microchip/xc32/v2.30/bin/bin/../../lib/gcc/pic32mx/4.8.3/../../../../pic32mx/lib\libpic32.a(default-bootstrap-exception-handler.o)
                              C:\Users\ADMINI~1\AppData\Local\Temp\cci7eS6n.o (_bootstrap_exception_handler)
d:/program files (x86)/microchip/xc32/v2.30/bin/bin/../../lib/gcc/pic32mx/4.8.3/../../../../pic32mx/lib\libpic32.a(default-on-reset.o)
                              C:\Users\ADMINI~1\AppData\Local\Temp\cci7eS6n.o (_on_reset)
d:/program files (x86)/microchip/xc32/v2.30/bin/bin/../../lib/gcc/pic32mx/4.8.3/../../../../pic32mx/lib\libpic32.a(default-on-bootstrap.o)
                              C:\Users\ADMINI~1\AppData\Local\Temp\cci7eS6n.o (_on_bootstrap)
d:/program files (x86)/microchip/xc32/v2.30/bin/bin/../../lib/gcc/pic32mx/4.8.3/../../../../pic32mx/lib\libpic32.a(default-nmi-handler.o)
                              C:\Users\ADMINI~1\AppData\Local\Temp\cci7eS6n.o (_nmi_handler)
d:/program files (x86)/microchip/xc32/v2.30/bin/bin/../../lib/gcc/pic32mx/4.8.3/../../../../pic32mx/lib\libpic32.a(pic32_data_init.o)
                              C:\Users\ADMINI~1\AppData\Local\Temp\cci7eS6n.o (__pic32_data_init)
d:/program files (x86)/microchip/xc32/v2.30/bin/bin/../../lib/gcc/pic32mx/4.8.3/../../../../pic32mx/lib\libpic32.a(general-exception.o)
                              C:\Users\ADMINI~1\AppData\Local\Temp\cci7eS6n.o (_general_exception_context)
d:/program files (x86)/microchip/xc32/v2.30/bin/bin/../../lib/gcc/pic32mx/4.8.3/../../../../pic32mx/lib\libpic32.a(vector0.o)
                              C:\Users\ADMINI~1\AppData\Local\Temp\ccCBKwQP.o (__vector_dispatch_0)
d:/program files (x86)/microchip/xc32/v2.30/bin/bin/../../lib/gcc/pic32mx/4.8.3/../../../../pic32mx/lib\libpic32.a(vector2.o)
                              C:\Users\ADMINI~1\AppData\Local\Temp\ccCBKwQP.o (__vector_dispatch_2)
d:/program files (x86)/microchip/xc32/v2.30/bin/bin/../../lib/gcc/pic32mx/4.8.3/../../../../pic32mx/lib\libpic32.a(vector3.o)
                              C:\Users\ADMINI~1\AppData\Local\Temp\ccCBKwQP.o (__vector_dispatch_3)
d:/program files (x86)/microchip/xc32/v2.30/bin/bin/../../lib/gcc/pic32mx/4.8.3/../../../../pic32mx/lib\libpic32.a(vector5.o)
                              C:\Users\ADMINI~1\AppData\Local\Temp\ccCBKwQP.o (__vector_dispatch_5)
d:/program files (x86)/microchip/xc32/v2.30/bin/bin/../../lib/gcc/pic32mx/4.8.3/../../../../pic32mx/lib\libpic32.a(vector6.o)
                              C:\Users\ADMINI~1\AppData\Local\Temp\ccCBKwQP.o (__vector_dispatch_6)
d:/program files (x86)/microchip/xc32/v2.30/bin/bin/../../lib/gcc/pic32mx/4.8.3/../../../../pic32mx/lib\libpic32.a(vector7.o)
                              C:\Users\ADMINI~1\AppData\Local\Temp\ccCBKwQP.o (__vector_dispatch_7)
d:/program files (x86)/microchip/xc32/v2.30/bin/bin/../../lib/gcc/pic32mx/4.8.3/../../../../pic32mx/lib\libpic32.a(vector8.o)
                              C:\Users\ADMINI~1\AppData\Local\Temp\ccCBKwQP.o (__vector_dispatch_8)
d:/program files (x86)/microchip/xc32/v2.30/bin/bin/../../lib/gcc/pic32mx/4.8.3/../../../../pic32mx/lib\libpic32.a(vector9.o)
                              C:\Users\ADMINI~1\AppData\Local\Temp\ccCBKwQP.o (__vector_dispatch_9)
d:/program files (x86)/microchip/xc32/v2.30/bin/bin/../../lib/gcc/pic32mx/4.8.3/../../../../pic32mx/lib\libpic32.a(vector10.o)
                              C:\Users\ADMINI~1\AppData\Local\Temp\ccCBKwQP.o (__vector_dispatch_10)
d:/program files (x86)/microchip/xc32/v2.30/bin/bin/../../lib/gcc/pic32mx/4.8.3/../../../../pic32mx/lib\libpic32.a(vector11.o)
                              C:\Users\ADMINI~1\AppData\Local\Temp\ccCBKwQP.o (__vector_dispatch_11)
d:/program files (x86)/microchip/xc32/v2.30/bin/bin/../../lib/gcc/pic32mx/4.8.3/../../../../pic32mx/lib\libpic32.a(vector12.o)
                              C:\Users\ADMINI~1\AppData\Local\Temp\ccCBKwQP.o (__vector_dispatch_12)
d:/program files (x86)/microchip/xc32/v2.30/bin/bin/../../lib/gcc/pic32mx/4.8.3/../../../../pic32mx/lib\libpic32.a(vector13.o)
                              C:\Users\ADMINI~1\AppData\Local\Temp\ccCBKwQP.o (__vector_dispatch_13)
[...]
Memory Configuration

Name             Origin             Length             Attributes
kseg0_data_mem   0x80000000         0x00000200
kseg1_data_mem   0xa0000000         0x00020000         w !x
kseg0_boot_mem   0x9fc00490         0x00000970
kseg1_boot_mem   0xbfc00000         0x00000490
kseg0_program_mem 0x9d000000         0x00080000         xr
exception_mem    0x9fc01000         0x00001000
debug_exec_mem   0xbfc02000         0x00000ff0
config3          0xbfc02ff0         0x00000004
config2          0xbfc02ff4         0x00000004
config1          0xbfc02ff8         0x00000004
config0          0xbfc02ffc         0x00000004
sfrs             0xbf800000         0x00100000
configsfrs       0xbfc02ff0         0x00000010
*default*        0x00000000         0xffffffff

Linker script and memory map


reserve_data_0_kseg0
                0x80000000      0x200
                0x80000000        0x2 SHORT 0x0
                0x000001fd                . = 0x1fd
 *fill*         0x80000002      0x1fb 
                0x80000200                . = ALIGN (0x4)
 *fill*         0x800001fd        0x3 

reserve_data_0_kseg1
                0xa0000000      0x200
                0xa0000000        0x2 SHORT 0x0
                0x000001fd                . = 0x1fd
 *fill*         0xa0000002      0x1fb 
                0xa0000200                . = ALIGN (0x4)
 *fill*         0xa00001fd        0x3 

reserve_boot_0x1fc02000_kseg0
                0x9fc02000      0xff0
                0x9fc02000        0x2 SHORT 0x0
                0x00000760                . = 0x760
 *fill*         0x9fc02002      0x75e 
                0x9fc02760                . = ALIGN (0x4)
                0x9fc02760        0x2 SHORT 0x0
                0x00000ff0                . = 0xff0
 *fill*         0x9fc02762      0x88e 
                0x9fc02ff0                . = ALIGN (0x4)

reserve_boot_0x1fc02000_kseg1
                0xbfc02000      0xff0
                0xbfc02000        0x2 SHORT 0x0
                0x00000760                . = 0x760
 *fill*         0xbfc02002      0x75e 
                0xbfc02760                . = ALIGN (0x4)
                0xbfc02760        0x2 SHORT 0x0
                0x00000ff0                . = 0xff0
 *fill*         0xbfc02762      0x88e 
                0xbfc02ff0                . = ALIGN (0x4)
LOAD d:/program files (x86)/microchip/xc32/v2.30/bin/bin/../../lib/gcc/pic32mx/4.8.3/../../../../pic32mx/lib\software-debug-break.o
LOAD build/default/debug/_ext/897820976/drv_at24.o
LOAD build/default/debug/_ext/60165520/plib_clk.o
LOAD build/default/debug/_ext/1865200349/plib_evic.o
LOAD build/default/debug/_ext/1865254177/plib_gpio.o
LOAD build/default/debug/_ext/60169480/plib_i2c1.o
LOAD build/default/debug/_ext/1881668453/sys_int.o
LOAD build/default/debug/_ext/1171490990/initialization.o
LOAD build/default/debug/_ext/1171490990/interrupts.o
LOAD build/default/debug/_ext/1171490990/interrupts_a.o
LOAD build/default/debug/_ext/1171490990/exceptions.o
LOAD build/default/debug/_ext/1171490990/freertos_hooks.o
LOAD build/default/debug/_ext/1171490990/tasks.o
LOAD build/default/debug/_ext/1665200909/heap_1.o
LOAD build/default/debug/_ext/951553248/port.o
LOAD build/default/debug/_ext/951553248/port_asm.o
LOAD build/default/debug/_ext/404212886/croutine.o
LOAD build/default/debug/_ext/404212886/list.o
LOAD build/default/debug/_ext/404212886/queue.o
LOAD build/default/debug/_ext/404212886/FreeRTOS_tasks.o
LOAD build/default/debug/_ext/404212886/timers.o
LOAD build/default/debug/_ext/404212886/event_groups.o
LOAD build/default/debug/_ext/404212886/stream_buffer.o
LOAD build/default/debug/_ext/1360937237/audits.o
LOAD build/default/debug/_ext/1360937237/hd44780.o
LOAD build/default/debug/_ext/1360937237/delay_us.o
LOAD build/default/debug/_ext/1360937237/main.o
LOAD build/default/debug/_ext/1360937237/mainboard2.o
                0x00000001                __MPLAB_BUILD = 0x1
                0x00000001                __MPLAB_DEBUG = 0x1
                0x00000001                __DEBUG = 0x1
                0x00000001                __MPLAB_DEBUGGER_REAL_ICE = 0x1
                0x00000200                _min_heap_size = 0x200
LOAD C:\Users\ADMINI~1\AppData\Local\Temp\cci7eS6n.o
LOAD C:\Users\ADMINI~1\AppData\Local\Temp\ccsjXicQ.o
LOAD C:\Users\ADMINI~1\AppData\Local\Temp\ccCBKwQP.o
LOAD d:/program files (x86)/microchip/xc32/v2.30/bin/bin/../../lib/gcc/pic32mx/4.8.3/../../../../pic32mx/lib\pic32_software_reset.o
                0x00000400                PROVIDE (_min_stack_size, 0x400)
START GROUP
LOAD d:/program files (x86)/microchip/xc32/v2.30/bin/bin/../../lib/gcc/pic32mx/4.8.3/../../../../pic32mx/lib/./proc/32MX470F512L\processor.o
END GROUP
START GROUP
LOAD libmchp_peripheral.a
END GROUP
START GROUP
LOAD libmchp_peripheral_32MX470F512L.a
END GROUP
                0x00000001                PROVIDE (_vector_spacing, 0x1)
                0x9fc01000                PROVIDE (_ebase_address, 0x9fc01000)
                0xbfc00000                _RESET_ADDR = 0xbfc00000
                0xbfc00380                _BEV_EXCPT_ADDR = 0xbfc00380
                0xbfc00480                _DBG_EXCPT_ADDR = 0xbfc00480
                0xbfc02000                _DBG_CODE_ADDR = 0xbfc02000
                0x00000ff0                _DBG_CODE_SIZE = 0xff0
                0x9fc01180                _GEN_EXCPT_ADDR = (_ebase_address + 0x180)

.config_BFC02FF0
                0xbfc02ff0        0x4
 *(.config_BFC02FF0)
 .config_BFC02FF0
                0xbfc02ff0        0x4 build/default/debug/_ext/1171490990/initialization.o

.config_BFC02FF4
                0xbfc02ff4        0x4
 *(.config_BFC02FF4)
 .config_BFC02FF4
                0xbfc02ff4        0x4 build/default/debug/_ext/1171490990/initialization.o

.config_BFC02FF8
                0xbfc02ff8        0x4
 *(.config_BFC02FF8)
 .config_BFC02FF8
                0xbfc02ff8        0x4 build/default/debug/_ext/1171490990/initialization.o

.config_BFC02FFC
                0xbfc02ffc        0x4
 *(.config_BFC02FFC)
 .config_BFC02FFC
                0xbfc02ffc        0x4 build/default/debug/_ext/1171490990/initialization.o
                0xbfc02000                PROVIDE (_DBG_CODE_ADDR, 0xbfc02000)
                0x00000ff0                PROVIDE (_DBG_CODE_SIZE, 0xff0)

.reset          0xbfc00000      0x19c
 *(.reset)
 .reset         0xbfc00000        0x8 C:\Users\ADMINI~1\AppData\Local\Temp\cci7eS6n.o
                0xbfc00000                _reset
 *(.reset.startup)
 .reset.startup
                0xbfc00008      0x194 C:\Users\ADMINI~1\AppData\Local\Temp\cci7eS6n.o
                0xbfc00008                _startup

.bev_excpt      0xbfc00380       0x10
 *(.bev_handler)
 .bev_handler   0xbfc00380       0x10 C:\Users\ADMINI~1\AppData\Local\Temp\cci7eS6n.o

.dbg_excpt      0xbfc00480        0x0
                0xbfc00480                . = (. + DEFINED (_DEBUGGER)?0x8:0x0)

.dbg_code       0xbfc02000        0x0
                0xbfc02000                . = (. + DEFINED (_DEBUGGER)?_DBG_CODE_SIZE:0x0)

.app_excpt      0x9fc01180       0x10
 *(.gen_handler)
 .gen_handler   0x9fc01180       0x10 C:\Users\ADMINI~1\AppData\Local\Temp\cci7eS6n.o

.vector_0       0x9fc01200        0x8
 *(.vector_0)
 .vector_0      0x9fc01200        0x8 d:/program files (x86)/microchip/xc32/v2.30/bin/bin/../../lib/gcc/pic32mx/4.8.3/../../../../pic32mx/lib\libpic32.a(vector0.o)
                0x9fc01200                __vector_dispatch_0
                0x00000001                ASSERT (((_vector_spacing == 0x0) || (SIZEOF (.vector_0) <= (_vector_spacing << 0x5))), function at exception vector 0 too large)

.vector_1       0x9fc01220        0x8
 *(.vector_1)
 .vector_1      0x9fc01220        0x8 build/default/debug/_ext/951553248/port.o
                0x9fc01220                __vector_dispatch_1
                0x00000001                ASSERT (((_vector_spacing == 0x0) || (SIZEOF (.vector_1) <= (_vector_spacing << 0x5))), function at exception vector 1 too large)

.vector_2       0x9fc01240        0x8
 *(.vector_2)
 .vector_2      0x9fc01240        0x8 d:/program files (x86)/microchip/xc32/v2.30/bin/bin/../../lib/gcc/pic32mx/4.8.3/../../../../pic32mx/lib\libpic32.a(vector2.o)
                0x9fc01240                __vector_dispatch_2
                0x00000001                ASSERT (((_vector_spacing == 0x0) || (SIZEOF (.vector_2) <= (_vector_spacing << 0x5))), function at exception vector 2 too large)

.vector_3       0x9fc01260        0x8
 *(.vector_3)
 .vector_3      0x9fc01260        0x8 d:/program files (x86)/microchip/xc32/v2.30/bin/bin/../../lib/gcc/pic32mx/4.8.3/../../../../pic32mx/lib\libpic32.a(vector3.o)
                0x9fc01260                __vector_dispatch_3
                0x00000001                ASSERT (((_vector_spacing == 0x0) || (SIZEOF (.vector_3) <= (_vector_spacing << 0x5))), function at exception vector 3 too large)

.vector_4       0x9fc01280        0x8
 *(.vector_4)
 .vector_4      0x9fc01280        0x8 build/default/debug/_ext/951553248/port.o
                0x9fc01280                __vector_dispatch_4
                0x00000001                ASSERT (((_vector_spacing == 0x0) || (SIZEOF (.vector_4) <= (_vector_spacing << 0x5))), function at exception vector 4 too large)

.vector_5       0x9fc012a0        0x8
 *(.vector_5)
 .vector_5      0x9fc012a0        0x8 d:/program files (x86)/microchip/xc32/v2.30/bin/bin/../../lib/gcc/pic32mx/4.8.3/../../../../pic32mx/lib\libpic32.a(vector5.o)
                0x9fc012a0                __vector_dispatch_5
                0x00000001                ASSERT (((_vector_spacing == 0x0) || (SIZEOF (.vector_5) <= (_vector_spacing << 0x5))), function at exception vector 5 too large)

.vector_6       0x9fc012c0        0x8
 *(.vector_6)
 .vector_6      0x9fc012c0        0x8 d:/program files (x86)/microchip/xc32/v2.30/bin/bin/../../lib/gcc/pic32mx/4.8.3/../../../../pic32mx/lib\libpic32.a(vector6.o)
                0x9fc012c0                __vector_dispatch_6
                0x00000001                ASSERT (((_vector_spacing == 0x0) || (SIZEOF (.vector_6) <= (_vector_spacing << 0x5))), function at exception vector 6 too large)

.vector_7       0x9fc012e0        0x8
 *(.vector_7)
 .vector_7      0x9fc012e0        0x8 d:/program files (x86)/microchip/xc32/v2.30/bin/bin/../../lib/gcc/pic32mx/4.8.3/../../../../pic32mx/lib\libpic32.a(vector7.o)
                0x9fc012e0                __vector_dispatch_7
                0x00000001                ASSERT (((_vector_spacing == 0x0) || (SIZEOF (.vector_7) <= (_vector_spacing << 0x5))), function at exception vector 7 too large)

.vector_8       0x9fc01300        0x8
 *(.vector_8)
 .vector_8      0x9fc01300        0x8 d:/program files (x86)/microchip/xc32/v2.30/bin/bin/../../lib/gcc/pic32mx/4.8.3/../../../../pic32mx/lib\libpic32.a(vector8.o)
                0x9fc01300                __vector_dispatch_8
                0x00000001                ASSERT (((_vector_spacing == 0x0) || (SIZEOF (.vector_8) <= (_vector_spacing << 0x5))), function at exception vector 8 too large)

.vector_9       0x9fc01320        0x8
 *(.vector_9)
 .vector_9      0x9fc01320        0x8 d:/program files (x86)/microchip/xc32/v2.30/bin/bin/../../lib/gcc/pic32mx/4.8.3/../../../../pic32mx/lib\libpic32.a(vector9.o)
                0x9fc01320                __vector_dispatch_9
                0x00000001                ASSERT (((_vector_spacing == 0x0) || (SIZEOF (.vector_9) <= (_vector_spacing << 0x5))), function at exception vector 9 too large)

.vector_10      0x9fc01340        0x8
 *(.vector_10)
 .vector_10     0x9fc01340        0x8 d:/program files (x86)/microchip/xc32/v2.30/bin/bin/../../lib/gcc/pic32mx/4.8.3/../../../../pic32mx/lib\libpic32.a(vector10.o)
                0x9fc01340                __vector_dispatch_10
                0x00000001                ASSERT (((_vector_spacing == 0x0) || (SIZEOF (.vector_10) <= (_vector_spacing << 0x5))), function at exception vector 10 too large)

.vector_11      0x9fc01360        0x8
 *(.vector_11)
 .vector_11     0x9fc01360        0x8 d:/program files (x86)/microchip/xc32/v2.30/bin/bin/../../lib/gcc/pic32mx/4.8.3/../../../../pic32mx/lib\libpic32.a(vector11.o)
                0x9fc01360                __vector_dispatch_11
                0x00000001                ASSERT (((_vector_spacing == 0x0) || (SIZEOF (.vector_11) <= (_vector_spacing << 0x5))), function at exception vector 11 too large)

.vector_12      0x9fc01380        0x8
 *(.vector_12)
 .vector_12     0x9fc01380        0x8 d:/program files (x86)/microchip/xc32/v2.30/bin/bin/../../lib/gcc/pic32mx/4.8.3/../../../../pic32mx/lib\libpic32.a(vector12.o)
                0x9fc01380                __vector_dispatch_12
                0x00000001                ASSERT (((_vector_spacing == 0x0) || (SIZEOF (.vector_12) <= (_vector_spacing << 0x5))), function at exception vector 12 too large)

.vector_13      0x9fc013a0        0x8
 *(.vector_13)
 .vector_13     0x9fc013a0        0x8 d:/program files (x86)/microchip/xc32/v2.30/bin/bin/../../lib/gcc/pic32mx/4.8.3/../../../../pic32mx/lib\libpic32.a(vector13.o)
                0x9fc013a0                __vector_dispatch_13
                0x00000001                ASSERT (((_vector_spacing == 0x0) || (SIZEOF (.vector_13) <= (_vector_spacing << 0x5))), function at exception vector 13 too large)

.vector_14      0x9fc013c0        0x8
 *(.vector_14)
 .vector_14     0x9fc013c0        0x8 d:/program files (x86)/microchip/xc32/v2.30/bin/bin/../../lib/gcc/pic32mx/4.8.3/../../../../pic32mx/lib\libpic32.a(vector14.o)
                0x9fc013c0                __vector_dispatch_14
                0x00000001                ASSERT (((_vector_spacing == 0x0) || (SIZEOF (.vector_14) <= (_vector_spacing << 0x5))), function at exception vector 14 too large)

.vector_15      0x9fc013e0        0x8
 *(.vector_15)
 .vector_15     0x9fc013e0        0x8 d:/program files (x86)/microchip/xc32/v2.30/bin/bin/../../lib/gcc/pic32mx/4.8.3/../../../../pic32mx/lib\libpic32.a(vector15.o)
                0x9fc013e0                __vector_dispatch_15
                0x00000001                ASSERT (((_vector_spacing == 0x0) || (SIZEOF (.vector_15) <= (_vector_spacing << 0x5))), function at exception vector 15 too large)

.vector_16      0x9fc01400        0x8
 *(.vector_16)
 .vector_16     0x9fc01400        0x8 d:/program files (x86)/microchip/xc32/v2.30/bin/bin/../../lib/gcc/pic32mx/4.8.3/../../../../pic32mx/lib\libpic32.a(vector16.o)
                0x9fc01400                __vector_dispatch_16
                0x00000001                ASSERT (((_vector_spacing == 0x0) || (SIZEOF (.vector_16) <= (_vector_spacing << 0x5))), function at exception vector 16 too large)

.vector_17      0x9fc01420        0x8
 *(.vector_17)
 .vector_17     0x9fc01420        0x8 d:/program files (x86)/microchip/xc32/v2.30/bin/bin/../../lib/gcc/pic32mx/4.8.3/../../../../pic32mx/lib\libpic32.a(vector17.o)
                0x9fc01420                __vector_dispatch_17
                0x00000001                ASSERT (((_vector_spacing == 0x0) || (SIZEOF (.vector_17) <= (_vector_spacing << 0x5))), function at exception vector 17 too large)

.vector_18      0x9fc01440        0x8
 *(.vector_18)
 .vector_18     0x9fc01440        0x8 d:/program files (x86)/microchip/xc32/v2.30/bin/bin/../../lib/gcc/pic32mx/4.8.3/../../../../pic32mx/lib\libpic32.a(vector18.o)
                0x9fc01440                __vector_dispatch_18
                0x00000001                ASSERT (((_vector_spacing == 0x0) || (SIZEOF (.vector_18) <= (_vector_spacing << 0x5))), function at exception vector 18 too large)

.vector_19      0x9fc01460        0x8
 *(.vector_19)
 .vector_19     0x9fc01460        0x8 d:/program files (x86)/microchip/xc32/v2.30/bin/bin/../../lib/gcc/pic32mx/4.8.3/../../../../pic32mx/lib\libpic32.a(vector19.o)
                0x9fc01460                __vector_dispatch_19
                0x00000001                ASSERT (((_vector_spacing == 0x0) || (SIZEOF (.vector_19) <= (_vector_spacing << 0x5))), function at exception vector 19 too large)

.vector_20      0x9fc01480        0x8
 *(.vector_20)
 .vector_20     0x9fc01480        0x8 d:/program files (x86)/microchip/xc32/v2.30/bin/bin/../../lib/gcc/pic32mx/4.8.3/../../../../pic32mx/lib\libpic32.a(vector20.o)
                0x9fc01480                __vector_dispatch_20
                0x00000001                ASSERT (((_vector_spacing == 0x0) || (SIZEOF (.vector_20) <= (_vector_spacing << 0x5))), function at exception vector 20 too large)

.vector_21      0x9fc014a0        0x8
 *(.vector_21)
 .vector_21     0x9fc014a0        0x8 d:/program files (x86)/microchip/xc32/v2.30/bin/bin/../../lib/gcc/pic32mx/4.8.3/../../../../pic32mx/lib\libpic32.a(vector21.o)
                0x9fc014a0                __vector_dispatch_21
                0x00000001                ASSERT (((_vector_spacing == 0x0) || (SIZEOF (.vector_21) <= (_vector_spacing << 0x5))), function at exception vector 21 too large)

.vector_22      0x9fc014c0        0x8
 *(.vector_22)
 .vector_22     0x9fc014c0        0x8 d:/program files (x86)/microchip/xc32/v2.30/bin/bin/../../lib/gcc/pic32mx/4.8.3/../../../../pic32mx/lib\libpic32.a(vector22.o)
                0x9fc014c0                __vector_dispatch_22
                0x00000001                ASSERT (((_vector_spacing == 0x0) || (SIZEOF (.vector_22) <= (_vector_spacing << 0x5))), function at exception vector 22 too large)

.vector_23      0x9fc014e0        0x8
 *(.vector_23)
 .vector_23     0x9fc014e0        0x8 d:/program files (x86)/microchip/xc32/v2.30/bin/bin/../../lib/gcc/pic32mx/4.8.3/../../../../pic32mx/lib\libpic32.a(vector23.o)
                0x9fc014e0                __vector_dispatch_23
                0x00000001                ASSERT (((_vector_spacing == 0x0) || (SIZEOF (.vector_23) <= (_vector_spacing << 0x5))), function at exception vector 23 too large)

.vector_24      0x9fc01500        0x8
 *(.vector_24)
 .vector_24     0x9fc01500        0x8 d:/program files (x86)/microchip/xc32/v2.30/bin/bin/../../lib/gcc/pic32mx/4.8.3/../../../../pic32mx/lib\libpic32.a(vector24.o)
                0x9fc01500                __vector_dispatch_24
                0x00000001                ASSERT (((_vector_spacing == 0x0) || (SIZEOF (.vector_24) <= (_vector_spacing << 0x5))), function at exception vector 24 too large)

.vector_25      0x9fc01520        0x8
 *(.vector_25)
 .vector_25     0x9fc01520        0x8 d:/program files (x86)/microchip/xc32/v2.30/bin/bin/../../lib/gcc/pic32mx/4.8.3/../../../../pic32mx/lib\libpic32.a(vector25.o)
                0x9fc01520                __vector_dispatch_25
                0x00000001                ASSERT (((_vector_spacing == 0x0) || (SIZEOF (.vector_25) <= (_vector_spacing << 0x5))), function at exception vector 25 too large)

.vector_26      0x9fc01540        0x8
 *(.vector_26)
 .vector_26     0x9fc01540        0x8 d:/program files (x86)/microchip/xc32/v2.30/bin/bin/../../lib/gcc/pic32mx/4.8.3/../../../../pic32mx/lib\libpic32.a(vector26.o)
                0x9fc01540                __vector_dispatch_26
                0x00000001                ASSERT (((_vector_spacing == 0x0) || (SIZEOF (.vector_26) <= (_vector_spacing << 0x5))), function at exception vector 26 too large)

.vector_27      0x9fc01560        0x8
 *(.vector_27)
 .vector_27     0x9fc01560        0x8 d:/program files (x86)/microchip/xc32/v2.30/bin/bin/../../lib/gcc/pic32mx/4.8.3/../../../../pic32mx/lib\libpic32.a(vector27.o)
                0x9fc01560                __vector_dispatch_27
                0x00000001                ASSERT (((_vector_spacing == 0x0) || (SIZEOF (.vector_27) <= (_vector_spacing << 0x5))), function at exception vector 27 too large)

.vector_28      0x9fc01580        0x8
 *(.vector_28)
 .vector_28     0x9fc01580        0x8 d:/program files (x86)/microchip/xc32/v2.30/bin/bin/../../lib/gcc/pic32mx/4.8.3/../../../../pic32mx/lib\libpic32.a(vector28.o)
                0x9fc01580                __vector_dispatch_28
                0x00000001                ASSERT (((_vector_spacing == 0x0) || (SIZEOF (.vector_28) <= (_vector_spacing << 0x5))), function at exception vector 28 too large)

.vector_29      0x9fc015a0        0x8
 *(.vector_29)
 .vector_29     0x9fc015a0        0x8 d:/program files (x86)/microchip/xc32/v2.30/bin/bin/../../lib/gcc/pic32mx/4.8.3/../../../../pic32mx/lib\libpic32.a(vector29.o)
                0x9fc015a0                __vector_dispatch_29
                0x00000001                ASSERT (((_vector_spacing == 0x0) || (SIZEOF (.vector_29) <= (_vector_spacing << 0x5))), function at exception vector 29 too large)

.vector_30      0x9fc015c0        0x8
 *(.vector_30)
 .vector_30     0x9fc015c0        0x8 d:/program files (x86)/microchip/xc32/v2.30/bin/bin/../../lib/gcc/pic32mx/4.8.3/../../../../pic32mx/lib\libpic32.a(vector30.o)
                0x9fc015c0                __vector_dispatch_30
                0x00000001                ASSERT (((_vector_spacing == 0x0) || (SIZEOF (.vector_30) <= (_vector_spacing << 0x5))), function at exception vector 30 too large)

.vector_31      0x9fc015e0        0x8
 *(.vector_31)
 .vector_31     0x9fc015e0        0x8 d:/program files (x86)/microchip/xc32/v2.30/bin/bin/../../lib/gcc/pic32mx/4.8.3/../../../../pic32mx/lib\libpic32.a(vector31.o)
                0x9fc015e0                __vector_dispatch_31
                0x00000001                ASSERT (((_vector_spacing == 0x0) || (SIZEOF (.vector_31) <= (_vector_spacing << 0x5))), function at exception vector 31 too large)

.vector_32      0x9fc01600       0x10
 *(.vector_32)
 .vector_32     0x9fc01600       0x10 build/default/debug/_ext/1171490990/interrupts_a.o
                0x9fc01600                __vector_dispatch_32
                0x00000001                ASSERT (((_vector_spacing == 0x0) || (SIZEOF (.vector_32) <= (_vector_spacing << 0x5))), function at exception vector 32 too large)

.vector_33      0x9fc01620        0x8
 *(.vector_33)
 .vector_33     0x9fc01620        0x8 d:/program files (x86)/microchip/xc32/v2.30/bin/bin/../../lib/gcc/pic32mx/4.8.3/../../../../pic32mx/lib\libpic32.a(vector33.o)
                0x9fc01620                __vector_dispatch_33
                0x00000001                ASSERT (((_vector_spacing == 0x0) || (SIZEOF (.vector_33) <= (_vector_spacing << 0x5))), function at exception vector 33 too large)

.vector_34      0x9fc01640        0x8
 *(.vector_34)
 .vector_34     0x9fc01640        0x8 d:/program files (x86)/microchip/xc32/v2.30/bin/bin/../../lib/gcc/pic32mx/4.8.3/../../../../pic32mx/lib\libpic32.a(vector34.o)
                0x9fc01640                __vector_dispatch_34
                0x00000001                ASSERT (((_vector_spacing == 0x0) || (SIZEOF (.vector_34) <= (_vector_spacing << 0x5))), function at exception vector 34 too large)

.vector_35      0x9fc01660        0x8
 *(.vector_35)
 .vector_35     0x9fc01660        0x8 d:/program files (x86)/microchip/xc32/v2.30/bin/bin/../../lib/gcc/pic32mx/4.8.3/../../../../pic32mx/lib\libpic32.a(vector35.o)
                0x9fc01660                __vector_dispatch_35
                0x00000001                ASSERT (((_vector_spacing == 0x0) || (SIZEOF (.vector_35) <= (_vector_spacing << 0x5))), function at exception vector 35 too large)

.vector_36      0x9fc01680        0x8
 *(.vector_36)
 .vector_36     0x9fc01680        0x8 d:/program files (x86)/microchip/xc32/v2.30/bin/bin/../../lib/gcc/pic32mx/4.8.3/../../../../pic32mx/lib\libpic32.a(vector36.o)
                0x9fc01680                __vector_dispatch_36
                0x00000001                ASSERT (((_vector_spacing == 0x0) || (SIZEOF (.vector_36) <= (_vector_spacing << 0x5))), function at exception vector 36 too large)

.vector_37      0x9fc016a0        0x8
 *(.vector_37)
 .vector_37     0x9fc016a0        0x8 d:/program files (x86)/microchip/xc32/v2.30/bin/bin/../../lib/gcc/pic32mx/4.8.3/../../../../pic32mx/lib\libpic32.a(vector37.o)
                0x9fc016a0                __vector_dispatch_37
                0x00000001                ASSERT (((_vector_spacing == 0x0) || (SIZEOF (.vector_37) <= (_vector_spacing << 0x5))), function at exception vector 37 too large)

.vector_38      0x9fc016c0        0x8
 *(.vector_38)
 .vector_38     0x9fc016c0        0x8 d:/program files (x86)/microchip/xc32/v2.30/bin/bin/../../lib/gcc/pic32mx/4.8.3/../../../../pic32mx/lib\libpic32.a(vector38.o)
                0x9fc016c0                __vector_dispatch_38
                0x00000001                ASSERT (((_vector_spacing == 0x0) || (SIZEOF (.vector_38) <= (_vector_spacing << 0x5))), function at exception vector 38 too large)

.vector_39      0x9fc016e0        0x8
 *(.vector_39)
 .vector_39     0x9fc016e0        0x8 d:/program files (x86)/microchip/xc32/v2.30/bin/bin/../../lib/gcc/pic32mx/4.8.3/../../../../pic32mx/lib\libpic32.a(vector39.o)
                0x9fc016e0                __vector_dispatch_39
                0x00000001                ASSERT (((_vector_spacing == 0x0) || (SIZEOF (.vector_39) <= (_vector_spacing << 0x5))), function at exception vector 39 too large)

.vector_40      0x9fc01700        0x8
 *(.vector_40)
 .vector_40     0x9fc01700        0x8 d:/program files (x86)/microchip/xc32/v2.30/bin/bin/../../lib/gcc/pic32mx/4.8.3/../../../../pic32mx/lib\libpic32.a(vector40.o)
                0x9fc01700                __vector_dispatch_40
                0x00000001                ASSERT (((_vector_spacing == 0x0) || (SIZEOF (.vector_40) <= (_vector_spacing << 0x5))), function at exception vector 40 too large)

.vector_41      0x9fc01720        0x8
 *(.vector_41)
 .vector_41     0x9fc01720        0x8 d:/program files (x86)/microchip/xc32/v2.30/bin/bin/../../lib/gcc/pic32mx/4.8.3/../../../../pic32mx/lib\libpic32.a(vector41.o)
                0x9fc01720                __vector_dispatch_41
                0x00000001                ASSERT (((_vector_spacing == 0x0) || (SIZEOF (.vector_41) <= (_vector_spacing << 0x5))), function at exception vector 41 too large)

.vector_42      0x9fc01740        0x8
 *(.vector_42)
 .vector_42     0x9fc01740        0x8 d:/program files (x86)/microchip/xc32/v2.30/bin/bin/../../lib/gcc/pic32mx/4.8.3/../../../../pic32mx/lib\libpic32.a(vector42.o)
                0x9fc01740                __vector_dispatch_42
                0x00000001                ASSERT (((_vector_spacing == 0x0) || (SIZEOF (.vector_42) <= (_vector_spacing << 0x5))), function at exception vector 42 too large)

.vector_43      0x9fc01760        0x8
 *(.vector_43)
 .vector_43     0x9fc01760        0x8 d:/program files (x86)/microchip/xc32/v2.30/bin/bin/../../lib/gcc/pic32mx/4.8.3/../../../../pic32mx/lib\libpic32.a(vector43.o)
                0x9fc01760                __vector_dispatch_43
                0x00000001                ASSERT (((_vector_spacing == 0x0) || (SIZEOF (.vector_43) <= (_vector_spacing << 0x5))), function at exception vector 43 too large)

.vector_44      0x9fc01780        0x8
 *(.vector_44)
 .vector_44     0x9fc01780        0x8 d:/program files (x86)/microchip/xc32/v2.30/bin/bin/../../lib/gcc/pic32mx/4.8.3/../../../../pic32mx/lib\libpic32.a(vector44.o)
                0x9fc01780                __vector_dispatch_44
                0x00000001                ASSERT (((_vector_spacing == 0x0) || (SIZEOF (.vector_44) <= (_vector_spacing << 0x5))), function at exception vector 44 too large)

.vector_45      0x9fc017a0        0x8
 *(.vector_45)
 .vector_45     0x9fc017a0        0x8 d:/program files (x86)/microchip/xc32/v2.30/bin/bin/../../lib/gcc/pic32mx/4.8.3/../../../../pic32mx/lib\libpic32.a(vector45.o)
                0x9fc017a0                __vector_dispatch_45
                0x00000001                ASSERT (((_vector_spacing == 0x0) || (SIZEOF (.vector_45) <= (_vector_spacing << 0x5))), function at exception vector 45 too large)

.vector_46      0x9fc017c0        0x0
 *(.vector_46)
                0x00000001                ASSERT (((_vector_spacing == 0x0) || (SIZEOF (.vector_46) <= (_vector_spacing << 0x5))), function at exception vector 46 too large)

.vector_47      0x9fc017e0        0x0
 *(.vector_47)
                0x00000001                ASSERT (((_vector_spacing == 0x0) || (SIZEOF (.vector_47) <= (_vector_spacing << 0x5))), function at exception vector 47 too large)

.vector_48      0x9fc01800        0x0
 *(.vector_48)
                0x00000001                ASSERT (((_vector_spacing == 0x0) || (SIZEOF (.vector_48) <= (_vector_spacing << 0x5))), function at exception vector 48 too large)

.vector_49      0x9fc01820        0x0
 *(.vector_49)
                0x00000001                ASSERT (((_vector_spacing == 0x0) || (SIZEOF (.vector_49) <= (_vector_spacing << 0x5))), function at exception vector 49 too large)

.vector_50      0x9fc01840        0x0
 *(.vector_50)
                0x00000001                ASSERT (((_vector_spacing == 0x0) || (SIZEOF (.vector_50) <= (_vector_spacing << 0x5))), function at exception vector 50 too large)

.vector_51      0x9fc01860        0x0
 *(.vector_51)
                0x00000001                ASSERT (((_vector_spacing == 0x0) || (SIZEOF (.vector_51) <= (_vector_spacing << 0x5))), function at exception vector 51 too large)

.vector_52      0x9fc01880        0x0
 *(.vector_52)
                0x00000001                ASSERT (((_vector_spacing == 0x0) || (SIZEOF (.vector_52) <= (_vector_spacing << 0x5))), function at exception vector 52 too large)

.vector_53      0x9fc018a0        0x0
 *(.vector_53)
                0x00000001                ASSERT (((_vector_spacing == 0x0) || (SIZEOF (.vector_53) <= (_vector_spacing << 0x5))), function at exception vector 53 too large)

.vector_54      0x9fc018c0        0x0
 *(.vector_54)
                0x00000001                ASSERT (((_vector_spacing == 0x0) || (SIZEOF (.vector_54) <= (_vector_spacing << 0x5))), function at exception vector 54 too large)

.vector_55      0x9fc018e0        0x0
 *(.vector_55)
                0x00000001                ASSERT (((_vector_spacing == 0x0) || (SIZEOF (.vector_55) <= (_vector_spacing << 0x5))), function at exception vector 55 too large)

.vector_56      0x9fc01900        0x0
 *(.vector_56)
                0x00000001                ASSERT (((_vector_spacing == 0x0) || (SIZEOF (.vector_56) <= (_vector_spacing << 0x5))), function at exception vector 56 too large)

.vector_57      0x9fc01920        0x0
 *(.vector_57)
                0x00000001                ASSERT (((_vector_spacing == 0x0) || (SIZEOF (.vector_57) <= (_vector_spacing << 0x5))), function at exception vector 57 too large)

.vector_58      0x9fc01940        0x0
 *(.vector_58)
                0x00000001                ASSERT (((_vector_spacing == 0x0) || (SIZEOF (.vector_58) <= (_vector_spacing << 0x5))), function at exception vector 58 too large)

.vector_59      0x9fc01960        0x0
 *(.vector_59)
                0x00000001                ASSERT (((_vector_spacing == 0x0) || (SIZEOF (.vector_59) <= (_vector_spacing << 0x5))), function at exception vector 59 too large)

.vector_60      0x9fc01980        0x0
 *(.vector_60)
                0x00000001                ASSERT (((_vector_spacing == 0x0) || (SIZEOF (.vector_60) <= (_vector_spacing << 0x5))), function at exception vector 60 too large)

.vector_61      0x9fc019a0        0x0
 *(.vector_61)
                0x00000001                ASSERT (((_vector_spacing == 0x0) || (SIZEOF (.vector_61) <= (_vector_spacing << 0x5))), function at exception vector 61 too large)

.vector_62      0x9fc019c0        0x0
 *(.vector_62)
                0x00000001                ASSERT (((_vector_spacing == 0x0) || (SIZEOF (.vector_62) <= (_vector_spacing << 0x5))), function at exception vector 62 too large)

.vector_63      0x9fc019e0        0x0
 *(.vector_63)
                0x00000001                ASSERT (((_vector_spacing == 0x0) || (SIZEOF (.vector_63) <= (_vector_spacing << 0x5))), function at exception vector 63 too large)

.startup
 *(.startup)

.text           0x9d000000        0x0
 *(.stub .gnu.linkonce.t.*)
 *(.text.*personality*)
 *(.mips16.fn.*)
 *(.mips16.call.*)
 *(.gnu.warning)
                0x9d000000                . = ALIGN (0x4)

.init           0x9d000000        0x0
 *crti.o(.init)
 *crtbegin.o(.init)
 *(EXCLUDE_FILE(*crtn.o *crtend?.o *crtend.o) .init)
 *crtend.o(.init)
 *crtn.o(.init)
                0x9d000000                . = ALIGN (0x4)

.fini           0x9d000000        0x0
 *(.fini)
                0x9d000000                . = ALIGN (0x4)

.preinit_array  0x9d000000        0x0
                0x9d000000                PROVIDE (__preinit_array_start, .)
 *(.preinit_array)
                0x9d000000                PROVIDE (__preinit_array_end, .)
                0x9d000000                . = ALIGN (0x4)

.init_array     0x9d000000        0x0
                0x9d000000                PROVIDE (__init_array_start, .)
 *(SORT(.init_array.*))
 *(.init_array)
                0x9d000000                PROVIDE (__init_array_end, .)
                0x9d000000                . = ALIGN (0x4)

.fini_array     0x9d000000        0x0
                0x9d000000                PROVIDE (__fini_array_start, .)
 *(SORT(.fini_array.*))
 *(.fini_array)
                0x9d000000                PROVIDE (__fini_array_end, .)
                0x9d000000                . = ALIGN (0x4)

.ctors          0x9d000000        0x0
 *crtbegin.o(.ctors)
 *crtbegin?.o(.ctors)
 *(EXCLUDE_FILE(*crtend?.o *crtend.o) .ctors)
 *(SORT(.ctors.*))
 *(.ctors)
                0x9d000000                . = ALIGN (0x4)

.dtors          0x9d000000        0x0
 *crtbegin.o(.dtors)
 *crtbegin?.o(.dtors)
 *(EXCLUDE_FILE(*crtend?.o *crtend.o) .dtors)
 *(SORT(.dtors.*))
 *(.dtors)
                0x9d000000                . = ALIGN (0x4)

.rodata         0x9d000000        0x0
 *(.gnu.linkonce.r.*)
 *(.rodata1)
                0x9d000000                . = ALIGN (0x4)

.sdata2         0x9fc00490        0x0
 *(.sdata2 .sdata2.* .gnu.linkonce.s2.*)
                0x9fc00490                . = ALIGN (0x4)

.sbss2          0x9fc00490        0x0
 *(.sbss2 .sbss2.* .gnu.linkonce.sb2.*)
                0x9fc00490                . = ALIGN (0x4)

.eh_frame_hdr
 *(.eh_frame_hdr)
                0x9fc00490                . = ALIGN (0x4)

.eh_frame
 *(.eh_frame)
                0x9fc00490                . = ALIGN (0x4)

.gcc_except_table
 *(.gcc_except_table .gcc_except_table.*)
                0x9fc00490                . = ALIGN (0x4)

.dbg_data       0xa0000200        0x0
                0xa0000200                . = (. + DEFINED (_DEBUGGER)?0x200:0x0)

.jcr            0xa0000200        0x0
 *(.jcr)
                0xa0000200                . = ALIGN (0x4)

.eh_frame
 *(.eh_frame)
                0xa0000200                . = ALIGN (0x4)

.gcc_except_table
 *(.gcc_except_table .gcc_except_table.*)
                0xa0000200                . = ALIGN (0x4)

.persist        0xa0000200        0x0
                0xa0000200                _persist_begin = .
 *(.persist .persist.*)
 *(.pbss .pbss.*)
                0xa0000200                . = ALIGN (0x4)
                0xa0000200                _persist_end = .

.data           0xa0000200        0x0
 *(.gnu.linkonce.d.*)
 *(.data1)
                0xa0000200                . = ALIGN (0x4)
                0xa0000200                . = .
                0xa00081f0                _gp = (ALIGN (0x10) + 0x7ff0)

.got            0xa0000200        0x0
 *(.got.plt)
 *(.got)
                0xa0000200                . = ALIGN (0x4)

.sdata          0xa0000200        0x4
                0xa0000200                _sdata_begin = .
 *(.sdata .sdata.* .gnu.linkonce.s.*)
 .sdata         0xa0000200        0x4 build/default/debug/_ext/951553248/port.o
                0xa0000200                uxInterruptNesting
                0xa0000204                . = ALIGN (0x4)
                0xa0000204                _sdata_end = .

.lit8
 *(.lit8)

.lit4
 *(.lit4)
                0xa0000204                . = ALIGN (0x4)
                0xa0000204                _data_end = .
                0xa0000204                _bss_begin = .

.sbss           0xa0000204       0x74
                0xa0000204                _sbss_begin = .
 *(.dynsbss)
 *(.sbss .sbss.* .gnu.linkonce.sb.*)
 .sbss          0xa0000204        0xc build/default/debug/_ext/1171490990/exceptions.o
 .sbss          0xa0000210        0x8 build/default/debug/_ext/1665200909/heap_1.o
 .sbss          0xa0000218        0x4 build/default/debug/_ext/951553248/port.o
                0xa0000218                uxSavedTaskStackPointer
 .sbss          0xa000021c       0x34 build/default/debug/_ext/404212886/FreeRTOS_tasks.o
                0xa000021c                pxCurrentTCB
                0xa0000220                uxDeletedTasksWaitingCleanUp
                0xa0000224                uxCurrentNumberOfTasks
                0xa0000228                xTickCount
                0xa000022c                uxTopReadyPriority
                0xa0000230                xSchedulerRunning
                0xa0000234                uxPendedTicks
                0xa0000238                xYieldPending
                0xa000023c                xNumOfOverflows
                0xa0000240                uxTaskNumber
                0xa0000244                xNextTaskUnblockTime
                0xa0000248                xIdleTaskHandle
                0xa000024c                uxSchedulerSuspended
 .sbss          0xa0000250       0x14 build/default/debug/_ext/404212886/timers.o
 *(.scommon)
 .scommon       0xa0000264        0x4 build/default/debug/_ext/1171490990/initialization.o
                0xa0000264                sysObj
 .scommon       0xa0000268        0x4 build/default/debug/_ext/1171490990/tasks.o
                0xa0000268                xMAINBOARD2_Tasks
 .scommon       0xa000026c        0x8 build/default/debug/_ext/404212886/FreeRTOS_tasks.o
                0xa000026c                pxDelayedTaskList
                0xa0000270                pxOverflowDelayedTaskList
 .scommon       0xa0000274        0x1 build/default/debug/_ext/1360937237/mainboard2.o
                0xa0000274                mainboard2Data
                0xa0000275                _sbss_end = .
                0xa0000278                . = ALIGN (0x4)
 *fill*         0xa0000275        0x3 

.bss            0xa0000278      0x118
 *(.dynbss)
 *(COMMON)
 COMMON         0xa0000278       0x50 build/default/debug/_ext/404212886/queue.o
                0xa0000278                xQueueRegistry
 COMMON         0xa00002c8       0xc8 build/default/debug/_ext/404212886/FreeRTOS_tasks.o
                0xa00002c8                pxReadyTasksLists
                0xa000032c                xPendingReadyList
                0xa0000340                xSuspendedTaskList
                0xa0000354                xDelayedTaskList1
                0xa0000368                xTasksWaitingTermination
                0xa000037c                xDelayedTaskList2
                0xa0000390                . = ALIGN ((. != 0x0)?0x4:0x1)
                0xa0000390                . = ALIGN (0x4)
                0xa0000390                _end = .
                0xa0000390                _bss_end = .
                0x00020000                _bmxdudba_address = 0x20000
                0x00020000                _bmxdupba_address = 0x20000

/DISCARD/
 *(.pdr)
 *(.rel.dyn)
 *(.note.GNU-stack)
 *(.note.GNU-stack)
 *(.gnu_debuglink)
 *(.gnu.lto_*)
 *(.discard)

.gptab.sdata
 *(.gptab.data)
 *(.gptab.sdata)

.gptab.sbss
 *(.gptab.bss)
 *(.gptab.sbss)

.mdebug.abi32   0xa0000390        0x0
 *(.mdebug.abi32)
 .mdebug.abi32  0xa0000390        0x0 d:/program files (x86)/microchip/xc32/v2.30/bin/bin/../../lib/gcc/pic32mx/4.8.3/../../../../pic32mx/lib\software-debug-break.o
 .mdebug.abi32  0xa0000390        0x0 build/default/debug/_ext/897820976/drv_at24.o
 .mdebug.abi32  0xa0000390        0x0 build/default/debug/_ext/60165520/plib_clk.o
 .mdebug.abi32  0xa0000390        0x0 build/default/debug/_ext/1865200349/plib_evic.o
 .mdebug.abi32  0xa0000390        0x0 build/default/debug/_ext/1865254177/plib_gpio.o
 .mdebug.abi32  0xa0000390        0x0 build/default/debug/_ext/60169480/plib_i2c1.o
 .mdebug.abi32  0xa0000390        0x0 build/default/debug/_ext/1881668453/sys_int.o
 .mdebug.abi32  0xa0000390        0x0 build/default/debug/_ext/1171490990/initialization.o
 .mdebug.abi32  0xa0000390        0x0 build/default/debug/_ext/1171490990/interrupts.o
 .mdebug.abi32  0xa0000390        0x0 build/default/debug/_ext/1171490990/exceptions.o
 .mdebug.abi32  0xa0000390        0x0 build/default/debug/_ext/1171490990/freertos_hooks.o
 .mdebug.abi32  0xa0000390        0x0 build/default/debug/_ext/1171490990/tasks.o
 .mdebug.abi32  0xa0000390        0x0 build/default/debug/_ext/1665200909/heap_1.o
 .mdebug.abi32  0xa0000390        0x0 build/default/debug/_ext/951553248/port.o
 .mdebug.abi32  0xa0000390        0x0 build/default/debug/_ext/404212886/croutine.o
 .mdebug.abi32  0xa0000390        0x0 build/default/debug/_ext/404212886/list.o
 .mdebug.abi32  0xa0000390        0x0 build/default/debug/_ext/404212886/queue.o
 .mdebug.abi32  0xa0000390        0x0 build/default/debug/_ext/404212886/FreeRTOS_tasks.o
 .mdebug.abi32  0xa0000390        0x0 build/default/debug/_ext/404212886/timers.o
 .mdebug.abi32  0xa0000390        0x0 build/default/debug/_ext/404212886/event_groups.o
 .mdebug.abi32  0xa0000390        0x0 build/default/debug/_ext/404212886/stream_buffer.o
 .mdebug.abi32  0xa0000390        0x0 build/default/debug/_ext/1360937237/audits.o
 .mdebug.abi32  0xa0000390        0x0 build/default/debug/_ext/1360937237/hd44780.o
 .mdebug.abi32  0xa0000390        0x0 build/default/debug/_ext/1360937237/delay_us.o
 .mdebug.abi32  0xa0000390        0x0 build/default/debug/_ext/1360937237/main.o
 .mdebug.abi32  0xa0000390        0x0 build/default/debug/_ext/1360937237/mainboard2.o
 .mdebug.abi32  0xa0000390        0x0 d:/program files (x86)/microchip/xc32/v2.30/bin/bin/../../lib/gcc/pic32mx/4.8.3\libgcc.a(floatunsisf.o)
 .mdebug.abi32  0xa0000390        0x0 d:/program files (x86)/microchip/xc32/v2.30/bin/bin/../../lib/gcc/pic32mx/4.8.3/../../../../pic32mx/lib\libpic32.a(default-bootstrap-exception-handler.o)
 .mdebug.abi32  0xa0000390        0x0 d:/program files (x86)/microchip/xc32/v2.30/bin/bin/../../lib/gcc/pic32mx/4.8.3/../../../../pic32mx/lib\libpic32.a(default-on-reset.o)
 .mdebug.abi32  0xa0000390        0x0 d:/program files (x86)/microchip/xc32/v2.30/bin/bin/../../lib/gcc/pic32mx/4.8.3/../../../../pic32mx/lib\libpic32.a(default-on-bootstrap.o)
 .mdebug.abi32  0xa0000390        0x0 d:/program files (x86)/microchip/xc32/v2.30/bin/bin/../../lib/gcc/pic32mx/4.8.3/../../../../pic32mx/lib\libpic32.a(defaultinterrupt.o)
 .mdebug.abi32  0xa0000390        0x0 d:/program files (x86)/microchip/xc32/v2.30/bin/bin/../../lib/gcc/pic32mx/4.8.3/../../../../pic32mx/lib\libc.a(printf_cdnopsuxX.eo)
 .mdebug.abi32  0xa0000390        0x0 d:/program files (x86)/microchip/xc32/v2.30/bin/bin/../../lib/gcc/pic32mx/4.8.3/../../../../pic32mx/lib\libc.a(_iob.o)
 .mdebug.abi32  0xa0000390        0x0 d:/program files (x86)/microchip/xc32/v2.30/bin/bin/../../lib/gcc/pic32mx/4.8.3/../../../../pic32mx/lib\libc.a(doprnt_cdnopsuxX.eo)
 .mdebug.abi32  0xa0000390        0x0 d:/program files (x86)/microchip/xc32/v2.30/bin/bin/../../lib/gcc/pic32mx/4.8.3/../../../../pic32mx/lib\libc.a(_fputc_simple.o)
 .mdebug.abi32  0xa0000390        0x0 d:/program files (x86)/microchip/xc32/v2.30/bin/bin/../../lib/gcc/pic32mx/4.8.3/../../../../pic32mx/lib\libc.a(ctype.o)
 .mdebug.abi32  0xa0000390        0x0 d:/program files (x86)/microchip/xc32/v2.30/bin/bin/../../lib/gcc/pic32mx/4.8.3/../../../../pic32mx/lib\libc.a(_flsbuf_simple.o)
 .mdebug.abi32  0xa0000390        0x0 d:/program files (x86)/microchip/xc32/v2.30/bin/bin/../../lib/gcc/pic32mx/4.8.3\libgcc.a(_udivdi3.o)
 .mdebug.abi32  0xa0000390        0x0 d:/program files (x86)/microchip/xc32/v2.30/bin/bin/../../lib/gcc/pic32mx/4.8.3\libgcc.a(_umoddi3.o)
 .mdebug.abi32  0xa0000390        0x0 d:/program files (x86)/microchip/xc32/v2.30/bin/bin/../../lib/gcc/pic32mx/4.8.3/../../../../pic32mx/lib\libpic32.a(write.o)

.mdebug.abiN32
 *(.mdebug.abiN32)

.mdebug.abi64
 *(.mdebug.abi64)

.mdebug.abiO64
 *(.mdebug.abiO64)

.mdebug.eabi32
 *(.mdebug.eabi32)

.mdebug.eabi64
 *(.mdebug.eabi64)

.gcc_compiled_long32
 *(.gcc_compiled_long32)

.gcc_compiled_long64
 *(.gcc_compiled_long64)

.stab
 *(.stab)

.stabstr
 *(.stabstr)

.stab.excl
 *(.stab.excl)

.stab.exclstr
 *(.stab.exclstr)

.stab.index
 *(.stab.index)

.stab.indexstr
 *(.stab.indexstr)

.comment        0x00000000       0xa2
 *(.comment)
 .comment       0x00000000       0x3c d:/program files (x86)/microchip/xc32/v2.30/bin/bin/../../lib/gcc/pic32mx/4.8.3/../../../../pic32mx/lib\software-debug-break.o
                                 0x3d (size before relaxing)
 .comment       0x00000000       0x3d build/default/debug/_ext/897820976/drv_at24.o
 .comment       0x00000000       0x3d build/default/debug/_ext/60165520/plib_clk.o
 .comment       0x00000000       0x3d build/default/debug/_ext/1865200349/plib_evic.o
 .comment       0x00000000       0x3d build/default/debug/_ext/1865254177/plib_gpio.o
 .comment       0x00000000       0x3d build/default/debug/_ext/60169480/plib_i2c1.o
 .comment       0x00000000       0x3d build/default/debug/_ext/1881668453/sys_int.o
 .comment       0x00000000       0x3d build/default/debug/_ext/1171490990/initialization.o
 .comment       0x00000000       0x3d build/default/debug/_ext/1171490990/interrupts.o
 .comment       0x00000000       0x3d build/default/debug/_ext/1171490990/exceptions.o
 .comment       0x00000000       0x3d build/default/debug/_ext/1171490990/freertos_hooks.o
 .comment       0x00000000       0x3d build/default/debug/_ext/1171490990/tasks.o
 .comment       0x00000000       0x3d build/default/debug/_ext/1665200909/heap_1.o
 .comment       0x00000000       0x3d build/default/debug/_ext/951553248/port.o
 .comment       0x00000000       0x3d build/default/debug/_ext/404212886/croutine.o
 .comment       0x00000000       0x3d build/default/debug/_ext/404212886/list.o
 .comment       0x00000000       0x3d build/default/debug/_ext/404212886/queue.o
 .comment       0x00000000       0x3d build/default/debug/_ext/404212886/FreeRTOS_tasks.o
 .comment       0x00000000       0x3d build/default/debug/_ext/404212886/timers.o
 .comment       0x00000000       0x3d build/default/debug/_ext/404212886/event_groups.o
 .comment       0x00000000       0x3d build/default/debug/_ext/404212886/stream_buffer.o
 .comment       0x00000000       0x3d build/default/debug/_ext/1360937237/audits.o
 .comment       0x00000000       0x3d build/default/debug/_ext/1360937237/hd44780.o
 .comment       0x00000000       0x3d build/default/debug/_ext/1360937237/delay_us.o
 .comment       0x00000000       0x3d build/default/debug/_ext/1360937237/main.o
 .comment       0x00000000       0x3d build/default/debug/_ext/1360937237/mainboard2.o
 .comment       0x00000000       0x3d d:/program files (x86)/microchip/xc32/v2.30/bin/bin/../../lib/gcc/pic32mx/4.8.3\libgcc.a(floatunsisf.o)
 .comment       0x0000003c       0x18 d:/program files (x86)/microchip/xc32/v2.30/bin/bin/../../lib/gcc/pic32mx/4.8.3/../../../../pic32mx/lib\libpic32.a(memset.o)
                                 0x19 (size before relaxing)
 .comment       0x00000000       0x3d d:/program files (x86)/microchip/xc32/v2.30/bin/bin/../../lib/gcc/pic32mx/4.8.3/../../../../pic32mx/lib\libpic32.a(default-bootstrap-exception-handler.o)
 .comment       0x00000000       0x3d d:/program files (x86)/microchip/xc32/v2.30/bin/bin/../../lib/gcc/pic32mx/4.8.3/../../../../pic32mx/lib\libpic32.a(default-on-reset.o)
 .comment       0x00000000       0x3d d:/program files (x86)/microchip/xc32/v2.30/bin/bin/../../lib/gcc/pic32mx/4.8.3/../../../../pic32mx/lib\libpic32.a(default-on-bootstrap.o)
 .comment       0x00000000       0x3d d:/program files (x86)/microchip/xc32/v2.30/bin/bin/../../lib/gcc/pic32mx/4.8.3/../../../../pic32mx/lib\libpic32.a(defaultinterrupt.o)
 .comment       0x00000000       0x3d d:/program files (x86)/microchip/xc32/v2.30/bin/bin/../../lib/gcc/pic32mx/4.8.3/../../../../pic32mx/lib\libc.a(printf_cdnopsuxX.eo)
 .comment       0x00000000       0x3d d:/program files (x86)/microchip/xc32/v2.30/bin/bin/../../lib/gcc/pic32mx/4.8.3/../../../../pic32mx/lib\libc.a(_iob.o)
 .comment       0x00000000       0x3d d:/program files (x86)/microchip/xc32/v2.30/bin/bin/../../lib/gcc/pic32mx/4.8.3/../../../../pic32mx/lib\libc.a(doprnt_cdnopsuxX.eo)
 .comment       0x00000000       0x3d d:/program files (x86)/microchip/xc32/v2.30/bin/bin/../../lib/gcc/pic32mx/4.8.3/../../../../pic32mx/lib\libc.a(_fputc_simple.o)
 .comment       0x00000054       0x4e d:/program files (x86)/microchip/xc32/v2.30/bin/bin/../../lib/gcc/pic32mx/4.8.3/../../../../pic32mx/lib\libc.a(ctype.o)
                                 0x8b (size before relaxing)
 .comment       0x00000000       0x3d d:/program files (x86)/microchip/xc32/v2.30/bin/bin/../../lib/gcc/pic32mx/4.8.3/../../../../pic32mx/lib\libc.a(_flsbuf_simple.o)
 .comment       0x00000000       0x3d d:/program files (x86)/microchip/xc32/v2.30/bin/bin/../../lib/gcc/pic32mx/4.8.3\libgcc.a(_udivdi3.o)
 .comment       0x00000000       0x3d d:/program files (x86)/microchip/xc32/v2.30/bin/bin/../../lib/gcc/pic32mx/4.8.3\libgcc.a(_umoddi3.o)
 .comment       0x00000000       0x3d d:/program files (x86)/microchip/xc32/v2.30/bin/bin/../../lib/gcc/pic32mx/4.8.3/../../../../pic32mx/lib\libpic32.a(write.o)

.debug
 *(.debug)

.line
 *(.line)

.debug_srcinfo
 *(.debug_srcinfo)

.debug_sfnames
 *(.debug_sfnames)

.debug_aranges  0x00000000      0xc18
 *(.debug_aranges)
 .debug_aranges
                0x00000000       0x20 d:/program files (x86)/microchip/xc32/v2.30/bin/bin/../../lib/gcc/pic32mx/4.8.3/../../../../pic32mx/lib\software-debug-break.o
 .debug_aranges
                0x00000020       0x88 build/default/debug/_ext/897820976/drv_at24.o
 .debug_aranges
                0x000000a8       0x20 build/default/debug/_ext/60165520/plib_clk.o
 .debug_aranges
                0x000000c8       0x50 build/default/debug/_ext/1865200349/plib_evic.o
 .debug_aranges
                0x00000118       0x60 build/default/debug/_ext/1865254177/plib_gpio.o
 .debug_aranges
                0x00000178       0x78 build/default/debug/_ext/60169480/plib_i2c1.o
 .debug_aranges
                0x000001f0       0x40 build/default/debug/_ext/1881668453/sys_int.o
 .debug_aranges
                0x00000230       0x20 build/default/debug/_ext/1171490990/initialization.o
 .debug_aranges
                0x00000250       0x20 build/default/debug/_ext/1171490990/interrupts.o
 .debug_aranges
                0x00000270       0x28 build/default/debug/_ext/1171490990/interrupts_a.o
 .debug_aranges
                0x00000298       0x20 build/default/debug/_ext/1171490990/exceptions.o
 .debug_aranges
                0x000002b8       0x40 build/default/debug/_ext/1171490990/freertos_hooks.o
 .debug_aranges
                0x000002f8       0x28 build/default/debug/_ext/1171490990/tasks.o
 .debug_aranges
                0x00000320       0x38 build/default/debug/_ext/1665200909/heap_1.o
 .debug_aranges
                0x00000358       0x58 build/default/debug/_ext/951553248/port.o
 .debug_aranges
                0x000003b0       0x20 build/default/debug/_ext/951553248/port_asm.o
 .debug_aranges
                0x000003d0       0x18 build/default/debug/_ext/404212886/croutine.o
 .debug_aranges
                0x000003e8       0x40 build/default/debug/_ext/404212886/list.o
 .debug_aranges
                0x00000428      0x130 build/default/debug/_ext/404212886/queue.o
 .debug_aranges
                0x00000558      0x1b0 build/default/debug/_ext/404212886/FreeRTOS_tasks.o
 .debug_aranges
                0x00000708       0xc0 build/default/debug/_ext/404212886/timers.o
 .debug_aranges
                0x000007c8       0x68 build/default/debug/_ext/404212886/event_groups.o
 .debug_aranges
                0x00000830       0xc0 build/default/debug/_ext/404212886/stream_buffer.o
 .debug_aranges
                0x000008f0       0x38 build/default/debug/_ext/1360937237/audits.o
 .debug_aranges
                0x00000928       0xc8 build/default/debug/_ext/1360937237/hd44780.o
 .debug_aranges
                0x000009f0       0x20 build/default/debug/_ext/1360937237/delay_us.o
 .debug_aranges
                0x00000a10       0x20 build/default/debug/_ext/1360937237/main.o
 .debug_aranges
                0x00000a30       0x28 build/default/debug/_ext/1360937237/mainboard2.o
 .debug_aranges
                0x00000a58       0x40 C:\Users\ADMINI~1\AppData\Local\Temp\cci7eS6n.o
 .debug_aranges
                0x00000a98       0x20 d:/program files (x86)/microchip/xc32/v2.30/bin/bin/../../lib/gcc/pic32mx/4.8.3\libgcc.a(floatunsisf.o)
 .debug_aranges
                0x00000ab8       0x20 d:/program files (x86)/microchip/xc32/v2.30/bin/bin/../../lib/gcc/pic32mx/4.8.3/../../../../pic32mx/lib\libpic32.a(default-bootstrap-exception-handler.o)
 .debug_aranges
                0x00000ad8       0x20 d:/program files (x86)/microchip/xc32/v2.30/bin/bin/../../lib/gcc/pic32mx/4.8.3/../../../../pic32mx/lib\libpic32.a(default-on-reset.o)
 .debug_aranges
                0x00000af8       0x20 d:/program files (x86)/microchip/xc32/v2.30/bin/bin/../../lib/gcc/pic32mx/4.8.3/../../../../pic32mx/lib\libpic32.a(default-on-bootstrap.o)
 .debug_aranges
                0x00000b18       0x20 d:/program files (x86)/microchip/xc32/v2.30/bin/bin/../../lib/gcc/pic32mx/4.8.3/../../../../pic32mx/lib\libpic32.a(defaultinterrupt.o)
 .debug_aranges
                0x00000b38       0x20 d:/program files (x86)/microchip/xc32/v2.30/bin/bin/../../lib/gcc/pic32mx/4.8.3/../../../../pic32mx/lib\libc.a(printf_cdnopsuxX.eo)
 .debug_aranges
                0x00000b58       0x20 d:/program files (x86)/microchip/xc32/v2.30/bin/bin/../../lib/gcc/pic32mx/4.8.3/../../../../pic32mx/lib\libc.a(doprnt_cdnopsuxX.eo)
 .debug_aranges
                0x00000b78       0x20 d:/program files (x86)/microchip/xc32/v2.30/bin/bin/../../lib/gcc/pic32mx/4.8.3/../../../../pic32mx/lib\libc.a(_fputc_simple.o)
 .debug_aranges
                0x00000b98       0x20 d:/program files (x86)/microchip/xc32/v2.30/bin/bin/../../lib/gcc/pic32mx/4.8.3/../../../../pic32mx/lib\libc.a(_flsbuf_simple.o)
 .debug_aranges
                0x00000bb8       0x20 d:/program files (x86)/microchip/xc32/v2.30/bin/bin/../../lib/gcc/pic32mx/4.8.3\libgcc.a(_udivdi3.o)
 .debug_aranges
                0x00000bd8       0x20 d:/program files (x86)/microchip/xc32/v2.30/bin/bin/../../lib/gcc/pic32mx/4.8.3\libgcc.a(_umoddi3.o)
 .debug_aranges
                0x00000bf8       0x20 d:/program files (x86)/microchip/xc32/v2.30/bin/bin/../../lib/gcc/pic32mx/4.8.3/../../../../pic32mx/lib\libpic32.a(write.o)

.debug_pubnames
 *(.debug_pubnames)

.debug_info     0x00000000    0x1384b
 *(.debug_info .gnu.linkonce.wi.*)
 .debug_info    0x00000000       0xe3 d:/program files (x86)/microchip/xc32/v2.30/bin/bin/../../lib/gcc/pic32mx/4.8.3/../../../../pic32mx/lib\software-debug-break.o
 .debug_info    0x000000e3     0x104e build/default/debug/_ext/897820976/drv_at24.o
 .debug_info    0x00001131      0x26f build/default/debug/_ext/60165520/plib_clk.o
 .debug_info    0x000013a0      0xb8e build/default/debug/_ext/1865200349/plib_evic.o
 .debug_info    0x00001f2e      0x773 build/default/debug/_ext/1865254177/plib_gpio.o
 .debug_info    0x000026a1      0x991 build/default/debug/_ext/60169480/plib_i2c1.o
 .debug_info    0x00003032      0xb25 build/default/debug/_ext/1881668453/sys_int.o
 .debug_info    0x00003b57      0x8f7 build/default/debug/_ext/1171490990/initialization.o
 .debug_info    0x0000444e      0x1b8 build/default/debug/_ext/1171490990/interrupts.o
 .debug_info    0x00004606       0x8d build/default/debug/_ext/1171490990/interrupts_a.o
 .debug_info    0x00004693      0x249 build/default/debug/_ext/1171490990/exceptions.o
 .debug_info    0x000048dc      0x366 build/default/debug/_ext/1171490990/freertos_hooks.o
 .debug_info    0x00004c42      0x3af build/default/debug/_ext/1171490990/tasks.o
 .debug_info    0x00004ff1      0x36b build/default/debug/_ext/1665200909/heap_1.o
 .debug_info    0x0000535c      0xe37 build/default/debug/_ext/951553248/port.o
 .debug_info    0x00006193       0xb6 build/default/debug/_ext/951553248/port_asm.o
 .debug_info    0x00006249      0x168 build/default/debug/_ext/404212886/croutine.o
 .debug_info    0x000063b1      0x47d build/default/debug/_ext/404212886/list.o
 .debug_info    0x0000682e     0x25bb build/default/debug/_ext/404212886/queue.o
 .debug_info    0x00008de9     0x2b62 build/default/debug/_ext/404212886/FreeRTOS_tasks.o
 .debug_info    0x0000b94b     0x168e build/default/debug/_ext/404212886/timers.o
 .debug_info    0x0000cfd9      0xd66 build/default/debug/_ext/404212886/event_groups.o
 .debug_info    0x0000dd3f     0x1880 build/default/debug/_ext/404212886/stream_buffer.o
 .debug_info    0x0000f5bf      0xd9d build/default/debug/_ext/1360937237/audits.o
 .debug_info    0x0001035c     0x14aa build/default/debug/_ext/1360937237/hd44780.o
 .debug_info    0x00011806      0x1a8 build/default/debug/_ext/1360937237/delay_us.o
 .debug_info    0x000119ae      0x1c5 build/default/debug/_ext/1360937237/main.o
 .debug_info    0x00011b73      0x4aa build/default/debug/_ext/1360937237/mainboard2.o
 .debug_info    0x0001201d       0xce C:\Users\ADMINI~1\AppData\Local\Temp\cci7eS6n.o
 .debug_info    0x000120eb      0x129 d:/program files (x86)/microchip/xc32/v2.30/bin/bin/../../lib/gcc/pic32mx/4.8.3\libgcc.a(floatunsisf.o)
 .debug_info    0x00012214       0xf4 d:/program files (x86)/microchip/xc32/v2.30/bin/bin/../../lib/gcc/pic32mx/4.8.3/../../../../pic32mx/lib\libpic32.a(default-bootstrap-exception-handler.o)
 .debug_info    0x00012308       0xcd d:/program files (x86)/microchip/xc32/v2.30/bin/bin/../../lib/gcc/pic32mx/4.8.3/../../../../pic32mx/lib\libpic32.a(default-on-reset.o)
 .debug_info    0x000123d5       0xd5 d:/program files (x86)/microchip/xc32/v2.30/bin/bin/../../lib/gcc/pic32mx/4.8.3/../../../../pic32mx/lib\libpic32.a(default-on-bootstrap.o)
 .debug_info    0x000124aa       0xe7 d:/program files (x86)/microchip/xc32/v2.30/bin/bin/../../lib/gcc/pic32mx/4.8.3/../../../../pic32mx/lib\libpic32.a(defaultinterrupt.o)
 .debug_info    0x00012591       0xcf d:/program files (x86)/microchip/xc32/v2.30/bin/bin/../../lib/gcc/pic32mx/4.8.3/../../../../pic32mx/lib\libc.a(printf_cdnopsuxX.eo)
 .debug_info    0x00012660       0xd2 d:/program files (x86)/microchip/xc32/v2.30/bin/bin/../../lib/gcc/pic32mx/4.8.3/../../../../pic32mx/lib\libc.a(doprnt_cdnopsuxX.eo)
 .debug_info    0x00012732       0xc2 d:/program files (x86)/microchip/xc32/v2.30/bin/bin/../../lib/gcc/pic32mx/4.8.3/../../../../pic32mx/lib\libc.a(_fputc_simple.o)
 .debug_info    0x000127f4       0xc5 d:/program files (x86)/microchip/xc32/v2.30/bin/bin/../../lib/gcc/pic32mx/4.8.3/../../../../pic32mx/lib\libc.a(_flsbuf_simple.o)
 .debug_info    0x000128b9      0x74b d:/program files (x86)/microchip/xc32/v2.30/bin/bin/../../lib/gcc/pic32mx/4.8.3\libgcc.a(_udivdi3.o)
 .debug_info    0x00013004      0x788 d:/program files (x86)/microchip/xc32/v2.30/bin/bin/../../lib/gcc/pic32mx/4.8.3\libgcc.a(_umoddi3.o)
 .debug_info    0x0001378c       0xbf d:/program files (x86)/microchip/xc32/v2.30/bin/bin/../../lib/gcc/pic32mx/4.8.3/../../../../pic32mx/lib\libpic32.a(write.o)

.debug_abbrev   0x00000000     0x2a40
 *(.debug_abbrev)
 .debug_abbrev  0x00000000       0x28 d:/program files (x86)/microchip/xc32/v2.30/bin/bin/../../lib/gcc/pic32mx/4.8.3/../../../../pic32mx/lib\software-debug-break.o
 .debug_abbrev  0x00000028      0x26b build/default/debug/_ext/897820976/drv_at24.o
 .debug_abbrev  0x00000293       0x6f build/default/debug/_ext/60165520/plib_clk.o
 .debug_abbrev  0x00000302       0xd1 build/default/debug/_ext/1865200349/plib_evic.o
 .debug_abbrev  0x000003d3      0x143 build/default/debug/_ext/1865254177/plib_gpio.o
 .debug_abbrev  0x00000516      0x1be build/default/debug/_ext/60169480/plib_i2c1.o
 .debug_abbrev  0x000006d4      0x123 build/default/debug/_ext/1881668453/sys_int.o
 .debug_abbrev  0x000007f7      0x1bd build/default/debug/_ext/1171490990/initialization.o
 .debug_abbrev  0x000009b4       0x57 build/default/debug/_ext/1171490990/interrupts.o
 .debug_abbrev  0x00000a0b       0x12 build/default/debug/_ext/1171490990/interrupts_a.o
 .debug_abbrev  0x00000a1d       0xa2 build/default/debug/_ext/1171490990/exceptions.o
 .debug_abbrev  0x00000abf       0xe1 build/default/debug/_ext/1171490990/freertos_hooks.o
 .debug_abbrev  0x00000ba0      0x111 build/default/debug/_ext/1171490990/tasks.o
 .debug_abbrev  0x00000cb1      0x13f build/default/debug/_ext/1665200909/heap_1.o
 .debug_abbrev  0x00000df0      0x291 build/default/debug/_ext/951553248/port.o
 .debug_abbrev  0x00001081       0x14 build/default/debug/_ext/951553248/port_asm.o
 .debug_abbrev  0x00001095       0x1b build/default/debug/_ext/404212886/croutine.o
 .debug_abbrev  0x000010b0       0xe9 build/default/debug/_ext/404212886/list.o
 .debug_abbrev  0x00001199      0x2b6 build/default/debug/_ext/404212886/queue.o
 .debug_abbrev  0x0000144f      0x2c0 build/default/debug/_ext/404212886/FreeRTOS_tasks.o
 .debug_abbrev  0x0000170f      0x2d6 build/default/debug/_ext/404212886/timers.o
 .debug_abbrev  0x000019e5      0x246 build/default/debug/_ext/404212886/event_groups.o
 .debug_abbrev  0x00001c2b      0x2b7 build/default/debug/_ext/404212886/stream_buffer.o
 .debug_abbrev  0x00001ee2      0x223 build/default/debug/_ext/1360937237/audits.o
 .debug_abbrev  0x00002105      0x289 build/default/debug/_ext/1360937237/hd44780.o
 .debug_abbrev  0x0000238e       0x6d build/default/debug/_ext/1360937237/delay_us.o
 .debug_abbrev  0x000023fb       0x93 build/default/debug/_ext/1360937237/main.o
 .debug_abbrev  0x0000248e      0x157 build/default/debug/_ext/1360937237/mainboard2.o
 .debug_abbrev  0x000025e5       0x12 C:\Users\ADMINI~1\AppData\Local\Temp\cci7eS6n.o
 .debug_abbrev  0x000025f7       0x62 d:/program files (x86)/microchip/xc32/v2.30/bin/bin/../../lib/gcc/pic32mx/4.8.3\libgcc.a(floatunsisf.o)
 .debug_abbrev  0x00002659       0x28 d:/program files (x86)/microchip/xc32/v2.30/bin/bin/../../lib/gcc/pic32mx/4.8.3/../../../../pic32mx/lib\libpic32.a(default-bootstrap-exception-handler.o)
 .debug_abbrev  0x00002681       0x28 d:/program files (x86)/microchip/xc32/v2.30/bin/bin/../../lib/gcc/pic32mx/4.8.3/../../../../pic32mx/lib\libpic32.a(default-on-reset.o)
 .debug_abbrev  0x000026a9       0x28 d:/program files (x86)/microchip/xc32/v2.30/bin/bin/../../lib/gcc/pic32mx/4.8.3/../../../../pic32mx/lib\libpic32.a(default-on-bootstrap.o)
 .debug_abbrev  0x000026d1       0x28 d:/program files (x86)/microchip/xc32/v2.30/bin/bin/../../lib/gcc/pic32mx/4.8.3/../../../../pic32mx/lib\libpic32.a(defaultinterrupt.o)
 .debug_abbrev  0x000026f9       0x28 d:/program files (x86)/microchip/xc32/v2.30/bin/bin/../../lib/gcc/pic32mx/4.8.3/../../../../pic32mx/lib\libc.a(printf_cdnopsuxX.eo)
 .debug_abbrev  0x00002721       0x28 d:/program files (x86)/microchip/xc32/v2.30/bin/bin/../../lib/gcc/pic32mx/4.8.3/../../../../pic32mx/lib\libc.a(doprnt_cdnopsuxX.eo)
 .debug_abbrev  0x00002749       0x28 d:/program files (x86)/microchip/xc32/v2.30/bin/bin/../../lib/gcc/pic32mx/4.8.3/../../../../pic32mx/lib\libc.a(_fputc_simple.o)
 .debug_abbrev  0x00002771       0x28 d:/program files (x86)/microchip/xc32/v2.30/bin/bin/../../lib/gcc/pic32mx/4.8.3/../../../../pic32mx/lib\libc.a(_flsbuf_simple.o)
 .debug_abbrev  0x00002799      0x138 d:/program files (x86)/microchip/xc32/v2.30/bin/bin/../../lib/gcc/pic32mx/4.8.3\libgcc.a(_udivdi3.o)
 .debug_abbrev  0x000028d1      0x147 d:/program files (x86)/microchip/xc32/v2.30/bin/bin/../../lib/gcc/pic32mx/4.8.3\libgcc.a(_umoddi3.o)
 .debug_abbrev  0x00002a18       0x28 d:/program files (x86)/microchip/xc32/v2.30/bin/bin/../../lib/gcc/pic32mx/4.8.3/../../../../pic32mx/lib\libpic32.a(write.o)

.debug_line     0x00000000     0x57ab
 *(.debug_line)
 .debug_line    0x00000000       0x99 d:/program files (x86)/microchip/xc32/v2.30/bin/bin/../../lib/gcc/pic32mx/4.8.3/../../../../pic32mx/lib\software-debug-break.o
 .debug_line    0x00000099      0x45c build/default/debug/_ext/897820976/drv_at24.o
 .debug_line    0x000004f5      0x16e build/default/debug/_ext/60165520/plib_clk.o
 .debug_line    0x00000663      0x1f8 build/default/debug/_ext/1865200349/plib_evic.o
 .debug_line    0x0000085b      0x232 build/default/debug/_ext/1865254177/plib_gpio.o
 .debug_line    0x00000a8d      0x37b build/default/debug/_ext/60169480/plib_i2c1.o
 .debug_line    0x00000e08      0x1a1 build/default/debug/_ext/1881668453/sys_int.o
 .debug_line    0x00000fa9      0x480 build/default/debug/_ext/1171490990/initialization.o
 .debug_line    0x00001429       0x88 build/default/debug/_ext/1171490990/interrupts.o
 .debug_line    0x000014b1       0x6f build/default/debug/_ext/1171490990/interrupts_a.o
 .debug_line    0x00001520       0xd6 build/default/debug/_ext/1171490990/exceptions.o
 .debug_line    0x000015f6      0x221 build/default/debug/_ext/1171490990/freertos_hooks.o
 .debug_line    0x00001817      0x237 build/default/debug/_ext/1171490990/tasks.o
 .debug_line    0x00001a4e      0x275 build/default/debug/_ext/1665200909/heap_1.o
 .debug_line    0x00001cc3      0x2a9 build/default/debug/_ext/951553248/port.o
 .debug_line    0x00001f6c       0xfc build/default/debug/_ext/951553248/port_asm.o
 .debug_line    0x00002068       0x1d build/default/debug/_ext/404212886/croutine.o
 .debug_line    0x00002085      0x246 build/default/debug/_ext/404212886/list.o
 .debug_line    0x000022cb      0x755 build/default/debug/_ext/404212886/queue.o
 .debug_line    0x00002a20      0x96b build/default/debug/_ext/404212886/FreeRTOS_tasks.o
 .debug_line    0x0000338b      0x4d2 build/default/debug/_ext/404212886/timers.o
 .debug_line    0x0000385d      0x3a7 build/default/debug/_ext/404212886/event_groups.o
 .debug_line    0x00003c04      0x50c build/default/debug/_ext/404212886/stream_buffer.o
 .debug_line    0x00004110      0x47f build/default/debug/_ext/1360937237/audits.o
 .debug_line    0x0000458f      0x542 build/default/debug/_ext/1360937237/hd44780.o
 .debug_line    0x00004ad1       0xd0 build/default/debug/_ext/1360937237/delay_us.o
 .debug_line    0x00004ba1       0xcd build/default/debug/_ext/1360937237/main.o
 .debug_line    0x00004c6e      0x25d build/default/debug/_ext/1360937237/mainboard2.o
 .debug_line    0x00004ecb      0x158 C:\Users\ADMINI~1\AppData\Local\Temp\cci7eS6n.o
 .debug_line    0x00005023       0x94 d:/program files (x86)/microchip/xc32/v2.30/bin/bin/../../lib/gcc/pic32mx/4.8.3\libgcc.a(floatunsisf.o)
 .debug_line    0x000050b7       0xa6 d:/program files (x86)/microchip/xc32/v2.30/bin/bin/../../lib/gcc/pic32mx/4.8.3/../../../../pic32mx/lib\libpic32.a(default-bootstrap-exception-handler.o)
 .debug_line    0x0000515d       0x93 d:/program files (x86)/microchip/xc32/v2.30/bin/bin/../../lib/gcc/pic32mx/4.8.3/../../../../pic32mx/lib\libpic32.a(default-on-reset.o)
 .debug_line    0x000051f0       0x97 d:/program files (x86)/microchip/xc32/v2.30/bin/bin/../../lib/gcc/pic32mx/4.8.3/../../../../pic32mx/lib\libpic32.a(default-on-bootstrap.o)
 .debug_line    0x00005287       0xa5 d:/program files (x86)/microchip/xc32/v2.30/bin/bin/../../lib/gcc/pic32mx/4.8.3/../../../../pic32mx/lib\libpic32.a(defaultinterrupt.o)
 .debug_line    0x0000532c       0x7e d:/program files (x86)/microchip/xc32/v2.30/bin/bin/../../lib/gcc/pic32mx/4.8.3/../../../../pic32mx/lib\libc.a(printf_cdnopsuxX.eo)
 .debug_line    0x000053aa        0x0 d:/program files (x86)/microchip/xc32/v2.30/bin/bin/../../lib/gcc/pic32mx/4.8.3/../../../../pic32mx/lib\libc.a(_iob.o)
 .debug_line    0x000053aa       0x7e d:/program files (x86)/microchip/xc32/v2.30/bin/bin/../../lib/gcc/pic32mx/4.8.3/../../../../pic32mx/lib\libc.a(doprnt_cdnopsuxX.eo)
 .debug_line    0x00005428       0x7d d:/program files (x86)/microchip/xc32/v2.30/bin/bin/../../lib/gcc/pic32mx/4.8.3/../../../../pic32mx/lib\libc.a(_fputc_simple.o)
 .debug_line    0x000054a5        0x0 d:/program files (x86)/microchip/xc32/v2.30/bin/bin/../../lib/gcc/pic32mx/4.8.3/../../../../pic32mx/lib\libc.a(ctype.o)
 .debug_line    0x000054a5       0x7e d:/program files (x86)/microchip/xc32/v2.30/bin/bin/../../lib/gcc/pic32mx/4.8.3/../../../../pic32mx/lib\libc.a(_flsbuf_simple.o)
 .debug_line    0x00005523       0xf7 d:/program files (x86)/microchip/xc32/v2.30/bin/bin/../../lib/gcc/pic32mx/4.8.3\libgcc.a(_udivdi3.o)
 .debug_line    0x0000561a      0x109 d:/program files (x86)/microchip/xc32/v2.30/bin/bin/../../lib/gcc/pic32mx/4.8.3\libgcc.a(_umoddi3.o)
 .debug_line    0x00005723       0x88 d:/program files (x86)/microchip/xc32/v2.30/bin/bin/../../lib/gcc/pic32mx/4.8.3/../../../../pic32mx/lib\libpic32.a(write.o)

.debug_frame    0x00000000     0x2464
 *(.debug_frame)
 .debug_frame   0x00000000       0x20 d:/program files (x86)/microchip/xc32/v2.30/bin/bin/../../lib/gcc/pic32mx/4.8.3/../../../../pic32mx/lib\software-debug-break.o
 .debug_frame   0x00000020      0x1f0 build/default/debug/_ext/897820976/drv_at24.o
 .debug_frame   0x00000210       0x34 build/default/debug/_ext/60165520/plib_clk.o
 .debug_frame   0x00000244       0xf0 build/default/debug/_ext/1865200349/plib_evic.o
 .debug_frame   0x00000334      0x134 build/default/debug/_ext/1865254177/plib_gpio.o
 .debug_frame   0x00000468      0x1ac build/default/debug/_ext/60169480/plib_i2c1.o
 .debug_frame   0x00000614       0xc4 build/default/debug/_ext/1881668453/sys_int.o
 .debug_frame   0x000006d8       0x34 build/default/debug/_ext/1171490990/initialization.o
 .debug_frame   0x0000070c       0x34 build/default/debug/_ext/1171490990/interrupts.o
 .debug_frame   0x00000740       0x2c build/default/debug/_ext/1171490990/exceptions.o
 .debug_frame   0x0000076c       0xac build/default/debug/_ext/1171490990/freertos_hooks.o
 .debug_frame   0x00000818       0x50 build/default/debug/_ext/1171490990/tasks.o
 .debug_frame   0x00000868       0x94 build/default/debug/_ext/1665200909/heap_1.o
 .debug_frame   0x000008fc      0x120 build/default/debug/_ext/951553248/port.o
 .debug_frame   0x00000a1c       0xb0 build/default/debug/_ext/404212886/list.o
 .debug_frame   0x00000acc      0x4e0 build/default/debug/_ext/404212886/queue.o
 .debug_frame   0x00000fac      0x700 build/default/debug/_ext/404212886/FreeRTOS_tasks.o
 .debug_frame   0x000016ac      0x2e8 build/default/debug/_ext/404212886/timers.o
 .debug_frame   0x00001994      0x174 build/default/debug/_ext/404212886/event_groups.o
 .debug_frame   0x00001b08      0x2f4 build/default/debug/_ext/404212886/stream_buffer.o
 .debug_frame   0x00001dfc       0x90 build/default/debug/_ext/1360937237/audits.o
 .debug_frame   0x00001e8c      0x31c build/default/debug/_ext/1360937237/hd44780.o
 .debug_frame   0x000021a8       0x30 build/default/debug/_ext/1360937237/delay_us.o
 .debug_frame   0x000021d8       0x2c build/default/debug/_ext/1360937237/main.o
 .debug_frame   0x00002204       0x58 build/default/debug/_ext/1360937237/mainboard2.o
 .debug_frame   0x0000225c       0x30 d:/program files (x86)/microchip/xc32/v2.30/bin/bin/../../lib/gcc/pic32mx/4.8.3\libgcc.a(floatunsisf.o)
 .debug_frame   0x0000228c       0x2c d:/program files (x86)/microchip/xc32/v2.30/bin/bin/../../lib/gcc/pic32mx/4.8.3/../../../../pic32mx/lib\libpic32.a(default-bootstrap-exception-handler.o)
 .debug_frame   0x000022b8       0x20 d:/program files (x86)/microchip/xc32/v2.30/bin/bin/../../lib/gcc/pic32mx/4.8.3/../../../../pic32mx/lib\libpic32.a(default-on-reset.o)
 .debug_frame   0x000022d8       0x20 d:/program files (x86)/microchip/xc32/v2.30/bin/bin/../../lib/gcc/pic32mx/4.8.3/../../../../pic32mx/lib\libpic32.a(default-on-bootstrap.o)
 .debug_frame   0x000022f8       0x20 d:/program files (x86)/microchip/xc32/v2.30/bin/bin/../../lib/gcc/pic32mx/4.8.3/../../../../pic32mx/lib\libpic32.a(defaultinterrupt.o)
 .debug_frame   0x00002318       0x2c d:/program files (x86)/microchip/xc32/v2.30/bin/bin/../../lib/gcc/pic32mx/4.8.3/../../../../pic32mx/lib\libc.a(printf_cdnopsuxX.eo)
 .debug_frame   0x00002344       0x40 d:/program files (x86)/microchip/xc32/v2.30/bin/bin/../../lib/gcc/pic32mx/4.8.3/../../../../pic32mx/lib\libc.a(doprnt_cdnopsuxX.eo)
 .debug_frame   0x00002384       0x30 d:/program files (x86)/microchip/xc32/v2.30/bin/bin/../../lib/gcc/pic32mx/4.8.3/../../../../pic32mx/lib\libc.a(_fputc_simple.o)
 .debug_frame   0x000023b4       0x38 d:/program files (x86)/microchip/xc32/v2.30/bin/bin/../../lib/gcc/pic32mx/4.8.3/../../../../pic32mx/lib\libc.a(_flsbuf_simple.o)
 .debug_frame   0x000023ec       0x20 d:/program files (x86)/microchip/xc32/v2.30/bin/bin/../../lib/gcc/pic32mx/4.8.3\libgcc.a(_udivdi3.o)
 .debug_frame   0x0000240c       0x20 d:/program files (x86)/microchip/xc32/v2.30/bin/bin/../../lib/gcc/pic32mx/4.8.3\libgcc.a(_umoddi3.o)
 .debug_frame   0x0000242c       0x38 d:/program files (x86)/microchip/xc32/v2.30/bin/bin/../../lib/gcc/pic32mx/4.8.3/../../../../pic32mx/lib\libpic32.a(write.o)

.debug_str      0x00000000      0x746
 *(.debug_str)
 .debug_str     0x00000000        0x0 d:/program files (x86)/microchip/xc32/v2.30/bin/bin/../../lib/gcc/pic32mx/4.8.3/../../../../pic32mx/lib\software-debug-break.o
 .debug_str     0x00000000       0x9e build/default/debug/_ext/897820976/drv_at24.o
 .debug_str     0x0000009e        0x0 build/default/debug/_ext/60165520/plib_clk.o
 .debug_str     0x0000009e        0x7 build/default/debug/_ext/1865200349/plib_evic.o
 .debug_str     0x000000a5        0xa build/default/debug/_ext/1865254177/plib_gpio.o
 .debug_str     0x000000af       0x11 build/default/debug/_ext/60169480/plib_i2c1.o
 .debug_str     0x000000c0        0x0 build/default/debug/_ext/1881668453/sys_int.o
 .debug_str     0x000000c0        0x0 build/default/debug/_ext/1171490990/initialization.o
 .debug_str     0x000000c0        0x0 build/default/debug/_ext/1171490990/interrupts.o
 .debug_str     0x000000c0        0x0 build/default/debug/_ext/1171490990/exceptions.o
 .debug_str     0x000000c0        0x9 build/default/debug/_ext/1171490990/freertos_hooks.o
 .debug_str     0x000000c9        0x0 build/default/debug/_ext/1171490990/tasks.o
 .debug_str     0x000000c9       0x1d build/default/debug/_ext/1665200909/heap_1.o
 .debug_str     0x000000e6       0x37 build/default/debug/_ext/951553248/port.o
 .debug_str     0x0000011d        0x0 build/default/debug/_ext/404212886/croutine.o
 .debug_str     0x0000011d       0x2b build/default/debug/_ext/404212886/list.o
 .debug_str     0x00000148      0x177 build/default/debug/_ext/404212886/queue.o
 .debug_str     0x000002bf      0x18d build/default/debug/_ext/404212886/FreeRTOS_tasks.o
 .debug_str     0x0000044c       0xd2 build/default/debug/_ext/404212886/timers.o
 .debug_str     0x0000051e       0xe6 build/default/debug/_ext/404212886/event_groups.o
 .debug_str     0x00000604      0x142 build/default/debug/_ext/404212886/stream_buffer.o
 .debug_str     0x00000746        0x0 build/default/debug/_ext/1360937237/audits.o
 .debug_str     0x00000746        0x0 build/default/debug/_ext/1360937237/hd44780.o
 .debug_str     0x00000746        0x0 build/default/debug/_ext/1360937237/delay_us.o
 .debug_str     0x00000746        0x0 build/default/debug/_ext/1360937237/main.o
 .debug_str     0x00000746        0x0 build/default/debug/_ext/1360937237/mainboard2.o
 .debug_str     0x00000746        0x0 d:/program files (x86)/microchip/xc32/v2.30/bin/bin/../../lib/gcc/pic32mx/4.8.3\libgcc.a(floatunsisf.o)
 .debug_str     0x00000746        0x0 d:/program files (x86)/microchip/xc32/v2.30/bin/bin/../../lib/gcc/pic32mx/4.8.3/../../../../pic32mx/lib\libpic32.a(default-bootstrap-exception-handler.o)
 .debug_str     0x00000746        0x0 d:/program files (x86)/microchip/xc32/v2.30/bin/bin/../../lib/gcc/pic32mx/4.8.3/../../../../pic32mx/lib\libpic32.a(default-on-reset.o)
 .debug_str     0x00000746        0x0 d:/program files (x86)/microchip/xc32/v2.30/bin/bin/../../lib/gcc/pic32mx/4.8.3/../../../../pic32mx/lib\libpic32.a(default-on-bootstrap.o)
 .debug_str     0x00000746        0x0 d:/program files (x86)/microchip/xc32/v2.30/bin/bin/../../lib/gcc/pic32mx/4.8.3/../../../../pic32mx/lib\libpic32.a(defaultinterrupt.o)
 .debug_str     0x00000746        0x0 d:/program files (x86)/microchip/xc32/v2.30/bin/bin/../../lib/gcc/pic32mx/4.8.3/../../../../pic32mx/lib\libc.a(printf_cdnopsuxX.eo)
 .debug_str     0x00000746        0x0 d:/program files (x86)/microchip/xc32/v2.30/bin/bin/../../lib/gcc/pic32mx/4.8.3/../../../../pic32mx/lib\libc.a(_iob.o)
 .debug_str     0x00000746        0x0 d:/program files (x86)/microchip/xc32/v2.30/bin/bin/../../lib/gcc/pic32mx/4.8.3/../../../../pic32mx/lib\libc.a(doprnt_cdnopsuxX.eo)
 .debug_str     0x00000746        0x0 d:/program files (x86)/microchip/xc32/v2.30/bin/bin/../../lib/gcc/pic32mx/4.8.3/../../../../pic32mx/lib\libc.a(_fputc_simple.o)
 .debug_str     0x00000746        0x0 d:/program files (x86)/microchip/xc32/v2.30/bin/bin/../../lib/gcc/pic32mx/4.8.3/../../../../pic32mx/lib\libc.a(ctype.o)
 .debug_str     0x00000746        0x0 d:/program files (x86)/microchip/xc32/v2.30/bin/bin/../../lib/gcc/pic32mx/4.8.3/../../../../pic32mx/lib\libc.a(_flsbuf_simple.o)
 .debug_str     0x00000746        0x0 d:/program files (x86)/microchip/xc32/v2.30/bin/bin/../../lib/gcc/pic32mx/4.8.3\libgcc.a(_udivdi3.o)
 .debug_str     0x00000746        0x0 d:/program files (x86)/microchip/xc32/v2.30/bin/bin/../../lib/gcc/pic32mx/4.8.3\libgcc.a(_umoddi3.o)
 .debug_str     0x00000746        0x0 d:/program files (x86)/microchip/xc32/v2.30/bin/bin/../../lib/gcc/pic32mx/4.8.3/../../../../pic32mx/lib\libpic32.a(write.o)

.debug_loc      0x00000000     0xcd6e
 *(.debug_loc)
 .debug_loc     0x00000000      0xab8 build/default/debug/_ext/897820976/drv_at24.o
 .debug_loc     0x00000ab8       0x92 build/default/debug/_ext/60165520/plib_clk.o
 .debug_loc     0x00000b4a      0x44c build/default/debug/_ext/1865200349/plib_evic.o
 .debug_loc     0x00000f96      0x285 build/default/debug/_ext/1865254177/plib_gpio.o
 .debug_loc     0x0000121b      0x459 build/default/debug/_ext/60169480/plib_i2c1.o
 .debug_loc     0x00001674      0x250 build/default/debug/_ext/1881668453/sys_int.o
 .debug_loc     0x000018c4       0x7b build/default/debug/_ext/1171490990/initialization.o
 .debug_loc     0x0000193f       0x44 build/default/debug/_ext/1171490990/interrupts.o
 .debug_loc     0x00001983       0x2c build/default/debug/_ext/1171490990/exceptions.o
 .debug_loc     0x000019af      0x1fe build/default/debug/_ext/1171490990/freertos_hooks.o
 .debug_loc     0x00001bad       0x8f build/default/debug/_ext/1171490990/tasks.o
 .debug_loc     0x00001c3c      0x18a build/default/debug/_ext/1665200909/heap_1.o
 .debug_loc     0x00001dc6      0x389 build/default/debug/_ext/951553248/port.o
 .debug_loc     0x0000214f      0x25c build/default/debug/_ext/404212886/list.o
 .debug_loc     0x000023ab     0x2578 build/default/debug/_ext/404212886/queue.o
 .debug_loc     0x00004923     0x297d build/default/debug/_ext/404212886/FreeRTOS_tasks.o
 .debug_loc     0x000072a0      0xfc0 build/default/debug/_ext/404212886/timers.o
 .debug_loc     0x00008260      0xdb2 build/default/debug/_ext/404212886/event_groups.o
 .debug_loc     0x00009012     0x1bf2 build/default/debug/_ext/404212886/stream_buffer.o
 .debug_loc     0x0000ac04      0x12b build/default/debug/_ext/1360937237/audits.o
 .debug_loc     0x0000ad2f      0x9c8 build/default/debug/_ext/1360937237/hd44780.o
 .debug_loc     0x0000b6f7       0x44 build/default/debug/_ext/1360937237/delay_us.o
 .debug_loc     0x0000b73b       0x2c build/default/debug/_ext/1360937237/main.o
 .debug_loc     0x0000b767       0x88 build/default/debug/_ext/1360937237/mainboard2.o
 .debug_loc     0x0000b7ef       0x74 d:/program files (x86)/microchip/xc32/v2.30/bin/bin/../../lib/gcc/pic32mx/4.8.3\libgcc.a(floatunsisf.o)
 .debug_loc     0x0000b863       0x2c d:/program files (x86)/microchip/xc32/v2.30/bin/bin/../../lib/gcc/pic32mx/4.8.3/../../../../pic32mx/lib\libpic32.a(default-bootstrap-exception-handler.o)
 .debug_loc     0x0000b88f      0xa6a d:/program files (x86)/microchip/xc32/v2.30/bin/bin/../../lib/gcc/pic32mx/4.8.3\libgcc.a(_udivdi3.o)
 .debug_loc     0x0000c2f9      0xa3d d:/program files (x86)/microchip/xc32/v2.30/bin/bin/../../lib/gcc/pic32mx/4.8.3\libgcc.a(_umoddi3.o)
 .debug_loc     0x0000cd36       0x38 d:/program files (x86)/microchip/xc32/v2.30/bin/bin/../../lib/gcc/pic32mx/4.8.3/../../../../pic32mx/lib\libpic32.a(write.o)

.debug_macinfo
 *(.debug_macinfo)

.debug_weaknames
 *(.debug_weaknames)

.debug_funcnames
 *(.debug_funcnames)

.debug_typenames
 *(.debug_typenames)

.debug_varnames
 *(.debug_varnames)

.debug_pubtypes
 *(.debug_pubtypes)

.debug_ranges   0x00000000      0xac0
 *(.debug_ranges)
 .debug_ranges  0x00000000       0x10 d:/program files (x86)/microchip/xc32/v2.30/bin/bin/../../lib/gcc/pic32mx/4.8.3/../../../../pic32mx/lib\software-debug-break.o
 .debug_ranges  0x00000010       0x78 build/default/debug/_ext/897820976/drv_at24.o
 .debug_ranges  0x00000088       0x10 build/default/debug/_ext/60165520/plib_clk.o
 .debug_ranges  0x00000098       0x40 build/default/debug/_ext/1865200349/plib_evic.o
 .debug_ranges  0x000000d8       0x50 build/default/debug/_ext/1865254177/plib_gpio.o
 .debug_ranges  0x00000128       0x68 build/default/debug/_ext/60169480/plib_i2c1.o
 .debug_ranges  0x00000190       0x30 build/default/debug/_ext/1881668453/sys_int.o
 .debug_ranges  0x000001c0       0x10 build/default/debug/_ext/1171490990/initialization.o
 .debug_ranges  0x000001d0       0x10 build/default/debug/_ext/1171490990/interrupts.o
 .debug_ranges  0x000001e0       0x20 build/default/debug/_ext/1171490990/interrupts_a.o
 .debug_ranges  0x00000200       0x10 build/default/debug/_ext/1171490990/exceptions.o
 .debug_ranges  0x00000210       0x30 build/default/debug/_ext/1171490990/freertos_hooks.o
 .debug_ranges  0x00000240       0x18 build/default/debug/_ext/1171490990/tasks.o
 .debug_ranges  0x00000258       0x28 build/default/debug/_ext/1665200909/heap_1.o
 .debug_ranges  0x00000280       0x48 build/default/debug/_ext/951553248/port.o
 .debug_ranges  0x000002c8       0x30 build/default/debug/_ext/404212886/list.o
 .debug_ranges  0x000002f8      0x120 build/default/debug/_ext/404212886/queue.o
 .debug_ranges  0x00000418      0x1a0 build/default/debug/_ext/404212886/FreeRTOS_tasks.o
 .debug_ranges  0x000005b8       0xb0 build/default/debug/_ext/404212886/timers.o
 .debug_ranges  0x00000668       0x58 build/default/debug/_ext/404212886/event_groups.o
 .debug_ranges  0x000006c0       0xb0 build/default/debug/_ext/404212886/stream_buffer.o
 .debug_ranges  0x00000770       0x28 build/default/debug/_ext/1360937237/audits.o
 .debug_ranges  0x00000798       0xb8 build/default/debug/_ext/1360937237/hd44780.o
 .debug_ranges  0x00000850       0x10 build/default/debug/_ext/1360937237/delay_us.o
 .debug_ranges  0x00000860       0x10 build/default/debug/_ext/1360937237/main.o
 .debug_ranges  0x00000870       0x18 build/default/debug/_ext/1360937237/mainboard2.o
 .debug_ranges  0x00000888       0x38 C:\Users\ADMINI~1\AppData\Local\Temp\cci7eS6n.o
 .debug_ranges  0x000008c0       0x10 d:/program files (x86)/microchip/xc32/v2.30/bin/bin/../../lib/gcc/pic32mx/4.8.3/../../../../pic32mx/lib\libpic32.a(default-bootstrap-exception-handler.o)
 .debug_ranges  0x000008d0       0x10 d:/program files (x86)/microchip/xc32/v2.30/bin/bin/../../lib/gcc/pic32mx/4.8.3/../../../../pic32mx/lib\libpic32.a(default-on-reset.o)
 .debug_ranges  0x000008e0       0x10 d:/program files (x86)/microchip/xc32/v2.30/bin/bin/../../lib/gcc/pic32mx/4.8.3/../../../../pic32mx/lib\libpic32.a(default-on-bootstrap.o)
 .debug_ranges  0x000008f0       0x10 d:/program files (x86)/microchip/xc32/v2.30/bin/bin/../../lib/gcc/pic32mx/4.8.3/../../../../pic32mx/lib\libpic32.a(defaultinterrupt.o)
 .debug_ranges  0x00000900       0x10 d:/program files (x86)/microchip/xc32/v2.30/bin/bin/../../lib/gcc/pic32mx/4.8.3/../../../../pic32mx/lib\libc.a(printf_cdnopsuxX.eo)
 .debug_ranges  0x00000910       0x10 d:/program files (x86)/microchip/xc32/v2.30/bin/bin/../../lib/gcc/pic32mx/4.8.3/../../../../pic32mx/lib\libc.a(doprnt_cdnopsuxX.eo)
 .debug_ranges  0x00000920       0x10 d:/program files (x86)/microchip/xc32/v2.30/bin/bin/../../lib/gcc/pic32mx/4.8.3/../../../../pic32mx/lib\libc.a(_fputc_simple.o)
 .debug_ranges  0x00000930       0x10 d:/program files (x86)/microchip/xc32/v2.30/bin/bin/../../lib/gcc/pic32mx/4.8.3/../../../../pic32mx/lib\libc.a(_flsbuf_simple.o)
 .debug_ranges  0x00000940       0x98 d:/program files (x86)/microchip/xc32/v2.30/bin/bin/../../lib/gcc/pic32mx/4.8.3\libgcc.a(_udivdi3.o)
 .debug_ranges  0x000009d8       0xd8 d:/program files (x86)/microchip/xc32/v2.30/bin/bin/../../lib/gcc/pic32mx/4.8.3\libgcc.a(_umoddi3.o)
 .debug_ranges  0x00000ab0       0x10 d:/program files (x86)/microchip/xc32/v2.30/bin/bin/../../lib/gcc/pic32mx/4.8.3/../../../../pic32mx/lib\libpic32.a(write.o)

.gnu.attributes
                0x00000000       0x10
 *(.gnu.attributes)
 .gnu.attributes
                0x00000000       0x10 d:/program files (x86)/microchip/xc32/v2.30/bin/bin/../../lib/gcc/pic32mx/4.8.3/../../../../pic32mx/lib\software-debug-break.o
 .gnu.attributes
                0x00000010       0x10 build/default/debug/_ext/897820976/drv_at24.o
 .gnu.attributes
                0x00000020       0x10 build/default/debug/_ext/60165520/plib_clk.o
 .gnu.attributes
                0x00000030       0x10 build/default/debug/_ext/1865200349/plib_evic.o
 .gnu.attributes
                0x00000040       0x10 build/default/debug/_ext/1865254177/plib_gpio.o
 .gnu.attributes
                0x00000050       0x10 build/default/debug/_ext/60169480/plib_i2c1.o
 .gnu.attributes
                0x00000060       0x10 build/default/debug/_ext/1881668453/sys_int.o
 .gnu.attributes
                0x00000070       0x10 build/default/debug/_ext/1171490990/initialization.o
 .gnu.attributes
                0x00000080       0x10 build/default/debug/_ext/1171490990/interrupts.o
 .gnu.attributes
                0x00000090       0x10 build/default/debug/_ext/1171490990/exceptions.o
 .gnu.attributes
                0x000000a0       0x10 build/default/debug/_ext/1171490990/freertos_hooks.o
 .gnu.attributes
                0x000000b0       0x10 build/default/debug/_ext/1171490990/tasks.o
 .gnu.attributes
                0x000000c0       0x10 build/default/debug/_ext/1665200909/heap_1.o
 .gnu.attributes
                0x000000d0       0x10 build/default/debug/_ext/951553248/port.o
 .gnu.attributes
                0x000000e0       0x10 build/default/debug/_ext/404212886/croutine.o
 .gnu.attributes
                0x000000f0       0x10 build/default/debug/_ext/404212886/list.o
 .gnu.attributes
                0x00000100       0x10 build/default/debug/_ext/404212886/queue.o
 .gnu.attributes
                0x00000110       0x10 build/default/debug/_ext/404212886/FreeRTOS_tasks.o
 .gnu.attributes
                0x00000120       0x10 build/default/debug/_ext/404212886/timers.o
 .gnu.attributes
                0x00000130       0x10 build/default/debug/_ext/404212886/event_groups.o
 .gnu.attributes
                0x00000140       0x10 build/default/debug/_ext/404212886/stream_buffer.o
 .gnu.attributes
                0x00000150       0x10 build/default/debug/_ext/1360937237/audits.o
 .gnu.attributes
                0x00000160       0x10 build/default/debug/_ext/1360937237/hd44780.o
 .gnu.attributes
                0x00000170       0x10 build/default/debug/_ext/1360937237/delay_us.o
 .gnu.attributes
                0x00000180       0x10 build/default/debug/_ext/1360937237/main.o
 .gnu.attributes
                0x00000190       0x10 build/default/debug/_ext/1360937237/mainboard2.o
 .gnu.attributes
                0x000001a0       0x10 d:/program files (x86)/microchip/xc32/v2.30/bin/bin/../../lib/gcc/pic32mx/4.8.3\libgcc.a(floatunsisf.o)
 .gnu.attributes
                0x000001b0       0x10 d:/program files (x86)/microchip/xc32/v2.30/bin/bin/../../lib/gcc/pic32mx/4.8.3/../../../../pic32mx/lib\libpic32.a(default-bootstrap-exception-handler.o)
 .gnu.attributes
                0x000001c0       0x10 d:/program files (x86)/microchip/xc32/v2.30/bin/bin/../../lib/gcc/pic32mx/4.8.3/../../../../pic32mx/lib\libpic32.a(default-on-reset.o)
 .gnu.attributes
                0x000001d0       0x10 d:/program files (x86)/microchip/xc32/v2.30/bin/bin/../../lib/gcc/pic32mx/4.8.3/../../../../pic32mx/lib\libpic32.a(default-on-bootstrap.o)
 .gnu.attributes
                0x000001e0       0x10 d:/program files (x86)/microchip/xc32/v2.30/bin/bin/../../lib/gcc/pic32mx/4.8.3/../../../../pic32mx/lib\libpic32.a(defaultinterrupt.o)
 .gnu.attributes
                0x000001f0       0x10 d:/program files (x86)/microchip/xc32/v2.30/bin/bin/../../lib/gcc/pic32mx/4.8.3/../../../../pic32mx/lib\libc.a(printf_cdnopsuxX.eo)
 .gnu.attributes
                0x00000200       0x10 d:/program files (x86)/microchip/xc32/v2.30/bin/bin/../../lib/gcc/pic32mx/4.8.3/../../../../pic32mx/lib\libc.a(_iob.o)
 .gnu.attributes
                0x00000210       0x10 d:/program files (x86)/microchip/xc32/v2.30/bin/bin/../../lib/gcc/pic32mx/4.8.3/../../../../pic32mx/lib\libc.a(doprnt_cdnopsuxX.eo)
 .gnu.attributes
                0x00000220       0x10 d:/program files (x86)/microchip/xc32/v2.30/bin/bin/../../lib/gcc/pic32mx/4.8.3/../../../../pic32mx/lib\libc.a(_fputc_simple.o)
 .gnu.attributes
                0x00000230       0x10 d:/program files (x86)/microchip/xc32/v2.30/bin/bin/../../lib/gcc/pic32mx/4.8.3/../../../../pic32mx/lib\libc.a(ctype.o)
 .gnu.attributes
                0x00000240       0x10 d:/program files (x86)/microchip/xc32/v2.30/bin/bin/../../lib/gcc/pic32mx/4.8.3/../../../../pic32mx/lib\libc.a(_flsbuf_simple.o)
 .gnu.attributes
                0x00000250       0x10 d:/program files (x86)/microchip/xc32/v2.30/bin/bin/../../lib/gcc/pic32mx/4.8.3\libgcc.a(_udivdi3.o)
 .gnu.attributes
                0x00000260       0x10 d:/program files (x86)/microchip/xc32/v2.30/bin/bin/../../lib/gcc/pic32mx/4.8.3\libgcc.a(_umoddi3.o)
 .gnu.attributes
                0x00000270       0x10 d:/program files (x86)/microchip/xc32/v2.30/bin/bin/../../lib/gcc/pic32mx/4.8.3/../../../../pic32mx/lib\libpic32.a(write.o)
LOAD d:/program files (x86)/microchip/xc32/v2.30/bin/bin/../../lib/gcc/pic32mx/4.8.3\libgcc.a
START GROUP
LOAD d:/program files (x86)/microchip/xc32/v2.30/bin/bin/../../lib/gcc/pic32mx/4.8.3/../../../../pic32mx/lib\libpic32.a
LOAD d:/program files (x86)/microchip/xc32/v2.30/bin/bin/../../lib/gcc/pic32mx/4.8.3/../../../../pic32mx/lib\libdebug.a
LOAD d:/program files (x86)/microchip/xc32/v2.30/bin/bin/../../lib/gcc/pic32mx/4.8.3/../../../../pic32mx/lib\libpic32.a
LOAD d:/program files (x86)/microchip/xc32/v2.30/bin/bin/../../lib/gcc/pic32mx/4.8.3/../../../../pic32mx/lib\libc.a
LOAD d:/program files (x86)/microchip/xc32/v2.30/bin/bin/../../lib/gcc/pic32mx/4.8.3/../../../../pic32mx/lib\libc.a
LOAD d:/program files (x86)/microchip/xc32/v2.30/bin/bin/../../lib/gcc/pic32mx/4.8.3/../../../../pic32mx/lib\libm.a
LOAD d:/program files (x86)/microchip/xc32/v2.30/bin/bin/../../lib/gcc/pic32mx/4.8.3/../../../../pic32mx/lib\libe.a
LOAD d:/program files (x86)/microchip/xc32/v2.30/bin/bin/../../lib/gcc/pic32mx/4.8.3/../../../../pic32mx/lib\libdsp.a
LOAD d:/program files (x86)/microchip/xc32/v2.30/bin/bin/../../lib/gcc/pic32mx/4.8.3\libgcc.a
LOAD d:/program files (x86)/microchip/xc32/v2.30/bin/bin/../../lib/gcc/pic32mx/4.8.3/../../../../pic32mx/lib\libpic32.a
END GROUP
LOAD d:/program files (x86)/microchip/xc32/v2.30/bin/bin/../../lib/gcc/pic32mx/4.8.3\libgcc.a
OUTPUT(dist/default/debug/MainBoard2.X.debug.elf elf32-tradlittlemips)
LOAD stack
LOAD data_init

.reginfo        0x00000000       0x18
 .reginfo       0x00000000       0x18 d:/program files (x86)/microchip/xc32/v2.30/bin/bin/../../lib/gcc/pic32mx/4.8.3/../../../../pic32mx/lib\software-debug-break.o

.stack          0xa000eba0      0x400
 .stack         0xa000eba0      0x400 stack

.bss            0xa0000390     0xe2c0
 .bss           0xa0000390     0xdac0 build/default/debug/_ext/1665200909/heap_1.o
 .bss           0xa000de50      0x800 build/default/debug/_ext/951553248/port.o
                0xa000de50                xISRStack

.bss            0xa000e650      0x11c
 .bss           0xa000e650      0x11c build/default/debug/_ext/1360937237/audits.o

.data           0xa000e76c       0xa4
 .data          0xa000e76c       0xa4 d:/program files (x86)/microchip/xc32/v2.30/bin/bin/../../lib/gcc/pic32mx/4.8.3/../../../../pic32mx/lib\libc.a(_iob.o)
                0xa000e76c                _Files
                0xa000e770                _iob

.bss            0xa000e810       0x80
 .bss           0xa000e810       0x80 build/default/debug/_ext/897820976/drv_at24.o

.data           0xa000e890       0x4c
 .data          0xa000e890       0x4c build/default/debug/_ext/1171490990/exceptions.o

.bss            0xa000e8dc       0x6c
 .bss           0xa000e8dc       0x44 d:/program files (x86)/microchip/xc32/v2.30/bin/bin/../../lib/gcc/pic32mx/4.8.3/../../../../pic32mx/lib\libc.a(_iob.o)
                0xa000e8dc                _sobuf
                0xa000e8fc                _sibuf
                0xa000e91c                _outdone
 .bss           0xa000e920       0x28 build/default/debug/_ext/60169480/plib_i2c1.o

.bss            0xa000e948       0x3c
 .bss           0xa000e948       0x28 build/default/debug/_ext/404212886/timers.o
 .bss           0xa000e970       0x14 build/default/debug/_ext/1360937237/hd44780.o

.text._vfprintf_cdnopsuxX
                0x9d000000      0xc8c
 .text._vfprintf_cdnopsuxX
                0x9d000000      0xc8c d:/program files (x86)/microchip/xc32/v2.30/bin/bin/../../lib/gcc/pic32mx/4.8.3/../../../../pic32mx/lib\libc.a(doprnt_cdnopsuxX.eo)
                0x9d000000                _vfprintf_0
                0x9d000000                _vfprintf_cdnopsuxX
                0x9d000000                _vfprintf_s

.text.I2C1_TransferSM
                0x9d000c8c      0x6d0
 .text.I2C1_TransferSM
                0x9d000c8c      0x6d0 build/default/debug/_ext/60169480/plib_i2c1.o

.text.vTaskAudit
                0x9d00135c      0x4f0
 .text.vTaskAudit
                0x9d00135c      0x4f0 build/default/debug/_ext/1360937237/audits.o

.text           0x9d00184c      0x8bc
 .text          0x9d00184c      0x464 d:/program files (x86)/microchip/xc32/v2.30/bin/bin/../../lib/gcc/pic32mx/4.8.3\libgcc.a(_umoddi3.o)
                0x9d00184c                __umoddi3