Archive member included because of file (symbol)

..\src\system_config\default\bin\framework\peripheral\PIC32MX575F512L_peripherals.a(peripheral.o)
                              build/default/debug/_ext/1361460060/drv_adc_static.o (PLIB_ADC_Enable)

Optional file libmchp_peripheral.a not found

Optional file libmchp_peripheral_32MX575F512L.a not found
d:/program files (x86)/microchip/xc32/v2.30/bin/bin/../../lib/gcc/pic32mx/4.8.3\libgcc.a(floatunsisf.o)
                              build/default/debug/_ext/1360937237/DS18B20.o (__floatunsisf)
d:/program files (x86)/microchip/xc32/v2.30/bin/bin/../../lib/gcc/pic32mx/4.8.3/../../../../pic32mx/lib\libpic32.a(memcpy.o)
                              build/default/debug/_ext/1360937237/parameters.o (memcpy)
d:/program files (x86)/microchip/xc32/v2.30/bin/bin/../../lib/gcc/pic32mx/4.8.3/../../../../pic32mx/lib\libpic32.a(memset.o)
                              build/default/debug/_ext/659861937/MDB.o (memset)
d:/program files (x86)/microchip/xc32/v2.30/bin/bin/../../lib/gcc/pic32mx/4.8.3/../../../../pic32mx/lib\libpic32.a(default-bootstrap-exception-handler.o)
                              C:\Users\ADMINI~1\AppData\Local\Temp\ccv5Fo6j.o (_bootstrap_exception_handler)
d:/program files (x86)/microchip/xc32/v2.30/bin/bin/../../lib/gcc/pic32mx/4.8.3/../../../../pic32mx/lib\libpic32.a(default-on-reset.o)
                              C:\Users\ADMINI~1\AppData\Local\Temp\ccv5Fo6j.o (_on_reset)
d:/program files (x86)/microchip/xc32/v2.30/bin/bin/../../lib/gcc/pic32mx/4.8.3/../../../../pic32mx/lib\libpic32.a(default-on-bootstrap.o)
                              C:\Users\ADMINI~1\AppData\Local\Temp\ccv5Fo6j.o (_on_bootstrap)
d:/program files (x86)/microchip/xc32/v2.30/bin/bin/../../lib/gcc/pic32mx/4.8.3/../../../../pic32mx/lib\libpic32.a(default-nmi-handler.o)
                              C:\Users\ADMINI~1\AppData\Local\Temp\ccv5Fo6j.o (_nmi_handler)
d:/program files (x86)/microchip/xc32/v2.30/bin/bin/../../lib/gcc/pic32mx/4.8.3/../../../../pic32mx/lib\libpic32.a(pic32_data_init.o)
                              C:\Users\ADMINI~1\AppData\Local\Temp\ccv5Fo6j.o (__pic32_data_init)
d:/program files (x86)/microchip/xc32/v2.30/bin/bin/../../lib/gcc/pic32mx/4.8.3/../../../../pic32mx/lib\libpic32.a(vector0.o)
                              C:\Users\ADMINI~1\AppData\Local\Temp\ccwqv9QF.o (__vector_dispatch_0)
d:/program files (x86)/microchip/xc32/v2.30/bin/bin/../../lib/gcc/pic32mx/4.8.3/../../../../pic32mx/lib\libpic32.a(vector2.o)
                              C:\Users\ADMINI~1\AppData\Local\Temp\ccwqv9QF.o (__vector_dispatch_2)
d:/program files (x86)/microchip/xc32/v2.30/bin/bin/../../lib/gcc/pic32mx/4.8.3/../../../../pic32mx/lib\libpic32.a(vector3.o)
                              C:\Users\ADMINI~1\AppData\Local\Temp\ccwqv9QF.o (__vector_dispatch_3)
d:/program files (x86)/microchip/xc32/v2.30/bin/bin/../../lib/gcc/pic32mx/4.8.3/../../../../pic32mx/lib\libpic32.a(vector5.o)
                              C:\Users\ADMINI~1\AppData\Local\Temp\ccwqv9QF.o (__vector_dispatch_5)
d:/program files (x86)/microchip/xc32/v2.30/bin/bin/../../lib/gcc/pic32mx/4.8.3/../../../../pic32mx/lib\libpic32.a(vector6.o)
                              C:\Users\ADMINI~1\AppData\Local\Temp\ccwqv9QF.o (__vector_dispatch_6)
d:/program files (x86)/microchip/xc32/v2.30/bin/bin/../../lib/gcc/pic32mx/4.8.3/../../../../pic32mx/lib\libpic32.a(vector7.o)
                              C:\Users\ADMINI~1\AppData\Local\Temp\ccwqv9QF.o (__vector_dispatch_7)
d:/program files (x86)/microchip/xc32/v2.30/bin/bin/../../lib/gcc/pic32mx/4.8.3/../../../../pic32mx/lib\libpic32.a(vector8.o)
                              C:\Users\ADMINI~1\AppData\Local\Temp\ccwqv9QF.o (__vector_dispatch_8)
d:/program files (x86)/microchip/xc32/v2.30/bin/bin/../../lib/gcc/pic32mx/4.8.3/../../../../pic32mx/lib\libpic32.a(vector9.o)
                              C:\Users\ADMINI~1\AppData\Local\Temp\ccwqv9QF.o (__vector_dispatch_9)
d:/program files (x86)/microchip/xc32/v2.30/bin/bin/../../lib/gcc/pic32mx/4.8.3/../../../../pic32mx/lib\libpic32.a(vector10.o)
                              C:\Users\ADMINI~1\AppData\Local\Temp\ccwqv9QF.o (__vector_dispatch_10)
d:/program files (x86)/microchip/xc32/v2.30/bin/bin/../../lib/gcc/pic32mx/4.8.3/../../../../pic32mx/lib\libpic32.a(vector11.o)
                              C:\Users\ADMINI~1\AppData\Local\Temp\ccwqv9QF.o (__vector_dispatch_11)
d:/program files (x86)/microchip/xc32/v2.30/bin/bin/../../lib/gcc/pic32mx/4.8.3/../../../../pic32mx/lib\libpic32.a(vector12.o)
                              C:\Users\ADMINI~1\AppData\Local\Temp\ccwqv9QF.o (__vector_dispatch_12)
d:/program files (x86)/microchip/xc32/v2.30/bin/bin/../../lib/gcc/pic32mx/4.8.3/../../../../pic32mx/lib\libpic32.a(vector13.o)
                              C:\Users\ADMINI~1\AppData\Local\Temp\ccwqv9QF.o (__vector_dispatch_13)
d:/program files (x86)/microchip/xc32/v2.30/bin/bin/../../lib/gcc/pic32mx/4.8.3/../../../../pic32mx/lib\libpic32.a(vector14.o)
[...]
Memory Configuration

Name             Origin             Length             Attributes
kseg0_data_mem   0x80000000         0x00000200
kseg1_data_mem   0xa0000000         0x00010000         w !x
kseg0_boot_mem   0x9fc00490         0x00000970
kseg1_boot_mem   0xbfc00000         0x00000490
kseg0_program_mem 0x9d000000         0x00080000         xr
exception_mem    0x9fc01000         0x00001000
debug_exec_mem   0xbfc02000         0x00000ff0
config3          0xbfc02ff0         0x00000004
config2          0xbfc02ff4         0x00000004
config1          0xbfc02ff8         0x00000004
config0          0xbfc02ffc         0x00000004
sfrs             0xbf800000         0x00100000
configsfrs       0xbfc02ff0         0x00000010
*default*        0x00000000         0xffffffff

Linker script and memory map


reserve_data_0_kseg0
                0x80000000      0x200
                0x80000000        0x2 SHORT 0x0
                0x000001fd                . = 0x1fd
 *fill*         0x80000002      0x1fb 
                0x80000200                . = ALIGN (0x4)
 *fill*         0x800001fd        0x3 

reserve_data_0_kseg1
                0xa0000000      0x200
                0xa0000000        0x2 SHORT 0x0
                0x000001fd                . = 0x1fd
 *fill*         0xa0000002      0x1fb 
                0xa0000200                . = ALIGN (0x4)
 *fill*         0xa00001fd        0x3 

reserve_boot_0x1fc02000_kseg0
                0x9fc02000      0xff0
                0x9fc02000        0x2 SHORT 0x0
                0x00000500                . = 0x500
 *fill*         0x9fc02002      0x4fe 
                0x9fc02500                . = ALIGN (0x4)
                0x9fc02500        0x2 SHORT 0x0
                0x00000ff0                . = 0xff0
 *fill*         0x9fc02502      0xaee 
                0x9fc02ff0                . = ALIGN (0x4)

reserve_boot_0x1fc02000_kseg1
                0xbfc02000      0xff0
                0xbfc02000        0x2 SHORT 0x0
                0x00000500                . = 0x500
 *fill*         0xbfc02002      0x4fe 
                0xbfc02500                . = ALIGN (0x4)
                0xbfc02500        0x2 SHORT 0x0
                0x00000ff0                . = 0xff0
 *fill*         0xbfc02502      0xaee 
                0xbfc02ff0                . = ALIGN (0x4)
LOAD d:/program files (x86)/microchip/xc32/v2.30/bin/bin/../../lib/gcc/pic32mx/4.8.3/../../../../pic32mx/lib\software-debug-break.o
LOAD build/default/debug/_ext/659861937/MDB.o
LOAD build/default/debug/_ext/659861937/MDB_BV.o
LOAD build/default/debug/_ext/659861937/MDB_CG.o
LOAD build/default/debug/_ext/1360937237/main.o
LOAD build/default/debug/_ext/1360937237/contacts.o
LOAD build/default/debug/_ext/1360937237/delay_us.o
LOAD build/default/debug/_ext/1360937237/hd44780.o
LOAD build/default/debug/_ext/1360937237/moteurs.o
LOAD build/default/debug/_ext/1360937237/parameters.o
LOAD build/default/debug/_ext/1360937237/trap_security.o
LOAD build/default/debug/_ext/1360937237/audits.o
LOAD build/default/debug/_ext/1360937237/leds.o
LOAD build/default/debug/_ext/1360937237/DS18B20.o
LOAD build/default/debug/_ext/1360937237/dataCommun.o
LOAD build/default/debug/_ext/1360937237/mainboard.o
LOAD build/default/debug/_ext/1360937237/eeprom.o
LOAD build/default/debug/_ext/1361460060/drv_adc_static.o
LOAD build/default/debug/_ext/1923177420/drv_flash_static.o
LOAD build/default/debug/_ext/2110713129/drv_nvm_static.o
LOAD build/default/debug/_ext/327000265/drv_usart_mapping.o
LOAD build/default/debug/_ext/327000265/drv_usart_static.o
LOAD build/default/debug/_ext/327000265/drv_usart_static_read_write.o
LOAD build/default/debug/_ext/639803181/sys_clk_pic32mx.o
LOAD build/default/debug/_ext/340578644/sys_devcon.o
LOAD build/default/debug/_ext/340578644/sys_devcon_pic32mx.o
LOAD build/default/debug/_ext/822048611/sys_ports_static.o
LOAD build/default/debug/_ext/68765530/sys_reset.o
LOAD build/default/debug/_ext/1688732426/system_init.o
LOAD build/default/debug/_ext/1688732426/system_interrupt.o
LOAD build/default/debug/_ext/1688732426/filtering_exception_handler.o
LOAD build/default/debug/_ext/1688732426/general-exception-context.o
LOAD build/default/debug/_ext/1688732426/fassert.o
LOAD build/default/debug/_ext/1688732426/system_tasks.o
LOAD build/default/debug/_ext/1688732426/system_interrupt_a.o
LOAD build/default/debug/_ext/1688732426/rtos_hooks.o
LOAD build/default/debug/_ext/485267206/osal_freertos.o
LOAD build/default/debug/_ext/1735427962/sys_int_pic32.o
LOAD build/default/debug/_ext/1606280809/croutine.o
LOAD build/default/debug/_ext/1606280809/list.o
LOAD build/default/debug/_ext/1606280809/queue.o
LOAD build/default/debug/_ext/1606280809/tasks.o
LOAD build/default/debug/_ext/1606280809/timers.o
LOAD build/default/debug/_ext/1606280809/event_groups.o
LOAD build/default/debug/_ext/1606280809/stream_buffer.o
LOAD build/default/debug/_ext/542287462/heap_1.o
LOAD build/default/debug/_ext/1836182099/port.o
LOAD build/default/debug/_ext/1836182099/port_asm.o
LOAD ..\src\system_config\default\bin\framework\peripheral\PIC32MX575F512L_peripherals.a
                0x00000001                __MPLAB_BUILD = 0x1
                0x00000001                __MPLAB_DEBUG = 0x1
                0x00000001                __DEBUG = 0x1
                0x00000001                __MPLAB_DEBUGGER_REAL_ICE = 0x1
                0x00000200                _min_heap_size = 0x200
LOAD C:\Users\ADMINI~1\AppData\Local\Temp\ccv5Fo6j.o
LOAD C:\Users\ADMINI~1\AppData\Local\Temp\ccwB24Py.o
LOAD C:\Users\ADMINI~1\AppData\Local\Temp\ccwqv9QF.o
LOAD d:/program files (x86)/microchip/xc32/v2.30/bin/bin/../../lib/gcc/pic32mx/4.8.3/../../../../pic32mx/lib\pic32_software_reset.o
                0x00000400                PROVIDE (_min_stack_size, 0x400)
START GROUP
LOAD d:/program files (x86)/microchip/xc32/v2.30/bin/bin/../../lib/gcc/pic32mx/4.8.3/../../../../pic32mx/lib/./proc/32MX575F512L\processor.o
END GROUP
START GROUP
LOAD libmchp_peripheral.a
END GROUP
START GROUP
LOAD libmchp_peripheral_32MX575F512L.a
END GROUP
                0x00000001                PROVIDE (_vector_spacing, 0x1)
                0x9fc01000                PROVIDE (_ebase_address, 0x9fc01000)
                0xbfc00000                _RESET_ADDR = 0xbfc00000
                0xbfc00380                _BEV_EXCPT_ADDR = 0xbfc00380
                0xbfc00480                _DBG_EXCPT_ADDR = 0xbfc00480
                0xbfc02000                _DBG_CODE_ADDR = 0xbfc02000
                0x00000ff0                _DBG_CODE_SIZE = 0xff0
                0x9fc01180                _GEN_EXCPT_ADDR = (_ebase_address + 0x180)

.config_BFC02FF0
                0xbfc02ff0        0x4
 *(.config_BFC02FF0)
 .config_BFC02FF0
                0xbfc02ff0        0x4 build/default/debug/_ext/1688732426/system_init.o

.config_BFC02FF4
                0xbfc02ff4        0x4
 *(.config_BFC02FF4)
 .config_BFC02FF4
                0xbfc02ff4        0x4 build/default/debug/_ext/1688732426/system_init.o

.config_BFC02FF8
                0xbfc02ff8        0x4
 *(.config_BFC02FF8)
 .config_BFC02FF8
                0xbfc02ff8        0x4 build/default/debug/_ext/1688732426/system_init.o

.config_BFC02FFC
                0xbfc02ffc        0x4
 *(.config_BFC02FFC)
 .config_BFC02FFC
                0xbfc02ffc        0x4 build/default/debug/_ext/1688732426/system_init.o
                0xbfc02000                PROVIDE (_DBG_CODE_ADDR, 0xbfc02000)
                0x00000ff0                PROVIDE (_DBG_CODE_SIZE, 0xff0)

.reset          0xbfc00000      0x19c
 *(.reset)
 .reset         0xbfc00000        0x8 C:\Users\ADMINI~1\AppData\Local\Temp\ccv5Fo6j.o
                0xbfc00000                _reset
 *(.reset.startup)
 .reset.startup
                0xbfc00008      0x194 C:\Users\ADMINI~1\AppData\Local\Temp\ccv5Fo6j.o
                0xbfc00008                _startup

.bev_excpt      0xbfc00380       0x10
 *(.bev_handler)
 .bev_handler   0xbfc00380       0x10 C:\Users\ADMINI~1\AppData\Local\Temp\ccv5Fo6j.o

.dbg_excpt      0xbfc00480        0x0
                0xbfc00480                . = (. + DEFINED (_DEBUGGER)?0x8:0x0)

.dbg_code       0xbfc02000        0x0
                0xbfc02000                . = (. + DEFINED (_DEBUGGER)?_DBG_CODE_SIZE:0x0)

.app_excpt      0x9fc01180       0x10
 *(.gen_handler)
 .gen_handler   0x9fc01180       0x10 C:\Users\ADMINI~1\AppData\Local\Temp\ccv5Fo6j.o

.vector_0       0x9fc01200        0x8
 *(.vector_0)
 .vector_0      0x9fc01200        0x8 d:/program files (x86)/microchip/xc32/v2.30/bin/bin/../../lib/gcc/pic32mx/4.8.3/../../../../pic32mx/lib\libpic32.a(vector0.o)
                0x9fc01200                __vector_dispatch_0
                0x00000001                ASSERT (((_vector_spacing == 0x0) || (SIZEOF (.vector_0) <= (_vector_spacing << 0x5))), function at exception vector 0 too large)

.vector_1       0x9fc01220        0x8
 *(.vector_1)
 .vector_1      0x9fc01220        0x8 build/default/debug/_ext/1836182099/port.o
                0x9fc01220                __vector_dispatch_1
                0x00000001                ASSERT (((_vector_spacing == 0x0) || (SIZEOF (.vector_1) <= (_vector_spacing << 0x5))), function at exception vector 1 too large)

.vector_2       0x9fc01240        0x8
 *(.vector_2)
 .vector_2      0x9fc01240        0x8 d:/program files (x86)/microchip/xc32/v2.30/bin/bin/../../lib/gcc/pic32mx/4.8.3/../../../../pic32mx/lib\libpic32.a(vector2.o)
                0x9fc01240                __vector_dispatch_2
                0x00000001                ASSERT (((_vector_spacing == 0x0) || (SIZEOF (.vector_2) <= (_vector_spacing << 0x5))), function at exception vector 2 too large)

.vector_3       0x9fc01260        0x8
 *(.vector_3)
 .vector_3      0x9fc01260        0x8 d:/program files (x86)/microchip/xc32/v2.30/bin/bin/../../lib/gcc/pic32mx/4.8.3/../../../../pic32mx/lib\libpic32.a(vector3.o)
                0x9fc01260                __vector_dispatch_3
                0x00000001                ASSERT (((_vector_spacing == 0x0) || (SIZEOF (.vector_3) <= (_vector_spacing << 0x5))), function at exception vector 3 too large)

.vector_4       0x9fc01280        0x8
 *(.vector_4)
 .vector_4      0x9fc01280        0x8 build/default/debug/_ext/1836182099/port.o
                0x9fc01280                __vector_dispatch_4
                0x00000001                ASSERT (((_vector_spacing == 0x0) || (SIZEOF (.vector_4) <= (_vector_spacing << 0x5))), function at exception vector 4 too large)

.vector_5       0x9fc012a0        0x8
 *(.vector_5)
 .vector_5      0x9fc012a0        0x8 d:/program files (x86)/microchip/xc32/v2.30/bin/bin/../../lib/gcc/pic32mx/4.8.3/../../../../pic32mx/lib\libpic32.a(vector5.o)
                0x9fc012a0                __vector_dispatch_5
                0x00000001                ASSERT (((_vector_spacing == 0x0) || (SIZEOF (.vector_5) <= (_vector_spacing << 0x5))), function at exception vector 5 too large)

.vector_6       0x9fc012c0        0x8
 *(.vector_6)
 .vector_6      0x9fc012c0        0x8 d:/program files (x86)/microchip/xc32/v2.30/bin/bin/../../lib/gcc/pic32mx/4.8.3/../../../../pic32mx/lib\libpic32.a(vector6.o)
                0x9fc012c0                __vector_dispatch_6
                0x00000001                ASSERT (((_vector_spacing == 0x0) || (SIZEOF (.vector_6) <= (_vector_spacing << 0x5))), function at exception vector 6 too large)

.vector_7       0x9fc012e0        0x8
 *(.vector_7)
 .vector_7      0x9fc012e0        0x8 d:/program files (x86)/microchip/xc32/v2.30/bin/bin/../../lib/gcc/pic32mx/4.8.3/../../../../pic32mx/lib\libpic32.a(vector7.o)
                0x9fc012e0                __vector_dispatch_7
                0x00000001                ASSERT (((_vector_spacing == 0x0) || (SIZEOF (.vector_7) <= (_vector_spacing << 0x5))), function at exception vector 7 too large)

.vector_8       0x9fc01300        0x8
 *(.vector_8)
 .vector_8      0x9fc01300        0x8 d:/program files (x86)/microchip/xc32/v2.30/bin/bin/../../lib/gcc/pic32mx/4.8.3/../../../../pic32mx/lib\libpic32.a(vector8.o)
                0x9fc01300                __vector_dispatch_8
                0x00000001                ASSERT (((_vector_spacing == 0x0) || (SIZEOF (.vector_8) <= (_vector_spacing << 0x5))), function at exception vector 8 too large)

.vector_9       0x9fc01320        0x8
 *(.vector_9)
 .vector_9      0x9fc01320        0x8 d:/program files (x86)/microchip/xc32/v2.30/bin/bin/../../lib/gcc/pic32mx/4.8.3/../../../../pic32mx/lib\libpic32.a(vector9.o)
                0x9fc01320                __vector_dispatch_9
                0x00000001                ASSERT (((_vector_spacing == 0x0) || (SIZEOF (.vector_9) <= (_vector_spacing << 0x5))), function at exception vector 9 too large)

.vector_10      0x9fc01340        0x8
 *(.vector_10)
 .vector_10     0x9fc01340        0x8 d:/program files (x86)/microchip/xc32/v2.30/bin/bin/../../lib/gcc/pic32mx/4.8.3/../../../../pic32mx/lib\libpic32.a(vector10.o)
                0x9fc01340                __vector_dispatch_10
                0x00000001                ASSERT (((_vector_spacing == 0x0) || (SIZEOF (.vector_10) <= (_vector_spacing << 0x5))), function at exception vector 10 too large)

.vector_11      0x9fc01360        0x8
 *(.vector_11)
 .vector_11     0x9fc01360        0x8 d:/program files (x86)/microchip/xc32/v2.30/bin/bin/../../lib/gcc/pic32mx/4.8.3/../../../../pic32mx/lib\libpic32.a(vector11.o)
                0x9fc01360                __vector_dispatch_11
                0x00000001                ASSERT (((_vector_spacing == 0x0) || (SIZEOF (.vector_11) <= (_vector_spacing << 0x5))), function at exception vector 11 too large)

.vector_12      0x9fc01380        0x8
 *(.vector_12)
 .vector_12     0x9fc01380        0x8 d:/program files (x86)/microchip/xc32/v2.30/bin/bin/../../lib/gcc/pic32mx/4.8.3/../../../../pic32mx/lib\libpic32.a(vector12.o)
                0x9fc01380                __vector_dispatch_12
                0x00000001                ASSERT (((_vector_spacing == 0x0) || (SIZEOF (.vector_12) <= (_vector_spacing << 0x5))), function at exception vector 12 too large)

.vector_13      0x9fc013a0        0x8
 *(.vector_13)
 .vector_13     0x9fc013a0        0x8 d:/program files (x86)/microchip/xc32/v2.30/bin/bin/../../lib/gcc/pic32mx/4.8.3/../../../../pic32mx/lib\libpic32.a(vector13.o)
                0x9fc013a0                __vector_dispatch_13
                0x00000001                ASSERT (((_vector_spacing == 0x0) || (SIZEOF (.vector_13) <= (_vector_spacing << 0x5))), function at exception vector 13 too large)

.vector_14      0x9fc013c0        0x8
 *(.vector_14)
 .vector_14     0x9fc013c0        0x8 d:/program files (x86)/microchip/xc32/v2.30/bin/bin/../../lib/gcc/pic32mx/4.8.3/../../../../pic32mx/lib\libpic32.a(vector14.o)
                0x9fc013c0                __vector_dispatch_14
                0x00000001                ASSERT (((_vector_spacing == 0x0) || (SIZEOF (.vector_14) <= (_vector_spacing << 0x5))), function at exception vector 14 too large)

.vector_15      0x9fc013e0        0x8
 *(.vector_15)
 .vector_15     0x9fc013e0        0x8 d:/program files (x86)/microchip/xc32/v2.30/bin/bin/../../lib/gcc/pic32mx/4.8.3/../../../../pic32mx/lib\libpic32.a(vector15.o)
                0x9fc013e0                __vector_dispatch_15
                0x00000001                ASSERT (((_vector_spacing == 0x0) || (SIZEOF (.vector_15) <= (_vector_spacing << 0x5))), function at exception vector 15 too large)

.vector_16      0x9fc01400        0x8
 *(.vector_16)
 .vector_16     0x9fc01400        0x8 d:/program files (x86)/microchip/xc32/v2.30/bin/bin/../../lib/gcc/pic32mx/4.8.3/../../../../pic32mx/lib\libpic32.a(vector16.o)
                0x9fc01400                __vector_dispatch_16
                0x00000001                ASSERT (((_vector_spacing == 0x0) || (SIZEOF (.vector_16) <= (_vector_spacing << 0x5))), function at exception vector 16 too large)

.vector_17      0x9fc01420        0x8
 *(.vector_17)
 .vector_17     0x9fc01420        0x8 d:/program files (x86)/microchip/xc32/v2.30/bin/bin/../../lib/gcc/pic32mx/4.8.3/../../../../pic32mx/lib\libpic32.a(vector17.o)
                0x9fc01420                __vector_dispatch_17
                0x00000001                ASSERT (((_vector_spacing == 0x0) || (SIZEOF (.vector_17) <= (_vector_spacing << 0x5))), function at exception vector 17 too large)

.vector_18      0x9fc01440        0x8
 *(.vector_18)
 .vector_18     0x9fc01440        0x8 d:/program files (x86)/microchip/xc32/v2.30/bin/bin/../../lib/gcc/pic32mx/4.8.3/../../../../pic32mx/lib\libpic32.a(vector18.o)
                0x9fc01440                __vector_dispatch_18
                0x00000001                ASSERT (((_vector_spacing == 0x0) || (SIZEOF (.vector_18) <= (_vector_spacing << 0x5))), function at exception vector 18 too large)

.vector_19      0x9fc01460        0x8
 *(.vector_19)
 .vector_19     0x9fc01460        0x8 d:/program files (x86)/microchip/xc32/v2.30/bin/bin/../../lib/gcc/pic32mx/4.8.3/../../../../pic32mx/lib\libpic32.a(vector19.o)
                0x9fc01460                __vector_dispatch_19
                0x00000001                ASSERT (((_vector_spacing == 0x0) || (SIZEOF (.vector_19) <= (_vector_spacing << 0x5))), function at exception vector 19 too large)

.vector_20      0x9fc01480        0x8
 *(.vector_20)
 .vector_20     0x9fc01480        0x8 d:/program files (x86)/microchip/xc32/v2.30/bin/bin/../../lib/gcc/pic32mx/4.8.3/../../../../pic32mx/lib\libpic32.a(vector20.o)
                0x9fc01480                __vector_dispatch_20
                0x00000001                ASSERT (((_vector_spacing == 0x0) || (SIZEOF (.vector_20) <= (_vector_spacing << 0x5))), function at exception vector 20 too large)

.vector_21      0x9fc014a0        0x8
 *(.vector_21)
 .vector_21     0x9fc014a0        0x8 d:/program files (x86)/microchip/xc32/v2.30/bin/bin/../../lib/gcc/pic32mx/4.8.3/../../../../pic32mx/lib\libpic32.a(vector21.o)
                0x9fc014a0                __vector_dispatch_21
                0x00000001                ASSERT (((_vector_spacing == 0x0) || (SIZEOF (.vector_21) <= (_vector_spacing << 0x5))), function at exception vector 21 too large)

.vector_22      0x9fc014c0        0x8
 *(.vector_22)
 .vector_22     0x9fc014c0        0x8 d:/program files (x86)/microchip/xc32/v2.30/bin/bin/../../lib/gcc/pic32mx/4.8.3/../../../../pic32mx/lib\libpic32.a(vector22.o)
                0x9fc014c0                __vector_dispatch_22
                0x00000001                ASSERT (((_vector_spacing == 0x0) || (SIZEOF (.vector_22) <= (_vector_spacing << 0x5))), function at exception vector 22 too large)

.vector_23      0x9fc014e0        0x8
 *(.vector_23)
 .vector_23     0x9fc014e0        0x8 d:/program files (x86)/microchip/xc32/v2.30/bin/bin/../../lib/gcc/pic32mx/4.8.3/../../../../pic32mx/lib\libpic32.a(vector23.o)
                0x9fc014e0                __vector_dispatch_23
                0x00000001                ASSERT (((_vector_spacing == 0x0) || (SIZEOF (.vector_23) <= (_vector_spacing << 0x5))), function at exception vector 23 too large)

.vector_24      0x9fc01500        0x8
 *(.vector_24)
 .vector_24     0x9fc01500        0x8 d:/program files (x86)/microchip/xc32/v2.30/bin/bin/../../lib/gcc/pic32mx/4.8.3/../../../../pic32mx/lib\libpic32.a(vector24.o)
                0x9fc01500                __vector_dispatch_24
                0x00000001                ASSERT (((_vector_spacing == 0x0) || (SIZEOF (.vector_24) <= (_vector_spacing << 0x5))), function at exception vector 24 too large)

.vector_25      0x9fc01520        0x8
 *(.vector_25)
 .vector_25     0x9fc01520        0x8 d:/program files (x86)/microchip/xc32/v2.30/bin/bin/../../lib/gcc/pic32mx/4.8.3/../../../../pic32mx/lib\libpic32.a(vector25.o)
                0x9fc01520                __vector_dispatch_25
                0x00000001                ASSERT (((_vector_spacing == 0x0) || (SIZEOF (.vector_25) <= (_vector_spacing << 0x5))), function at exception vector 25 too large)

.vector_26      0x9fc01540        0x8
 *(.vector_26)
 .vector_26     0x9fc01540        0x8 d:/program files (x86)/microchip/xc32/v2.30/bin/bin/../../lib/gcc/pic32mx/4.8.3/../../../../pic32mx/lib\libpic32.a(vector26.o)
                0x9fc01540                __vector_dispatch_26
                0x00000001                ASSERT (((_vector_spacing == 0x0) || (SIZEOF (.vector_26) <= (_vector_spacing << 0x5))), function at exception vector 26 too large)

.vector_27      0x9fc01560       0x10
 *(.vector_27)
 .vector_27     0x9fc01560       0x10 build/default/debug/_ext/1688732426/system_interrupt_a.o
                0x9fc01560                __vector_dispatch_27
                0x00000001                ASSERT (((_vector_spacing == 0x0) || (SIZEOF (.vector_27) <= (_vector_spacing << 0x5))), function at exception vector 27 too large)

.vector_28      0x9fc01580        0x8
 *(.vector_28)
 .vector_28     0x9fc01580        0x8 d:/program files (x86)/microchip/xc32/v2.30/bin/bin/../../lib/gcc/pic32mx/4.8.3/../../../../pic32mx/lib\libpic32.a(vector28.o)
                0x9fc01580                __vector_dispatch_28
                0x00000001                ASSERT (((_vector_spacing == 0x0) || (SIZEOF (.vector_28) <= (_vector_spacing << 0x5))), function at exception vector 28 too large)

.vector_29      0x9fc015a0        0x8
 *(.vector_29)
 .vector_29     0x9fc015a0        0x8 d:/program files (x86)/microchip/xc32/v2.30/bin/bin/../../lib/gcc/pic32mx/4.8.3/../../../../pic32mx/lib\libpic32.a(vector29.o)
                0x9fc015a0                __vector_dispatch_29
                0x00000001                ASSERT (((_vector_spacing == 0x0) || (SIZEOF (.vector_29) <= (_vector_spacing << 0x5))), function at exception vector 29 too large)

.vector_30      0x9fc015c0        0x8
 *(.vector_30)
 .vector_30     0x9fc015c0        0x8 d:/program files (x86)/microchip/xc32/v2.30/bin/bin/../../lib/gcc/pic32mx/4.8.3/../../../../pic32mx/lib\libpic32.a(vector30.o)
                0x9fc015c0                __vector_dispatch_30
                0x00000001                ASSERT (((_vector_spacing == 0x0) || (SIZEOF (.vector_30) <= (_vector_spacing << 0x5))), function at exception vector 30 too large)

.vector_31      0x9fc015e0        0x8
 *(.vector_31)
 .vector_31     0x9fc015e0        0x8 d:/program files (x86)/microchip/xc32/v2.30/bin/bin/../../lib/gcc/pic32mx/4.8.3/../../../../pic32mx/lib\libpic32.a(vector31.o)
                0x9fc015e0                __vector_dispatch_31
                0x00000001                ASSERT (((_vector_spacing == 0x0) || (SIZEOF (.vector_31) <= (_vector_spacing << 0x5))), function at exception vector 31 too large)

.vector_32      0x9fc01600        0x8
 *(.vector_32)
 .vector_32     0x9fc01600        0x8 d:/program files (x86)/microchip/xc32/v2.30/bin/bin/../../lib/gcc/pic32mx/4.8.3/../../../../pic32mx/lib\libpic32.a(vector32.o)
                0x9fc01600                __vector_dispatch_32
                0x00000001                ASSERT (((_vector_spacing == 0x0) || (SIZEOF (.vector_32) <= (_vector_spacing << 0x5))), function at exception vector 32 too large)

.vector_33      0x9fc01620        0x8
 *(.vector_33)
 .vector_33     0x9fc01620        0x8 d:/program files (x86)/microchip/xc32/v2.30/bin/bin/../../lib/gcc/pic32mx/4.8.3/../../../../pic32mx/lib\libpic32.a(vector33.o)
                0x9fc01620                __vector_dispatch_33
                0x00000001                ASSERT (((_vector_spacing == 0x0) || (SIZEOF (.vector_33) <= (_vector_spacing << 0x5))), function at exception vector 33 too large)

.vector_34      0x9fc01640        0x8
 *(.vector_34)
 .vector_34     0x9fc01640        0x8 d:/program files (x86)/microchip/xc32/v2.30/bin/bin/../../lib/gcc/pic32mx/4.8.3/../../../../pic32mx/lib\libpic32.a(vector34.o)
                0x9fc01640                __vector_dispatch_34
                0x00000001                ASSERT (((_vector_spacing == 0x0) || (SIZEOF (.vector_34) <= (_vector_spacing << 0x5))), function at exception vector 34 too large)

.vector_35      0x9fc01660        0x8
 *(.vector_35)
 .vector_35     0x9fc01660        0x8 d:/program files (x86)/microchip/xc32/v2.30/bin/bin/../../lib/gcc/pic32mx/4.8.3/../../../../pic32mx/lib\libpic32.a(vector35.o)
                0x9fc01660                __vector_dispatch_35
                0x00000001                ASSERT (((_vector_spacing == 0x0) || (SIZEOF (.vector_35) <= (_vector_spacing << 0x5))), function at exception vector 35 too large)

.vector_36      0x9fc01680        0x8
 *(.vector_36)
 .vector_36     0x9fc01680        0x8 d:/program files (x86)/microchip/xc32/v2.30/bin/bin/../../lib/gcc/pic32mx/4.8.3/../../../../pic32mx/lib\libpic32.a(vector36.o)
                0x9fc01680                __vector_dispatch_36
                0x00000001                ASSERT (((_vector_spacing == 0x0) || (SIZEOF (.vector_36) <= (_vector_spacing << 0x5))), function at exception vector 36 too large)

.vector_37      0x9fc016a0        0x8
 *(.vector_37)
 .vector_37     0x9fc016a0        0x8 d:/program files (x86)/microchip/xc32/v2.30/bin/bin/../../lib/gcc/pic32mx/4.8.3/../../../../pic32mx/lib\libpic32.a(vector37.o)
                0x9fc016a0                __vector_dispatch_37
                0x00000001                ASSERT (((_vector_spacing == 0x0) || (SIZEOF (.vector_37) <= (_vector_spacing << 0x5))), function at exception vector 37 too large)

.vector_38      0x9fc016c0        0x8
 *(.vector_38)
 .vector_38     0x9fc016c0        0x8 d:/program files (x86)/microchip/xc32/v2.30/bin/bin/../../lib/gcc/pic32mx/4.8.3/../../../../pic32mx/lib\libpic32.a(vector38.o)
                0x9fc016c0                __vector_dispatch_38
                0x00000001                ASSERT (((_vector_spacing == 0x0) || (SIZEOF (.vector_38) <= (_vector_spacing << 0x5))), function at exception vector 38 too large)

.vector_39      0x9fc016e0        0x8
 *(.vector_39)
 .vector_39     0x9fc016e0        0x8 d:/program files (x86)/microchip/xc32/v2.30/bin/bin/../../lib/gcc/pic32mx/4.8.3/../../../../pic32mx/lib\libpic32.a(vector39.o)
                0x9fc016e0                __vector_dispatch_39
                0x00000001                ASSERT (((_vector_spacing == 0x0) || (SIZEOF (.vector_39) <= (_vector_spacing << 0x5))), function at exception vector 39 too large)

.vector_40      0x9fc01700        0x8
 *(.vector_40)
 .vector_40     0x9fc01700        0x8 d:/program files (x86)/microchip/xc32/v2.30/bin/bin/../../lib/gcc/pic32mx/4.8.3/../../../../pic32mx/lib\libpic32.a(vector40.o)
                0x9fc01700                __vector_dispatch_40
                0x00000001                ASSERT (((_vector_spacing == 0x0) || (SIZEOF (.vector_40) <= (_vector_spacing << 0x5))), function at exception vector 40 too large)

.vector_41      0x9fc01720        0x8
 *(.vector_41)
 .vector_41     0x9fc01720        0x8 d:/program files (x86)/microchip/xc32/v2.30/bin/bin/../../lib/gcc/pic32mx/4.8.3/../../../../pic32mx/lib\libpic32.a(vector41.o)
                0x9fc01720                __vector_dispatch_41
                0x00000001                ASSERT (((_vector_spacing == 0x0) || (SIZEOF (.vector_41) <= (_vector_spacing << 0x5))), function at exception vector 41 too large)

.vector_42      0x9fc01740        0x8
 *(.vector_42)
 .vector_42     0x9fc01740        0x8 d:/program files (x86)/microchip/xc32/v2.30/bin/bin/../../lib/gcc/pic32mx/4.8.3/../../../../pic32mx/lib\libpic32.a(vector42.o)
                0x9fc01740                __vector_dispatch_42
                0x00000001                ASSERT (((_vector_spacing == 0x0) || (SIZEOF (.vector_42) <= (_vector_spacing << 0x5))), function at exception vector 42 too large)

.vector_43      0x9fc01760        0x8
 *(.vector_43)
 .vector_43     0x9fc01760        0x8 d:/program files (x86)/microchip/xc32/v2.30/bin/bin/../../lib/gcc/pic32mx/4.8.3/../../../../pic32mx/lib\libpic32.a(vector43.o)
                0x9fc01760                __vector_dispatch_43
                0x00000001                ASSERT (((_vector_spacing == 0x0) || (SIZEOF (.vector_43) <= (_vector_spacing << 0x5))), function at exception vector 43 too large)

.vector_44      0x9fc01780        0x8
 *(.vector_44)
 .vector_44     0x9fc01780        0x8 d:/program files (x86)/microchip/xc32/v2.30/bin/bin/../../lib/gcc/pic32mx/4.8.3/../../../../pic32mx/lib\libpic32.a(vector44.o)
                0x9fc01780                __vector_dispatch_44
                0x00000001                ASSERT (((_vector_spacing == 0x0) || (SIZEOF (.vector_44) <= (_vector_spacing << 0x5))), function at exception vector 44 too large)

.vector_45      0x9fc017a0        0x8
 *(.vector_45)
 .vector_45     0x9fc017a0        0x8 d:/program files (x86)/microchip/xc32/v2.30/bin/bin/../../lib/gcc/pic32mx/4.8.3/../../../../pic32mx/lib\libpic32.a(vector45.o)
                0x9fc017a0                __vector_dispatch_45
                0x00000001                ASSERT (((_vector_spacing == 0x0) || (SIZEOF (.vector_45) <= (_vector_spacing << 0x5))), function at exception vector 45 too large)

.vector_46      0x9fc017c0        0x8
 *(.vector_46)
 .vector_46     0x9fc017c0        0x8 d:/program files (x86)/microchip/xc32/v2.30/bin/bin/../../lib/gcc/pic32mx/4.8.3/../../../../pic32mx/lib\libpic32.a(vector46.o)
                0x9fc017c0                __vector_dispatch_46
                0x00000001                ASSERT (((_vector_spacing == 0x0) || (SIZEOF (.vector_46) <= (_vector_spacing << 0x5))), function at exception vector 46 too large)

.vector_47      0x9fc017e0        0x8
 *(.vector_47)
 .vector_47     0x9fc017e0        0x8 d:/program files (x86)/microchip/xc32/v2.30/bin/bin/../../lib/gcc/pic32mx/4.8.3/../../../../pic32mx/lib\libpic32.a(vector47.o)
                0x9fc017e0                __vector_dispatch_47
                0x00000001                ASSERT (((_vector_spacing == 0x0) || (SIZEOF (.vector_47) <= (_vector_spacing << 0x5))), function at exception vector 47 too large)

.vector_48      0x9fc01800        0x8
 *(.vector_48)
 .vector_48     0x9fc01800        0x8 d:/program files (x86)/microchip/xc32/v2.30/bin/bin/../../lib/gcc/pic32mx/4.8.3/../../../../pic32mx/lib\libpic32.a(vector48.o)
                0x9fc01800                __vector_dispatch_48
                0x00000001                ASSERT (((_vector_spacing == 0x0) || (SIZEOF (.vector_48) <= (_vector_spacing << 0x5))), function at exception vector 48 too large)

.vector_49      0x9fc01820        0x8
 *(.vector_49)
 .vector_49     0x9fc01820        0x8 d:/program files (x86)/microchip/xc32/v2.30/bin/bin/../../lib/gcc/pic32mx/4.8.3/../../../../pic32mx/lib\libpic32.a(vector49.o)
                0x9fc01820                __vector_dispatch_49
                0x00000001                ASSERT (((_vector_spacing == 0x0) || (SIZEOF (.vector_49) <= (_vector_spacing << 0x5))), function at exception vector 49 too large)

.vector_50      0x9fc01840        0x8
 *(.vector_50)
 .vector_50     0x9fc01840        0x8 d:/program files (x86)/microchip/xc32/v2.30/bin/bin/../../lib/gcc/pic32mx/4.8.3/../../../../pic32mx/lib\libpic32.a(vector50.o)
                0x9fc01840                __vector_dispatch_50
                0x00000001                ASSERT (((_vector_spacing == 0x0) || (SIZEOF (.vector_50) <= (_vector_spacing << 0x5))), function at exception vector 50 too large)

.vector_51      0x9fc01860        0x8
 *(.vector_51)
 .vector_51     0x9fc01860        0x8 d:/program files (x86)/microchip/xc32/v2.30/bin/bin/../../lib/gcc/pic32mx/4.8.3/../../../../pic32mx/lib\libpic32.a(vector51.o)
                0x9fc01860                __vector_dispatch_51
                0x00000001                ASSERT (((_vector_spacing == 0x0) || (SIZEOF (.vector_51) <= (_vector_spacing << 0x5))), function at exception vector 51 too large)

.vector_52      0x9fc01880        0x0
 *(.vector_52)
                0x00000001                ASSERT (((_vector_spacing == 0x0) || (SIZEOF (.vector_52) <= (_vector_spacing << 0x5))), function at exception vector 52 too large)

.vector_53      0x9fc018a0        0x0
 *(.vector_53)
                0x00000001                ASSERT (((_vector_spacing == 0x0) || (SIZEOF (.vector_53) <= (_vector_spacing << 0x5))), function at exception vector 53 too large)

.vector_54      0x9fc018c0        0x0
 *(.vector_54)
                0x00000001                ASSERT (((_vector_spacing == 0x0) || (SIZEOF (.vector_54) <= (_vector_spacing << 0x5))), function at exception vector 54 too large)

.vector_55      0x9fc018e0        0x0
 *(.vector_55)
                0x00000001                ASSERT (((_vector_spacing == 0x0) || (SIZEOF (.vector_55) <= (_vector_spacing << 0x5))), function at exception vector 55 too large)

.vector_56      0x9fc01900        0x0
 *(.vector_56)
                0x00000001                ASSERT (((_vector_spacing == 0x0) || (SIZEOF (.vector_56) <= (_vector_spacing << 0x5))), function at exception vector 56 too large)

.vector_57      0x9fc01920        0x0
 *(.vector_57)
                0x00000001                ASSERT (((_vector_spacing == 0x0) || (SIZEOF (.vector_57) <= (_vector_spacing << 0x5))), function at exception vector 57 too large)

.vector_58      0x9fc01940        0x0
 *(.vector_58)
                0x00000001                ASSERT (((_vector_spacing == 0x0) || (SIZEOF (.vector_58) <= (_vector_spacing << 0x5))), function at exception vector 58 too large)

.vector_59      0x9fc01960        0x0
 *(.vector_59)
                0x00000001                ASSERT (((_vector_spacing == 0x0) || (SIZEOF (.vector_59) <= (_vector_spacing << 0x5))), function at exception vector 59 too large)

.vector_60      0x9fc01980        0x0
 *(.vector_60)
                0x00000001                ASSERT (((_vector_spacing == 0x0) || (SIZEOF (.vector_60) <= (_vector_spacing << 0x5))), function at exception vector 60 too large)

.vector_61      0x9fc019a0        0x0
 *(.vector_61)
                0x00000001                ASSERT (((_vector_spacing == 0x0) || (SIZEOF (.vector_61) <= (_vector_spacing << 0x5))), function at exception vector 61 too large)

.vector_62      0x9fc019c0        0x0
 *(.vector_62)
                0x00000001                ASSERT (((_vector_spacing == 0x0) || (SIZEOF (.vector_62) <= (_vector_spacing << 0x5))), function at exception vector 62 too large)

.vector_63      0x9fc019e0        0x0
 *(.vector_63)
                0x00000001                ASSERT (((_vector_spacing == 0x0) || (SIZEOF (.vector_63) <= (_vector_spacing << 0x5))), function at exception vector 63 too large)

.startup
 *(.startup)

.text           0x9d000000        0x0
 *(.stub .gnu.linkonce.t.*)
 *(.text.*personality*)
 *(.mips16.fn.*)
 *(.mips16.call.*)
 *(.gnu.warning)
                0x9d000000                . = ALIGN (0x4)

.init           0x9d000000        0x0
 *crti.o(.init)
 *crtbegin.o(.init)
 *(EXCLUDE_FILE(*crtn.o *crtend?.o *crtend.o) .init)
 *crtend.o(.init)
 *crtn.o(.init)
                0x9d000000                . = ALIGN (0x4)

.fini           0x9d000000        0x0
 *(.fini)
                0x9d000000                . = ALIGN (0x4)

.preinit_array  0x9d000000        0x0
                0x9d000000                PROVIDE (__preinit_array_start, .)
 *(.preinit_array)
                0x9d000000                PROVIDE (__preinit_array_end, .)
                0x9d000000                . = ALIGN (0x4)

.init_array     0x9d000000        0x0
                0x9d000000                PROVIDE (__init_array_start, .)
 *(SORT(.init_array.*))
 *(.init_array)
                0x9d000000                PROVIDE (__init_array_end, .)
                0x9d000000                . = ALIGN (0x4)

.fini_array     0x9d000000        0x0
                0x9d000000                PROVIDE (__fini_array_start, .)
 *(SORT(.fini_array.*))
 *(.fini_array)
                0x9d000000                PROVIDE (__fini_array_end, .)
                0x9d000000                . = ALIGN (0x4)

.ctors          0x9d000000        0x0
 *crtbegin.o(.ctors)
 *crtbegin?.o(.ctors)
 *(EXCLUDE_FILE(*crtend?.o *crtend.o) .ctors)
 *(SORT(.ctors.*))
 *(.ctors)
                0x9d000000                . = ALIGN (0x4)

.dtors          0x9d000000        0x0
 *crtbegin.o(.dtors)
 *crtbegin?.o(.dtors)
 *(EXCLUDE_FILE(*crtend?.o *crtend.o) .dtors)
 *(SORT(.dtors.*))
 *(.dtors)
                0x9d000000                . = ALIGN (0x4)

.rodata         0x9d000000        0x0
 *(.gnu.linkonce.r.*)
 *(.rodata1)
                0x9d000000                . = ALIGN (0x4)

.sdata2         0x9fc00490        0x0
 *(.sdata2 .sdata2.* .gnu.linkonce.s2.*)
                0x9fc00490                . = ALIGN (0x4)

.sbss2          0x9fc00490        0x0
 *(.sbss2 .sbss2.* .gnu.linkonce.sb2.*)
                0x9fc00490                . = ALIGN (0x4)

.eh_frame_hdr
 *(.eh_frame_hdr)
                0x9fc00490                . = ALIGN (0x4)

.eh_frame
 *(.eh_frame)
                0x9fc00490                . = ALIGN (0x4)

.gcc_except_table
 *(.gcc_except_table .gcc_except_table.*)
                0x9fc00490                . = ALIGN (0x4)

.dbg_data       0xa0000200        0x0
                0xa0000200                . = (. + DEFINED (_DEBUGGER)?0x200:0x0)

.jcr            0xa0000200        0x0
 *(.jcr)
                0xa0000200                . = ALIGN (0x4)

.eh_frame
 *(.eh_frame)
                0xa0000200                . = ALIGN (0x4)

.gcc_except_table
 *(.gcc_except_table .gcc_except_table.*)
                0xa0000200                . = ALIGN (0x4)

.persist        0xa0000200        0x0
                0xa0000200                _persist_begin = .
 *(.persist .persist.*)
 *(.pbss .pbss.*)
                0xa0000200                . = ALIGN (0x4)
                0xa0000200                _persist_end = .

.data           0xa0000200        0x0
 *(.gnu.linkonce.d.*)
 *(.data1)
                0xa0000200                . = ALIGN (0x4)
                0xa0000200                . = .
                0xa00081f0                _gp = (ALIGN (0x10) + 0x7ff0)

.got            0xa0000200        0x0
 *(.got.plt)
 *(.got)
                0xa0000200                . = ALIGN (0x4)

.sdata          0xa0000200        0xc
                0xa0000200                _sdata_begin = .
 *(.sdata .sdata.* .gnu.linkonce.s.*)
 .sdata         0xa0000200        0x8 build/default/debug/_ext/1360937237/contacts.o
                0xa0000200                portTable
 .sdata         0xa0000208        0x4 build/default/debug/_ext/1836182099/port.o
                0xa0000208                uxInterruptNesting
                0xa000020c                . = ALIGN (0x4)
                0xa000020c                _sdata_end = .

.lit8
 *(.lit8)

.lit4
 *(.lit4)
                0xa000020c                . = ALIGN (0x4)
                0xa000020c                _data_end = .
                0xa000020c                _bss_begin = .

.sbss           0xa000020c       0x9c
                0xa000020c                _sbss_begin = .
 *(.dynsbss)
 *(.sbss .sbss.* .gnu.linkonce.sb.*)
 .sbss          0xa000020c        0x4 build/default/debug/_ext/659861937/MDB_CG.o
 .sbss          0xa0000210        0x1 build/default/debug/_ext/1360937237/leds.o
 *fill*         0xa0000211        0x3 
 .sbss          0xa0000214        0x8 build/default/debug/_ext/1360937237/mainboard.o
 .sbss          0xa000021c        0x2 build/default/debug/_ext/2110713129/drv_nvm_static.o
                0xa000021c                gDrvNVMBufferToken
 *fill*         0xa000021e        0x2 
 .sbss          0xa0000220       0x18 build/default/debug/_ext/1688732426/filtering_exception_handler.o
 .sbss          0xa0000238       0x30 build/default/debug/_ext/1606280809/tasks.o
                0xa0000238                pxCurrentTCB
                0xa000023c                uxCurrentNumberOfTasks
                0xa0000240                xTickCount
                0xa0000244                uxTopReadyPriority
                0xa0000248                xSchedulerRunning
                0xa000024c                uxPendedTicks
                0xa0000250                xYieldPending
                0xa0000254                xNumOfOverflows
                0xa0000258                uxTaskNumber
                0xa000025c                xNextTaskUnblockTime
                0xa0000260                xIdleTaskHandle
                0xa0000264                uxSchedulerSuspended
 .sbss          0xa0000268       0x14 build/default/debug/_ext/1606280809/timers.o
 .sbss          0xa000027c        0x8 build/default/debug/_ext/542287462/heap_1.o
 .sbss          0xa0000284        0x4 build/default/debug/_ext/1836182099/port.o
                0xa0000284                uxSavedTaskStackPointer
 *(.scommon)
 .scommon       0xa0000288       0x10 build/default/debug/_ext/659861937/MDB.o
                0xa0000288                hUartParameters
                0xa000028c                hTOCumul
                0xa0000290                hTimerDisplaySelection
                0xa0000294                hTimerOverPay
 .scommon       0xa0000298        0x0 build/default/debug/_ext/659861937/MDB_BV.o
 .scommon       0xa0000298        0x0 build/default/debug/_ext/659861937/MDB_CG.o
 .scommon       0xa0000298        0x0 build/default/debug/_ext/1360937237/contacts.o
 .scommon       0xa0000298        0x0 build/default/debug/_ext/1360937237/hd44780.o
 .scommon       0xa0000298        0x0 build/default/debug/_ext/1360937237/parameters.o
 .scommon       0xa0000298        0x0 build/default/debug/_ext/1360937237/audits.o
 .scommon       0xa0000298        0x0 build/default/debug/_ext/1360937237/leds.o
 .scommon       0xa0000298        0x0 build/default/debug/_ext/1360937237/DS18B20.o
 .scommon       0xa0000298        0x0 build/default/debug/_ext/1360937237/dataCommun.o
 .scommon       0xa0000298        0x0 build/default/debug/_ext/1360937237/mainboard.o
 .scommon       0xa0000298        0x0 build/default/debug/_ext/2110713129/drv_nvm_static.o
 .scommon       0xa0000298        0x0 build/default/debug/_ext/327000265/drv_usart_mapping.o
 .scommon       0xa0000298        0x0 build/default/debug/_ext/327000265/drv_usart_static.o
 .scommon       0xa0000298        0x0 build/default/debug/_ext/327000265/drv_usart_static_read_write.o
 .scommon       0xa0000298        0x0 build/default/debug/_ext/639803181/sys_clk_pic32mx.o
 .scommon       0xa0000298        0x8 build/default/debug/_ext/340578644/sys_devcon.o
                0xa0000298                sysDevconObj
 .scommon       0xa00002a0        0x0 build/default/debug/_ext/1688732426/system_init.o
 .scommon       0xa00002a0        0x0 build/default/debug/_ext/1688732426/system_interrupt.o
 .scommon       0xa00002a0        0x0 build/default/debug/_ext/1688732426/filtering_exception_handler.o
 .scommon       0xa00002a0        0x0 build/default/debug/_ext/1688732426/fassert.o
 .scommon       0xa00002a0        0x0 build/default/debug/_ext/1688732426/system_tasks.o
 .scommon       0xa00002a0        0x8 build/default/debug/_ext/1606280809/tasks.o
                0xa00002a0                pxDelayedTaskList
                0xa00002a4                pxOverflowDelayedTaskList
                0xa00002a8                _sbss_end = .
                0xa00002a8                . = ALIGN (0x4)

.bss            0xa00002a8      0x4ec
 *(.dynbss)
 *(COMMON)
 COMMON         0xa00002a8       0x2c build/default/debug/_ext/659861937/MDB.o
                0xa00002a8                pcCom
                0xa00002b4                mdb
 COMMON         0xa00002d4       0x78 build/default/debug/_ext/659861937/MDB_BV.o
                0xa00002d4                billValidator
 COMMON         0xa000034c       0xb4 build/default/debug/_ext/659861937/MDB_CG.o
                0xa000034c                changeGiver
 COMMON         0xa0000400       0x48 build/default/debug/_ext/1360937237/contacts.o
                0xa0000400                switchs
 COMMON         0xa0000448       0x4c build/default/debug/_ext/1360937237/moteurs.o
                0xa0000448                motors
 COMMON         0xa0000494       0x14 build/default/debug/_ext/1360937237/trap_security.o
                0xa0000494                adcs
 COMMON         0xa00004a8       0x24 build/default/debug/_ext/1360937237/leds.o
                0xa00004a8                leds
 COMMON         0xa00004cc       0x1c build/default/debug/_ext/1360937237/DS18B20.o
                0xa00004cc                ds18b20
 COMMON         0xa00004e8      0x108 build/default/debug/_ext/2110713129/drv_nvm_static.o
                0xa00004e8                gDrvNVMObj
                0xa0000514                gDrvNVMBufferObject
 COMMON         0xa00005f0       0x84 build/default/debug/_ext/327000265/drv_usart_static.o
                0xa00005f0                gDrvUSART0Obj
                0xa000061c                gDrvUSART2Obj
                0xa0000648                gDrvUSART1Obj
 COMMON         0xa0000674       0x14 build/default/debug/_ext/1688732426/system_init.o
                0xa0000674                sysObj
 COMMON         0xa0000688       0x58 build/default/debug/_ext/1606280809/queue.o
                0xa0000688                xQueueRegistry
 COMMON         0xa00006e0       0xb4 build/default/debug/_ext/1606280809/tasks.o
                0xa00006e0                pxReadyTasksLists
                0xa0000744                xPendingReadyList
                0xa0000758                xSuspendedTaskList
                0xa000076c                xDelayedTaskList2
                0xa0000780                xDelayedTaskList1
                0xa0000794                . = ALIGN ((. != 0x0)?0x4:0x1)
                0xa0000794                . = ALIGN (0x4)
                0xa0000794                _end = .
                0xa0000794                _bss_end = .
                0x00010000                _bmxdudba_address = 0x10000
                0x00010000                _bmxdupba_address = 0x10000

/DISCARD/
 *(.pdr)
 *(.rel.dyn)
 *(.note.GNU-stack)
 *(.note.GNU-stack)
 *(.gnu_debuglink)
 *(.gnu.lto_*)
 *(.discard)

.gptab.sdata
 *(.gptab.data)
 *(.gptab.sdata)

.gptab.sbss
 *(.gptab.bss)
 *(.gptab.sbss)

.mdebug.abi32   0xa0000794        0x0
 *(.mdebug.abi32)
 .mdebug.abi32  0xa0000794        0x0 d:/program files (x86)/microchip/xc32/v2.30/bin/bin/../../lib/gcc/pic32mx/4.8.3/../../../../pic32mx/lib\software-debug-break.o
 .mdebug.abi32  0xa0000794        0x0 build/default/debug/_ext/659861937/MDB.o
 .mdebug.abi32  0xa0000794        0x0 build/default/debug/_ext/659861937/MDB_BV.o
 .mdebug.abi32  0xa0000794        0x0 build/default/debug/_ext/659861937/MDB_CG.o
 .mdebug.abi32  0xa0000794        0x0 build/default/debug/_ext/1360937237/main.o
 .mdebug.abi32  0xa0000794        0x0 build/default/debug/_ext/1360937237/contacts.o
 .mdebug.abi32  0xa0000794        0x0 build/default/debug/_ext/1360937237/delay_us.o
 .mdebug.abi32  0xa0000794        0x0 build/default/debug/_ext/1360937237/hd44780.o
 .mdebug.abi32  0xa0000794        0x0 build/default/debug/_ext/1360937237/moteurs.o
 .mdebug.abi32  0xa0000794        0x0 build/default/debug/_ext/1360937237/parameters.o
 .mdebug.abi32  0xa0000794        0x0 build/default/debug/_ext/1360937237/trap_security.o
 .mdebug.abi32  0xa0000794        0x0 build/default/debug/_ext/1360937237/audits.o
 .mdebug.abi32  0xa0000794        0x0 build/default/debug/_ext/1360937237/leds.o
 .mdebug.abi32  0xa0000794        0x0 build/default/debug/_ext/1360937237/DS18B20.o
 .mdebug.abi32  0xa0000794        0x0 build/default/debug/_ext/1360937237/dataCommun.o
 .mdebug.abi32  0xa0000794        0x0 build/default/debug/_ext/1360937237/mainboard.o
 .mdebug.abi32  0xa0000794        0x0 build/default/debug/_ext/1360937237/eeprom.o
 .mdebug.abi32  0xa0000794        0x0 build/default/debug/_ext/1361460060/drv_adc_static.o
 .mdebug.abi32  0xa0000794        0x0 build/default/debug/_ext/1923177420/drv_flash_static.o
 .mdebug.abi32  0xa0000794        0x0 build/default/debug/_ext/2110713129/drv_nvm_static.o
 .mdebug.abi32  0xa0000794        0x0 build/default/debug/_ext/327000265/drv_usart_mapping.o
 .mdebug.abi32  0xa0000794        0x0 build/default/debug/_ext/327000265/drv_usart_static.o
 .mdebug.abi32  0xa0000794        0x0 build/default/debug/_ext/327000265/drv_usart_static_read_write.o
 .mdebug.abi32  0xa0000794        0x0 build/default/debug/_ext/639803181/sys_clk_pic32mx.o
 .mdebug.abi32  0xa0000794        0x0 build/default/debug/_ext/340578644/sys_devcon.o
 .mdebug.abi32  0xa0000794        0x0 build/default/debug/_ext/340578644/sys_devcon_pic32mx.o
 .mdebug.abi32  0xa0000794        0x0 build/default/debug/_ext/822048611/sys_ports_static.o
 .mdebug.abi32  0xa0000794        0x0 build/default/debug/_ext/68765530/sys_reset.o
 .mdebug.abi32  0xa0000794        0x0 build/default/debug/_ext/1688732426/system_init.o
 .mdebug.abi32  0xa0000794        0x0 build/default/debug/_ext/1688732426/system_interrupt.o
 .mdebug.abi32  0xa0000794        0x0 build/default/debug/_ext/1688732426/filtering_exception_handler.o
 .mdebug.abi32  0xa0000794        0x0 build/default/debug/_ext/1688732426/fassert.o
 .mdebug.abi32  0xa0000794        0x0 build/default/debug/_ext/1688732426/system_tasks.o
 .mdebug.abi32  0xa0000794        0x0 build/default/debug/_ext/1688732426/rtos_hooks.o
 .mdebug.abi32  0xa0000794        0x0 build/default/debug/_ext/485267206/osal_freertos.o
 .mdebug.abi32  0xa0000794        0x0 build/default/debug/_ext/1735427962/sys_int_pic32.o
 .mdebug.abi32  0xa0000794        0x0 build/default/debug/_ext/1606280809/croutine.o
 .mdebug.abi32  0xa0000794        0x0 build/default/debug/_ext/1606280809/list.o
 .mdebug.abi32  0xa0000794        0x0 build/default/debug/_ext/1606280809/queue.o
 .mdebug.abi32  0xa0000794        0x0 build/default/debug/_ext/1606280809/tasks.o
 .mdebug.abi32  0xa0000794        0x0 build/default/debug/_ext/1606280809/timers.o
 .mdebug.abi32  0xa0000794        0x0 build/default/debug/_ext/1606280809/event_groups.o
 .mdebug.abi32  0xa0000794        0x0 build/default/debug/_ext/1606280809/stream_buffer.o
 .mdebug.abi32  0xa0000794        0x0 build/default/debug/_ext/542287462/heap_1.o
 .mdebug.abi32  0xa0000794        0x0 build/default/debug/_ext/1836182099/port.o
 .mdebug.abi32  0xa0000794        0x0 ..\src\system_config\default\bin\framework\peripheral\PIC32MX575F512L_peripherals.a(peripheral.o)
 .mdebug.abi32  0xa0000794        0x0 d:/program files (x86)/microchip/xc32/v2.30/bin/bin/../../lib/gcc/pic32mx/4.8.3\libgcc.a(floatunsisf.o)
 .mdebug.abi32  0xa0000794        0x0 d:/program files (x86)/microchip/xc32/v2.30/bin/bin/../../lib/gcc/pic32mx/4.8.3/../../../../pic32mx/lib\libpic32.a(default-bootstrap-exception-handler.o)
 .mdebug.abi32  0xa0000794        0x0 d:/program files (x86)/microchip/xc32/v2.30/bin/bin/../../lib/gcc/pic32mx/4.8.3/../../../../pic32mx/lib\libpic32.a(default-on-reset.o)
 .mdebug.abi32  0xa0000794        0x0 d:/program files (x86)/microchip/xc32/v2.30/bin/bin/../../lib/gcc/pic32mx/4.8.3/../../../../pic32mx/lib\libpic32.a(default-on-bootstrap.o)
 .mdebug.abi32  0xa0000794        0x0 d:/program files (x86)/microchip/xc32/v2.30/bin/bin/../../lib/gcc/pic32mx/4.8.3/../../../../pic32mx/lib\libpic32.a(defaultinterrupt.o)
 .mdebug.abi32  0xa0000794        0x0 d:/program files (x86)/microchip/xc32/v2.30/bin/bin/../../lib/gcc/pic32mx/4.8.3/../../../../pic32mx/lib\libc.a(memmove.o)
 .mdebug.abi32  0xa0000794        0x0 d:/program files (x86)/microchip/xc32/v2.30/bin/bin/../../lib/gcc/pic32mx/4.8.3/../../../../pic32mx/lib\libc.a(vprintf.o)
 .mdebug.abi32  0xa0000794        0x0 d:/program files (x86)/microchip/xc32/v2.30/bin/bin/../../lib/gcc/pic32mx/4.8.3/../../../../pic32mx/lib\libc.a(_iob.o)
 .mdebug.abi32  0xa0000794        0x0 d:/program files (x86)/microchip/xc32/v2.30/bin/bin/../../lib/gcc/pic32mx/4.8.3/../../../../pic32mx/lib\libc.a(doprnt.o)
 .mdebug.abi32  0xa0000794        0x0 d:/program files (x86)/microchip/xc32/v2.30/bin/bin/../../lib/gcc/pic32mx/4.8.3/../../../../pic32mx/lib\libc.a(_fputc_simple.o)
 .mdebug.abi32  0xa0000794        0x0 d:/program files (x86)/microchip/xc32/v2.30/bin/bin/../../lib/gcc/pic32mx/4.8.3/../../../../pic32mx/lib\libc.a(ctype.o)
 .mdebug.abi32  0xa0000794        0x0 d:/program files (x86)/microchip/xc32/v2.30/bin/bin/../../lib/gcc/pic32mx/4.8.3/../../../../pic32mx/lib\libc.a(ldpowers.o)
 .mdebug.abi32  0xa0000794        0x0 d:/program files (x86)/microchip/xc32/v2.30/bin/bin/../../lib/gcc/pic32mx/4.8.3/../../../../pic32mx/lib\libc.a(_flsbuf_simple.o)
 .mdebug.abi32  0xa0000794        0x0 d:/program files (x86)/microchip/xc32/v2.30/bin/bin/../../lib/gcc/pic32mx/4.8.3/../../../../pic32mx/lib\libe.a(_fixunsdfdi.o)
 .mdebug.abi32  0xa0000794        0x0 d:/program files (x86)/microchip/xc32/v2.30/bin/bin/../../lib/gcc/pic32mx/4.8.3/../../../../pic32mx/lib\libe.a(_orderdf2.o)
 .mdebug.abi32  0xa0000794        0x0 d:/program files (x86)/microchip/xc32/v2.30/bin/bin/../../lib/gcc/pic32mx/4.8.3/../../../../pic32mx/lib\libe.a(_fixdfdi.o)
 .mdebug.abi32  0xa0000794        0x0 d:/program files (x86)/microchip/xc32/v2.30/bin/bin/../../lib/gcc/pic32mx/4.8.3\libgcc.a(_floatundidf.o)
 .mdebug.abi32  0xa0000794        0x0 d:/program files (x86)/microchip/xc32/v2.30/bin/bin/../../lib/gcc/pic32mx/4.8.3\libgcc.a(_udivdi3.o)
 .mdebug.abi32  0xa0000794        0x0 d:/program files (x86)/microchip/xc32/v2.30/bin/bin/../../lib/gcc/pic32mx/4.8.3\libgcc.a(_umoddi3.o)
 .mdebug.abi32  0xa0000794        0x0 d:/program files (x86)/microchip/xc32/v2.30/bin/bin/../../lib/gcc/pic32mx/4.8.3\libgcc.a(floatunsidf.o)
 .mdebug.abi32  0xa0000794        0x0 d:/program files (x86)/microchip/xc32/v2.30/bin/bin/../../lib/gcc/pic32mx/4.8.3/../../../../pic32mx/lib\libpic32.a(write.o)

.mdebug.abiN32
 *(.mdebug.abiN32)

.mdebug.abi64
 *(.mdebug.abi64)

.mdebug.abiO64
 *(.mdebug.abiO64)

.mdebug.eabi32
 *(.mdebug.eabi32)

.mdebug.eabi64
 *(.mdebug.eabi64)

.gcc_compiled_long32
 *(.gcc_compiled_long32)

.gcc_compiled_long64
 *(.gcc_compiled_long64)

.stab
 *(.stab)

.stabstr
 *(.stabstr)

.stab.excl
 *(.stab.excl)

.stab.exclstr
 *(.stab.exclstr)

.stab.index
 *(.stab.index)

.stab.indexstr
 *(.stab.indexstr)

.comment        0x00000000      0x21d
 *(.comment)
 .comment       0x00000000       0x3c d:/program files (x86)/microchip/xc32/v2.30/bin/bin/../../lib/gcc/pic32mx/4.8.3/../../../../pic32mx/lib\software-debug-break.o
                                 0x3d (size before relaxing)
 .comment       0x00000000       0x3d build/default/debug/_ext/659861937/MDB.o
 .comment       0x00000000       0x3d build/default/debug/_ext/659861937/MDB_BV.o
 .comment       0x00000000       0x3d build/default/debug/_ext/659861937/MDB_CG.o
 .comment       0x00000000       0x3d build/default/debug/_ext/1360937237/main.o
 .comment       0x00000000       0x3d build/default/debug/_ext/1360937237/contacts.o
 .comment       0x00000000       0x3d build/default/debug/_ext/1360937237/delay_us.o
 .comment       0x00000000       0x3d build/default/debug/_ext/1360937237/hd44780.o
 .comment       0x00000000       0x3d build/default/debug/_ext/1360937237/moteurs.o
 .comment       0x00000000       0x3d build/default/debug/_ext/1360937237/parameters.o
 .comment       0x00000000       0x3d build/default/debug/_ext/1360937237/trap_security.o
 .comment       0x00000000       0x3d build/default/debug/_ext/1360937237/audits.o
 .comment       0x00000000       0x3d build/default/debug/_ext/1360937237/leds.o
 .comment       0x00000000       0x3d build/default/debug/_ext/1360937237/DS18B20.o
 .comment       0x00000000       0x3d build/default/debug/_ext/1360937237/dataCommun.o
 .comment       0x00000000       0x3d build/default/debug/_ext/1360937237/mainboard.o
 .comment       0x00000000       0x3d build/default/debug/_ext/1360937237/eeprom.o
 .comment       0x00000000       0x3d build/default/debug/_ext/1361460060/drv_adc_static.o
 .comment       0x00000000       0x3d build/default/debug/_ext/1923177420/drv_flash_static.o
 .comment       0x00000000       0x3d build/default/debug/_ext/2110713129/drv_nvm_static.o
 .comment       0x00000000       0x3d build/default/debug/_ext/327000265/drv_usart_mapping.o
 .comment       0x00000000       0x3d build/default/debug/_ext/327000265/drv_usart_static.o
 .comment       0x00000000       0x3d build/default/debug/_ext/327000265/drv_usart_static_read_write.o
 .comment       0x00000000       0x3d build/default/debug/_ext/639803181/sys_clk_pic32mx.o
 .comment       0x00000000       0x3d build/default/debug/_ext/340578644/sys_devcon.o
 .comment       0x00000000       0x3d build/default/debug/_ext/340578644/sys_devcon_pic32mx.o
 .comment       0x00000000       0x3d build/default/debug/_ext/822048611/sys_ports_static.o
 .comment       0x00000000       0x3d build/default/debug/_ext/68765530/sys_reset.o
 .comment       0x00000000       0x3d build/default/debug/_ext/1688732426/system_init.o
 .comment       0x00000000       0x3d build/default/debug/_ext/1688732426/system_interrupt.o
 .comment       0x00000000       0x3d build/default/debug/_ext/1688732426/filtering_exception_handler.o
 .comment       0x00000000       0x3d build/default/debug/_ext/1688732426/fassert.o
 .comment       0x00000000       0x3d build/default/debug/_ext/1688732426/system_tasks.o
 .comment       0x00000000       0x3d build/default/debug/_ext/1688732426/rtos_hooks.o
 .comment       0x00000000       0x3d build/default/debug/_ext/485267206/osal_freertos.o
 .comment       0x00000000       0x3d build/default/debug/_ext/1735427962/sys_int_pic32.o
 .comment       0x00000000       0x3d build/default/debug/_ext/1606280809/croutine.o
 .comment       0x00000000       0x3d build/default/debug/_ext/1606280809/list.o
 .comment       0x00000000       0x3d build/default/debug/_ext/1606280809/queue.o
 .comment       0x00000000       0x3d build/default/debug/_ext/1606280809/tasks.o
 .comment       0x00000000       0x3d build/default/debug/_ext/1606280809/timers.o
 .comment       0x00000000       0x3d build/default/debug/_ext/1606280809/event_groups.o
 .comment       0x00000000       0x3d build/default/debug/_ext/1606280809/stream_buffer.o
 .comment       0x00000000       0x3d build/default/debug/_ext/542287462/heap_1.o
 .comment       0x00000000       0x3d build/default/debug/_ext/1836182099/port.o
 .comment       0x0000003c       0x3c ..\src\system_config\default\bin\framework\peripheral\PIC32MX575F512L_peripherals.a(peripheral.o)
                                 0x3d (size before relaxing)
 .comment       0x00000000       0x3d d:/program files (x86)/microchip/xc32/v2.30/bin/bin/../../lib/gcc/pic32mx/4.8.3\libgcc.a(floatunsisf.o)
 .comment       0x00000078       0x18 d:/program files (x86)/microchip/xc32/v2.30/bin/bin/../../lib/gcc/pic32mx/4.8.3/../../../../pic32mx/lib\libpic32.a(memset.o)
                                 0x19 (size before relaxing)
 .comment       0x00000000       0x3d d:/program files (x86)/microchip/xc32/v2.30/bin/bin/../../lib/gcc/pic32mx/4.8.3/../../../../pic32mx/lib\libpic32.a(default-bootstrap-exception-handler.o)
 .comment       0x00000000       0x3d d:/program files (x86)/microchip/xc32/v2.30/bin/bin/../../lib/gcc/pic32mx/4.8.3/../../../../pic32mx/lib\libpic32.a(default-on-reset.o)
 .comment       0x00000000       0x3d d:/program files (x86)/microchip/xc32/v2.30/bin/bin/../../lib/gcc/pic32mx/4.8.3/../../../../pic32mx/lib\libpic32.a(default-on-bootstrap.o)
 .comment       0x00000000       0x3d d:/program files (x86)/microchip/xc32/v2.30/bin/bin/../../lib/gcc/pic32mx/4.8.3/../../../../pic32mx/lib\libpic32.a(defaultinterrupt.o)
 .comment       0x00000000       0x3d d:/program files (x86)/microchip/xc32/v2.30/bin/bin/../../lib/gcc/pic32mx/4.8.3/../../../../pic32mx/lib\libc.a(memmove.o)
 .comment       0x00000000       0x3d d:/program files (x86)/microchip/xc32/v2.30/bin/bin/../../lib/gcc/pic32mx/4.8.3/../../../../pic32mx/lib\libc.a(vprintf.o)
 .comment       0x00000000       0x3d d:/program files (x86)/microchip/xc32/v2.30/bin/bin/../../lib/gcc/pic32mx/4.8.3/../../../../pic32mx/lib\libc.a(_iob.o)
 .comment       0x00000000       0x3d d:/program files (x86)/microchip/xc32/v2.30/bin/bin/../../lib/gcc/pic32mx/4.8.3/../../../../pic32mx/lib\libc.a(doprnt.o)
 .comment       0x00000000       0x3d d:/program files (x86)/microchip/xc32/v2.30/bin/bin/../../lib/gcc/pic32mx/4.8.3/../../../../pic32mx/lib\libc.a(_fputc_simple.o)
 .comment       0x00000090       0x4e d:/program files (x86)/microchip/xc32/v2.30/bin/bin/../../lib/gcc/pic32mx/4.8.3/../../../../pic32mx/lib\libc.a(ctype.o)
                                 0x8b (size before relaxing)
 .comment       0x00000000       0x3d d:/program files (x86)/microchip/xc32/v2.30/bin/bin/../../lib/gcc/pic32mx/4.8.3/../../../../pic32mx/lib\libc.a(ldpowers.o)
 .comment       0x00000000       0x3d d:/program files (x86)/microchip/xc32/v2.30/bin/bin/../../lib/gcc/pic32mx/4.8.3/../../../../pic32mx/lib\libc.a(_flsbuf_simple.o)
 .comment       0x000000de       0x9f d:/program files (x86)/microchip/xc32/v2.30/bin/bin/../../lib/gcc/pic32mx/4.8.3/../../../../pic32mx/lib\libe.a(_fixunsdfdi.o)
                                 0xdc (size before relaxing)
 .comment       0x0000017d       0x50 d:/program files (x86)/microchip/xc32/v2.30/bin/bin/../../lib/gcc/pic32mx/4.8.3/../../../../pic32mx/lib\libe.a(_orderdf2.o)
                                 0xdb (size before relaxing)
 .comment       0x000001cd       0x50 d:/program files (x86)/microchip/xc32/v2.30/bin/bin/../../lib/gcc/pic32mx/4.8.3/../../../../pic32mx/lib\libe.a(_fixdfdi.o)
                                 0xdb (size before relaxing)
 .comment       0x00000000       0x3d d:/program files (x86)/microchip/xc32/v2.30/bin/bin/../../lib/gcc/pic32mx/4.8.3\libgcc.a(_floatundidf.o)
 .comment       0x00000000       0x3d d:/program files (x86)/microchip/xc32/v2.30/bin/bin/../../lib/gcc/pic32mx/4.8.3\libgcc.a(_udivdi3.o)
 .comment       0x00000000       0x3d d:/program files (x86)/microchip/xc32/v2.30/bin/bin/../../lib/gcc/pic32mx/4.8.3\libgcc.a(_umoddi3.o)
 .comment       0x00000000       0x3d d:/program files (x86)/microchip/xc32/v2.30/bin/bin/../../lib/gcc/pic32mx/4.8.3\libgcc.a(floatunsidf.o)
 .comment       0x00000000       0x3d d:/program files (x86)/microchip/xc32/v2.30/bin/bin/../../lib/gcc/pic32mx/4.8.3/../../../../pic32mx/lib\libpic32.a(write.o)

.debug
 *(.debug)

.line
 *(.line)

.debug_srcinfo
 *(.debug_srcinfo)

.debug_sfnames
 *(.debug_sfnames)

.debug_aranges  0x00000000     0x1738
 *(.debug_aranges)
 .debug_aranges
                0x00000000       0x20 d:/program files (x86)/microchip/xc32/v2.30/bin/bin/../../lib/gcc/pic32mx/4.8.3/../../../../pic32mx/lib\software-debug-break.o
 .debug_aranges
                0x00000020       0xa0 build/default/debug/_ext/659861937/MDB.o
 .debug_aranges
                0x000000c0       0x88 build/default/debug/_ext/659861937/MDB_BV.o
 .debug_aranges
                0x00000148       0xb8 build/default/debug/_ext/659861937/MDB_CG.o
 .debug_aranges
                0x00000200       0x20 build/default/debug/_ext/1360937237/main.o
 .debug_aranges
                0x00000220       0x80 build/default/debug/_ext/1360937237/contacts.o
 .debug_aranges
                0x000002a0       0x20 build/default/debug/_ext/1360937237/delay_us.o
 .debug_aranges
                0x000002c0       0xe0 build/default/debug/_ext/1360937237/hd44780.o
 .debug_aranges
                0x000003a0       0x68 build/default/debug/_ext/1360937237/moteurs.o
 .debug_aranges
                0x00000408       0x70 build/default/debug/_ext/1360937237/parameters.o
 .debug_aranges
                0x00000478       0x38 build/default/debug/_ext/1360937237/trap_security.o
 .debug_aranges
                0x000004b0       0x50 build/default/debug/_ext/1360937237/audits.o
 .debug_aranges
                0x00000500       0x40 build/default/debug/_ext/1360937237/leds.o
 .debug_aranges
                0x00000540       0x78 build/default/debug/_ext/1360937237/DS18B20.o
 .debug_aranges
                0x000005b8       0x30 build/default/debug/_ext/1360937237/dataCommun.o
 .debug_aranges
                0x000005e8       0x70 build/default/debug/_ext/1360937237/mainboard.o
 .debug_aranges
                0x00000658       0x48 build/default/debug/_ext/1360937237/eeprom.o
 .debug_aranges
                0x000006a0       0x78 build/default/debug/_ext/1361460060/drv_adc_static.o
 .debug_aranges
                0x00000718       0x40 build/default/debug/_ext/1923177420/drv_flash_static.o
 .debug_aranges
                0x00000758       0xb8 build/default/debug/_ext/2110713129/drv_nvm_static.o
 .debug_aranges
                0x00000810       0x90 build/default/debug/_ext/327000265/drv_usart_mapping.o
 .debug_aranges
                0x000008a0      0x1b0 build/default/debug/_ext/327000265/drv_usart_static.o
 .debug_aranges
                0x00000a50       0x48 build/default/debug/_ext/327000265/drv_usart_static_read_write.o
 .debug_aranges
                0x00000a98       0x50 build/default/debug/_ext/639803181/sys_clk_pic32mx.o
 .debug_aranges
                0x00000ae8       0x78 build/default/debug/_ext/340578644/sys_devcon.o
 .debug_aranges
                0x00000b60       0x20 build/default/debug/_ext/340578644/sys_devcon_pic32mx.o
 .debug_aranges
                0x00000b80      0x148 build/default/debug/_ext/822048611/sys_ports_static.o
 .debug_aranges
                0x00000cc8       0x38 build/default/debug/_ext/68765530/sys_reset.o
 .debug_aranges
                0x00000d00       0x20 build/default/debug/_ext/1688732426/system_init.o
 .debug_aranges
                0x00000d20       0x20 build/default/debug/_ext/1688732426/system_interrupt.o
 .debug_aranges
                0x00000d40       0x20 build/default/debug/_ext/1688732426/filtering_exception_handler.o
 .debug_aranges
                0x00000d60       0x20 build/default/debug/_ext/1688732426/general-exception-context.o
 .debug_aranges
                0x00000d80       0x20 build/default/debug/_ext/1688732426/fassert.o
 .debug_aranges
                0x00000da0       0x30 build/default/debug/_ext/1688732426/system_tasks.o
 .debug_aranges
                0x00000dd0       0x28 build/default/debug/_ext/1688732426/system_interrupt_a.o
 .debug_aranges
                0x00000df8       0x28 build/default/debug/_ext/1688732426/rtos_hooks.o
 .debug_aranges
                0x00000e20       0x88 build/default/debug/_ext/485267206/osal_freertos.o
 .debug_aranges
                0x00000ea8       0x48 build/default/debug/_ext/1735427962/sys_int_pic32.o
 .debug_aranges
                0x00000ef0       0x18 build/default/debug/_ext/1606280809/croutine.o
 .debug_aranges
                0x00000f08       0x40 build/default/debug/_ext/1606280809/list.o
 .debug_aranges
                0x00000f48      0x138 build/default/debug/_ext/1606280809/queue.o
 .debug_aranges
                0x00001080      0x1a0 build/default/debug/_ext/1606280809/tasks.o
 .debug_aranges
                0x00001220       0xb8 build/default/debug/_ext/1606280809/timers.o
 .debug_aranges
                0x000012d8       0x68 build/default/debug/_ext/1606280809/event_groups.o
 .debug_aranges
                0x00001340       0xb8 build/default/debug/_ext/1606280809/stream_buffer.o
 .debug_aranges
                0x000013f8       0x38 build/default/debug/_ext/542287462/heap_1.o
 .debug_aranges
                0x00001430       0x58 build/default/debug/_ext/1836182099/port.o
 .debug_aranges
                0x00001488       0x20 build/default/debug/_ext/1836182099/port_asm.o
 .debug_aranges
                0x000014a8       0x40 C:\Users\ADMINI~1\AppData\Local\Temp\ccv5Fo6j.o
 .debug_aranges
                0x000014e8       0x20 d:/program files (x86)/microchip/xc32/v2.30/bin/bin/../../lib/gcc/pic32mx/4.8.3\libgcc.a(floatunsisf.o)
 .debug_aranges
                0x00001508       0x20 d:/program files (x86)/microchip/xc32/v2.30/bin/bin/../../lib/gcc/pic32mx/4.8.3/../../../../pic32mx/lib\libpic32.a(default-bootstrap-exception-handler.o)
 .debug_aranges
                0x00001528       0x20 d:/program files (x86)/microchip/xc32/v2.30/bin/bin/../../lib/gcc/pic32mx/4.8.3/../../../../pic32mx/lib\libpic32.a(default-on-reset.o)
 .debug_aranges
                0x00001548       0x20 d:/program files (x86)/microchip/xc32/v2.30/bin/bin/../../lib/gcc/pic32mx/4.8.3/../../../../pic32mx/lib\libpic32.a(default-on-bootstrap.o)
 .debug_aranges
                0x00001568       0x20 d:/program files (x86)/microchip/xc32/v2.30/bin/bin/../../lib/gcc/pic32mx/4.8.3/../../../../pic32mx/lib\libpic32.a(defaultinterrupt.o)
 .debug_aranges
                0x00001588       0x20 d:/program files (x86)/microchip/xc32/v2.30/bin/bin/../../lib/gcc/pic32mx/4.8.3/../../../../pic32mx/lib\libc.a(memmove.o)
 .debug_aranges
                0x000015a8       0x20 d:/program files (x86)/microchip/xc32/v2.30/bin/bin/../../lib/gcc/pic32mx/4.8.3/../../../../pic32mx/lib\libc.a(vprintf.o)
 .debug_aranges
                0x000015c8       0x30 d:/program files (x86)/microchip/xc32/v2.30/bin/bin/../../lib/gcc/pic32mx/4.8.3/../../../../pic32mx/lib\libc.a(doprnt.o)
 .debug_aranges
                0x000015f8       0x20 d:/program files (x86)/microchip/xc32/v2.30/bin/bin/../../lib/gcc/pic32mx/4.8.3/../../../../pic32mx/lib\libc.a(_fputc_simple.o)
 .debug_aranges
                0x00001618       0x20 d:/program files (x86)/microchip/xc32/v2.30/bin/bin/../../lib/gcc/pic32mx/4.8.3/../../../../pic32mx/lib\libc.a(_flsbuf_simple.o)
 .debug_aranges
                0x00001638       0x20 d:/program files (x86)/microchip/xc32/v2.30/bin/bin/../../lib/gcc/pic32mx/4.8.3/../../../../pic32mx/lib\libe.a(_fixunsdfdi.o)
 .debug_aranges
                0x00001658       0x20 d:/program files (x86)/microchip/xc32/v2.30/bin/bin/../../lib/gcc/pic32mx/4.8.3/../../../../pic32mx/lib\libe.a(_orderdf2.o)
 .debug_aranges
                0x00001678       0x20 d:/program files (x86)/microchip/xc32/v2.30/bin/bin/../../lib/gcc/pic32mx/4.8.3/../../../../pic32mx/lib\libe.a(_fixdfdi.o)
 .debug_aranges
                0x00001698       0x20 d:/program files (x86)/microchip/xc32/v2.30/bin/bin/../../lib/gcc/pic32mx/4.8.3\libgcc.a(_floatundidf.o)
 .debug_aranges
                0x000016b8       0x20 d:/program files (x86)/microchip/xc32/v2.30/bin/bin/../../lib/gcc/pic32mx/4.8.3\libgcc.a(_udivdi3.o)
 .debug_aranges
                0x000016d8       0x20 d:/program files (x86)/microchip/xc32/v2.30/bin/bin/../../lib/gcc/pic32mx/4.8.3\libgcc.a(_umoddi3.o)
 .debug_aranges
                0x000016f8       0x20 d:/program files (x86)/microchip/xc32/v2.30/bin/bin/../../lib/gcc/pic32mx/4.8.3\libgcc.a(floatunsidf.o)
 .debug_aranges
                0x00001718       0x20 d:/program files (x86)/microchip/xc32/v2.30/bin/bin/../../lib/gcc/pic32mx/4.8.3/../../../../pic32mx/lib\libpic32.a(write.o)

.debug_pubnames
 *(.debug_pubnames)

.debug_info     0x00000000    0x4b9b1
 *(.debug_info .gnu.linkonce.wi.*)
 .debug_info    0x00000000       0xe3 d:/program files (x86)/microchip/xc32/v2.30/bin/bin/../../lib/gcc/pic32mx/4.8.3/../../../../pic32mx/lib\software-debug-break.o
 .debug_info    0x000000e3     0x2750 build/default/debug/_ext/659861937/MDB.o
 .debug_info    0x00002833     0x2633 build/default/debug/_ext/659861937/MDB_BV.o
 .debug_info    0x00004e66     0x312b build/default/debug/_ext/659861937/MDB_CG.o
 .debug_info    0x00007f91      0x264 build/default/debug/_ext/1360937237/main.o
 .debug_info    0x000081f5     0x2048 build/default/debug/_ext/1360937237/contacts.o
 .debug_info    0x0000a23d      0x1a5 build/default/debug/_ext/1360937237/delay_us.o
 .debug_info    0x0000a3e2     0x29c2 build/default/debug/_ext/1360937237/hd44780.o
 .debug_info    0x0000cda4      0x7f9 build/default/debug/_ext/1360937237/moteurs.o
 .debug_info    0x0000d59d     0x27c8 build/default/debug/_ext/1360937237/parameters.o
 .debug_info    0x0000fd65      0x584 build/default/debug/_ext/1360937237/trap_security.o
 .debug_info    0x000102e9     0x2482 build/default/debug/_ext/1360937237/audits.o
 .debug_info    0x0001276b     0x1c41 build/default/debug/_ext/1360937237/leds.o
 .debug_info    0x000143ac     0x2101 build/default/debug/_ext/1360937237/DS18B20.o
 .debug_info    0x000164ad     0x1ddb build/default/debug/_ext/1360937237/dataCommun.o
 .debug_info    0x00018288     0x2d54 build/default/debug/_ext/1360937237/mainboard.o
 .debug_info    0x0001afdc      0xf9b build/default/debug/_ext/1360937237/eeprom.o
 .debug_info    0x0001bf77     0x2974 build/default/debug/_ext/1361460060/drv_adc_static.o
 .debug_info    0x0001e8eb      0x98a build/default/debug/_ext/1923177420/drv_flash_static.o
 .debug_info    0x0001f275     0x3d29 build/default/debug/_ext/2110713129/drv_nvm_static.o
 .debug_info    0x00022f9e     0x2bc6 build/default/debug/_ext/327000265/drv_usart_mapping.o
 .debug_info    0x00025b64     0x53f8 build/default/debug/_ext/327000265/drv_usart_static.o
 .debug_info    0x0002af5c     0x2674 build/default/debug/_ext/327000265/drv_usart_static_read_write.o
 .debug_info    0x0002d5d0     0x20a0 build/default/debug/_ext/639803181/sys_clk_pic32mx.o
 .debug_info    0x0002f670     0x12ba build/default/debug/_ext/340578644/sys_devcon.o
 .debug_info    0x0003092a      0xd45 build/default/debug/_ext/340578644/sys_devcon_pic32mx.o
 .debug_info    0x0003166f     0x2d1f build/default/debug/_ext/822048611/sys_ports_static.o
 .debug_info    0x0003438e      0x6e3 build/default/debug/_ext/68765530/sys_reset.o
 .debug_info    0x00034a71     0x1da0 build/default/debug/_ext/1688732426/system_init.o
 .debug_info    0x00036811     0x218a build/default/debug/_ext/1688732426/system_interrupt.o
 .debug_info    0x0003899b     0x1a90 build/default/debug/_ext/1688732426/filtering_exception_handler.o
 .debug_info    0x0003a42b       0xa2 build/default/debug/_ext/1688732426/general-exception-context.o
 .debug_info    0x0003a4cd     0x17cf build/default/debug/_ext/1688732426/fassert.o
 .debug_info    0x0003bc9c     0x1af0 build/default/debug/_ext/1688732426/system_tasks.o
 .debug_info    0x0003d78c       0x97 build/default/debug/_ext/1688732426/system_interrupt_a.o
 .debug_info    0x0003d823      0x251 build/default/debug/_ext/1688732426/rtos_hooks.o
 .debug_info    0x0003da74      0xa6e build/default/debug/_ext/485267206/osal_freertos.o
 .debug_info    0x0003e4e2     0x1190 build/default/debug/_ext/1735427962/sys_int_pic32.o
 .debug_info    0x0003f672      0x163 build/default/debug/_ext/1606280809/croutine.o
 .debug_info    0x0003f7d5      0x472 build/default/debug/_ext/1606280809/list.o
 .debug_info    0x0003fc47     0x2544 build/default/debug/_ext/1606280809/queue.o
 .debug_info    0x0004218b     0x294c build/default/debug/_ext/1606280809/tasks.o
 .debug_info    0x00044ad7     0x15e7 build/default/debug/_ext/1606280809/timers.o
 .debug_info    0x000460be      0xd4b build/default/debug/_ext/1606280809/event_groups.o
 .debug_info    0x00046e09     0x1740 build/default/debug/_ext/1606280809/stream_buffer.o
 .debug_info    0x00048549      0x366 build/default/debug/_ext/542287462/heap_1.o
 .debug_info    0x000488af     0x1180 build/default/debug/_ext/1836182099/port.o
 .debug_info    0x00049a2f       0xb1 build/default/debug/_ext/1836182099/port_asm.o
 .debug_info    0x00049ae0       0xcb C:\Users\ADMINI~1\AppData\Local\Temp\ccv5Fo6j.o
 .debug_info    0x00049bab      0x129 d:/program files (x86)/microchip/xc32/v2.30/bin/bin/../../lib/gcc/pic32mx/4.8.3\libgcc.a(floatunsisf.o)
 .debug_info    0x00049cd4       0xf4 d:/program files (x86)/microchip/xc32/v2.30/bin/bin/../../lib/gcc/pic32mx/4.8.3/../../../../pic32mx/lib\libpic32.a(default-bootstrap-exception-handler.o)
 .debug_info    0x00049dc8       0xcd d:/program files (x86)/microchip/xc32/v2.30/bin/bin/../../lib/gcc/pic32mx/4.8.3/../../../../pic32mx/lib\libpic32.a(default-on-reset.o)
 .debug_info    0x00049e95       0xd5 d:/program files (x86)/microchip/xc32/v2.30/bin/bin/../../lib/gcc/pic32mx/4.8.3/../../../../pic32mx/lib\libpic32.a(default-on-bootstrap.o)
 .debug_info    0x00049f6a       0xe7 d:/program files (x86)/microchip/xc32/v2.30/bin/bin/../../lib/gcc/pic32mx/4.8.3/../../../../pic32mx/lib\libpic32.a(defaultinterrupt.o)
 .debug_info    0x0004a051       0xc6 d:/program files (x86)/microchip/xc32/v2.30/bin/bin/../../lib/gcc/pic32mx/4.8.3/../../../../pic32mx/lib\libc.a(memmove.o)
 .debug_info    0x0004a117       0xc6 d:/program files (x86)/microchip/xc32/v2.30/bin/bin/../../lib/gcc/pic32mx/4.8.3/../../../../pic32mx/lib\libc.a(vprintf.o)
 .debug_info    0x0004a1dd       0xfe d:/program files (x86)/microchip/xc32/v2.30/bin/bin/../../lib/gcc/pic32mx/4.8.3/../../../../pic32mx/lib\libc.a(doprnt.o)
 .debug_info    0x0004a2db       0xc2 d:/program files (x86)/microchip/xc32/v2.30/bin/bin/../../lib/gcc/pic32mx/4.8.3/../../../../pic32mx/lib\libc.a(_fputc_simple.o)
 .debug_info    0x0004a39d       0xc5 d:/program files (x86)/microchip/xc32/v2.30/bin/bin/../../lib/gcc/pic32mx/4.8.3/../../../../pic32mx/lib\libc.a(_flsbuf_simple.o)
 .debug_info    0x0004a462       0xce d:/program files (x86)/microchip/xc32/v2.30/bin/bin/../../lib/gcc/pic32mx/4.8.3/../../../../pic32mx/lib\libe.a(_fixunsdfdi.o)
 .debug_info    0x0004a530       0xba d:/program files (x86)/microchip/xc32/v2.30/bin/bin/../../lib/gcc/pic32mx/4.8.3/../../../../pic32mx/lib\libe.a(_orderdf2.o)
 .debug_info    0x0004a5ea       0xb9 d:/program files (x86)/microchip/xc32/v2.30/bin/bin/../../lib/gcc/pic32mx/4.8.3/../../../../pic32mx/lib\libe.a(_fixdfdi.o)
 .debug_info    0x0004a6a3      0x245 d:/program files (x86)/microchip/xc32/v2.30/bin/bin/../../lib/gcc/pic32mx/4.8.3\libgcc.a(_floatundidf.o)
 .debug_info    0x0004a8e8      0x74b d:/program files (x86)/microchip/xc32/v2.30/bin/bin/../../lib/gcc/pic32mx/4.8.3\libgcc.a(_udivdi3.o)
 .debug_info    0x0004b033      0x788 d:/program files (x86)/microchip/xc32/v2.30/bin/bin/../../lib/gcc/pic32mx/4.8.3\libgcc.a(_umoddi3.o)
 .debug_info    0x0004b7bb      0x137 d:/program files (x86)/microchip/xc32/v2.30/bin/bin/../../lib/gcc/pic32mx/4.8.3\libgcc.a(floatunsidf.o)
 .debug_info    0x0004b8f2       0xbf d:/program files (x86)/microchip/xc32/v2.30/bin/bin/../../lib/gcc/pic32mx/4.8.3/../../../../pic32mx/lib\libpic32.a(write.o)

.debug_abbrev   0x00000000     0x6436
 *(.debug_abbrev)
 .debug_abbrev  0x00000000       0x28 d:/program files (x86)/microchip/xc32/v2.30/bin/bin/../../lib/gcc/pic32mx/4.8.3/../../../../pic32mx/lib\software-debug-break.o
 .debug_abbrev  0x00000028      0x372 build/default/debug/_ext/659861937/MDB.o
 .debug_abbrev  0x0000039a      0x38c build/default/debug/_ext/659861937/MDB_BV.o
 .debug_abbrev  0x00000726      0x3db build/default/debug/_ext/659861937/MDB_CG.o
 .debug_abbrev  0x00000b01       0xb8 build/default/debug/_ext/1360937237/main.o
 .debug_abbrev  0x00000bb9      0x33d build/default/debug/_ext/1360937237/contacts.o
 .debug_abbrev  0x00000ef6       0x6d build/default/debug/_ext/1360937237/delay_us.o
 .debug_abbrev  0x00000f63      0x2fe build/default/debug/_ext/1360937237/hd44780.o
 .debug_abbrev  0x00001261      0x1f0 build/default/debug/_ext/1360937237/moteurs.o
 .debug_abbrev  0x00001451      0x363 build/default/debug/_ext/1360937237/parameters.o
 .debug_abbrev  0x000017b4      0x14f build/default/debug/_ext/1360937237/trap_security.o
 .debug_abbrev  0x00001903      0x2ba build/default/debug/_ext/1360937237/audits.o
 .debug_abbrev  0x00001bbd      0x267 build/default/debug/_ext/1360937237/leds.o
 .debug_abbrev  0x00001e24      0x33a build/default/debug/_ext/1360937237/DS18B20.o
 .debug_abbrev  0x0000215e      0x221 build/default/debug/_ext/1360937237/dataCommun.o
 .debug_abbrev  0x0000237f      0x30e build/default/debug/_ext/1360937237/mainboard.o
 .debug_abbrev  0x0000268d      0x25c build/default/debug/_ext/1360937237/eeprom.o
 .debug_abbrev  0x000028e9      0x180 build/default/debug/_ext/1361460060/drv_adc_static.o
 .debug_abbrev  0x00002a69      0x161 build/default/debug/_ext/1923177420/drv_flash_static.o
 .debug_abbrev  0x00002bca      0x372 build/default/debug/_ext/2110713129/drv_nvm_static.o
 .debug_abbrev  0x00002f3c      0x23f build/default/debug/_ext/327000265/drv_usart_mapping.o
 .debug_abbrev  0x0000317b      0x303 build/default/debug/_ext/327000265/drv_usart_static.o
 .debug_abbrev  0x0000347e      0x250 build/default/debug/_ext/327000265/drv_usart_static_read_write.o
 .debug_abbrev  0x000036ce      0x244 build/default/debug/_ext/639803181/sys_clk_pic32mx.o
 .debug_abbrev  0x00003912      0x273 build/default/debug/_ext/340578644/sys_devcon.o
 .debug_abbrev  0x00003b85      0x1b7 build/default/debug/_ext/340578644/sys_devcon_pic32mx.o
 .debug_abbrev  0x00003d3c      0x1ec build/default/debug/_ext/822048611/sys_ports_static.o
 .debug_abbrev  0x00003f28      0x157 build/default/debug/_ext/68765530/sys_reset.o
 .debug_abbrev  0x0000407f      0x1fc build/default/debug/_ext/1688732426/system_init.o
 .debug_abbrev  0x0000427b      0x13d build/default/debug/_ext/1688732426/system_interrupt.o
 .debug_abbrev  0x000043b8      0x14b build/default/debug/_ext/1688732426/filtering_exception_handler.o
 .debug_abbrev  0x00004503       0x14 build/default/debug/_ext/1688732426/general-exception-context.o
 .debug_abbrev  0x00004517      0x12d build/default/debug/_ext/1688732426/fassert.o
 .debug_abbrev  0x00004644      0x1bf build/default/debug/_ext/1688732426/system_tasks.o
 .debug_abbrev  0x00004803       0x12 build/default/debug/_ext/1688732426/system_interrupt_a.o
 .debug_abbrev  0x00004815       0x97 build/default/debug/_ext/1688732426/rtos_hooks.o
 .debug_abbrev  0x000048ac      0x1fe build/default/debug/_ext/485267206/osal_freertos.o
 .debug_abbrev  0x00004aaa      0x198 build/default/debug/_ext/1735427962/sys_int_pic32.o
 .debug_abbrev  0x00004c42       0x1b build/default/debug/_ext/1606280809/croutine.o
 .debug_abbrev  0x00004c5d       0xe9 build/default/debug/_ext/1606280809/list.o
 .debug_abbrev  0x00004d46      0x2be build/default/debug/_ext/1606280809/queue.o
 .debug_abbrev  0x00005004      0x2cf build/default/debug/_ext/1606280809/tasks.o
 .debug_abbrev  0x000052d3      0x2bc build/default/debug/_ext/1606280809/timers.o
 .debug_abbrev  0x0000558f      0x246 build/default/debug/_ext/1606280809/event_groups.o
 .debug_abbrev  0x000057d5      0x290 build/default/debug/_ext/1606280809/stream_buffer.o
 .debug_abbrev  0x00005a65      0x13f build/default/debug/_ext/542287462/heap_1.o
 .debug_abbrev  0x00005ba4      0x291 build/default/debug/_ext/1836182099/port.o
 .debug_abbrev  0x00005e35       0x14 build/default/debug/_ext/1836182099/port_asm.o
 .debug_abbrev  0x00005e49       0x12 C:\Users\ADMINI~1\AppData\Local\Temp\ccv5Fo6j.o
 .debug_abbrev  0x00005e5b       0x62 d:/program files (x86)/microchip/xc32/v2.30/bin/bin/../../lib/gcc/pic32mx/4.8.3\libgcc.a(floatunsisf.o)
 .debug_abbrev  0x00005ebd       0x28 d:/program files (x86)/microchip/xc32/v2.30/bin/bin/../../lib/gcc/pic32mx/4.8.3/../../../../pic32mx/lib\libpic32.a(default-bootstrap-exception-handler.o)
 .debug_abbrev  0x00005ee5       0x28 d:/program files (x86)/microchip/xc32/v2.30/bin/bin/../../lib/gcc/pic32mx/4.8.3/../../../../pic32mx/lib\libpic32.a(default-on-reset.o)
 .debug_abbrev  0x00005f0d       0x28 d:/program files (x86)/microchip/xc32/v2.30/bin/bin/../../lib/gcc/pic32mx/4.8.3/../../../../pic32mx/lib\libpic32.a(default-on-bootstrap.o)
 .debug_abbrev  0x00005f35       0x28 d:/program files (x86)/microchip/xc32/v2.30/bin/bin/../../lib/gcc/pic32mx/4.8.3/../../../../pic32mx/lib\libpic32.a(defaultinterrupt.o)
 .debug_abbrev  0x00005f5d       0x28 d:/program files (x86)/microchip/xc32/v2.30/bin/bin/../../lib/gcc/pic32mx/4.8.3/../../../../pic32mx/lib\libc.a(memmove.o)
 .debug_abbrev  0x00005f85       0x28 d:/program files (x86)/microchip/xc32/v2.30/bin/bin/../../lib/gcc/pic32mx/4.8.3/../../../../pic32mx/lib\libc.a(vprintf.o)
 .debug_abbrev  0x00005fad       0x45 d:/program files (x86)/microchip/xc32/v2.30/bin/bin/../../lib/gcc/pic32mx/4.8.3/../../../../pic32mx/lib\libc.a(doprnt.o)
 .debug_abbrev  0x00005ff2       0x28 d:/program files (x86)/microchip/xc32/v2.30/bin/bin/../../lib/gcc/pic32mx/4.8.3/../../../../pic32mx/lib\libc.a(_fputc_simple.o)
 .debug_abbrev  0x0000601a       0x28 d:/program files (x86)/microchip/xc32/v2.30/bin/bin/../../lib/gcc/pic32mx/4.8.3/../../../../pic32mx/lib\libc.a(_flsbuf_simple.o)
 .debug_abbrev  0x00006042       0x37 d:/program files (x86)/microchip/xc32/v2.30/bin/bin/../../lib/gcc/pic32mx/4.8.3/../../../../pic32mx/lib\libe.a(_fixunsdfdi.o)
 .debug_abbrev  0x00006079       0x28 d:/program files (x86)/microchip/xc32/v2.30/bin/bin/../../lib/gcc/pic32mx/4.8.3/../../../../pic32mx/lib\libe.a(_orderdf2.o)
 .debug_abbrev  0x000060a1       0x28 d:/program files (x86)/microchip/xc32/v2.30/bin/bin/../../lib/gcc/pic32mx/4.8.3/../../../../pic32mx/lib\libe.a(_fixdfdi.o)
 .debug_abbrev  0x000060c9       0x64 d:/program files (x86)/microchip/xc32/v2.30/bin/bin/../../lib/gcc/pic32mx/4.8.3\libgcc.a(_floatundidf.o)
 .debug_abbrev  0x0000612d      0x138 d:/program files (x86)/microchip/xc32/v2.30/bin/bin/../../lib/gcc/pic32mx/4.8.3\libgcc.a(_udivdi3.o)
 .debug_abbrev  0x00006265      0x147 d:/program files (x86)/microchip/xc32/v2.30/bin/bin/../../lib/gcc/pic32mx/4.8.3\libgcc.a(_umoddi3.o)
 .debug_abbrev  0x000063ac       0x62 d:/program files (x86)/microchip/xc32/v2.30/bin/bin/../../lib/gcc/pic32mx/4.8.3\libgcc.a(floatunsidf.o)
 .debug_abbrev  0x0000640e       0x28 d:/program files (x86)/microchip/xc32/v2.30/bin/bin/../../lib/gcc/pic32mx/4.8.3/../../../../pic32mx/lib\libpic32.a(write.o)

.debug_line     0x00000000     0xdac2
 *(.debug_line)
 .debug_line    0x00000000       0x99 d:/program files (x86)/microchip/xc32/v2.30/bin/bin/../../lib/gcc/pic32mx/4.8.3/../../../../pic32mx/lib\software-debug-break.o
 .debug_line    0x00000099      0x674 build/default/debug/_ext/659861937/MDB.o
 .debug_line    0x0000070d      0x63b build/default/debug/_ext/659861937/MDB_BV.o
 .debug_line    0x00000d48      0x73f build/default/debug/_ext/659861937/MDB_CG.o
 .debug_line    0x00001487      0x1a2 build/default/debug/_ext/1360937237/main.o
 .debug_line    0x00001629      0x5a6 build/default/debug/_ext/1360937237/contacts.o
 .debug_line    0x00001bcf       0xd4 build/default/debug/_ext/1360937237/delay_us.o
 .debug_line    0x00001ca3      0x69c build/default/debug/_ext/1360937237/hd44780.o
 .debug_line    0x0000233f      0x3f7 build/default/debug/_ext/1360937237/moteurs.o
 .debug_line    0x00002736      0x76e build/default/debug/_ext/1360937237/parameters.o
 .debug_line    0x00002ea4      0x285 build/default/debug/_ext/1360937237/trap_security.o
 .debug_line    0x00003129      0x57a build/default/debug/_ext/1360937237/audits.o
 .debug_line    0x000036a3      0x4ea build/default/debug/_ext/1360937237/leds.o
 .debug_line    0x00003b8d      0x563 build/default/debug/_ext/1360937237/DS18B20.o
 .debug_line    0x000040f0      0x455 build/default/debug/_ext/1360937237/dataCommun.o
 .debug_line    0x00004545      0x62d build/default/debug/_ext/1360937237/mainboard.o
 .debug_line    0x00004b72      0x3b9 build/default/debug/_ext/1360937237/eeprom.o
 .debug_line    0x00004f2b      0x3d0 build/default/debug/_ext/1361460060/drv_adc_static.o
 .debug_line    0x000052fb      0x276 build/default/debug/_ext/1923177420/drv_flash_static.o
 .debug_line    0x00005571      0x861 build/default/debug/_ext/2110713129/drv_nvm_static.o
 .debug_line    0x00005dd2      0x6b3 build/default/debug/_ext/327000265/drv_usart_mapping.o
 .debug_line    0x00006485      0xc08 build/default/debug/_ext/327000265/drv_usart_static.o
 .debug_line    0x0000708d      0x5c8 build/default/debug/_ext/327000265/drv_usart_static_read_write.o
 .debug_line    0x00007655      0x56a build/default/debug/_ext/639803181/sys_clk_pic32mx.o
 .debug_line    0x00007bbf      0x4d4 build/default/debug/_ext/340578644/sys_devcon.o
 .debug_line    0x00008093      0x382 build/default/debug/_ext/340578644/sys_devcon_pic32mx.o
 .debug_line    0x00008415      0x592 build/default/debug/_ext/822048611/sys_ports_static.o
 .debug_line    0x000089a7      0x2a9 build/default/debug/_ext/68765530/sys_reset.o
 .debug_line    0x00008c50      0x62a build/default/debug/_ext/1688732426/system_init.o
 .debug_line    0x0000927a      0x3c9 build/default/debug/_ext/1688732426/system_interrupt.o
 .debug_line    0x00009643      0x38d build/default/debug/_ext/1688732426/filtering_exception_handler.o
 .debug_line    0x000099d0       0xac build/default/debug/_ext/1688732426/general-exception-context.o
 .debug_line    0x00009a7c      0x3b3 build/default/debug/_ext/1688732426/fassert.o
 .debug_line    0x00009e2f      0x4da build/default/debug/_ext/1688732426/system_tasks.o
 .debug_line    0x0000a309       0x7b build/default/debug/_ext/1688732426/system_interrupt_a.o
 .debug_line    0x0000a384      0x165 build/default/debug/_ext/1688732426/rtos_hooks.o
 .debug_line    0x0000a4e9      0x37a build/default/debug/_ext/485267206/osal_freertos.o
 .debug_line    0x0000a863      0x26d build/default/debug/_ext/1735427962/sys_int_pic32.o
 .debug_line    0x0000aad0       0x1d build/default/debug/_ext/1606280809/croutine.o
 .debug_line    0x0000aaed      0x1e7 build/default/debug/_ext/1606280809/list.o
 .debug_line    0x0000acd4      0x705 build/default/debug/_ext/1606280809/queue.o
 .debug_line    0x0000b3d9      0x8a2 build/default/debug/_ext/1606280809/tasks.o
 .debug_line    0x0000bc7b      0x448 build/default/debug/_ext/1606280809/timers.o
 .debug_line    0x0000c0c3      0x346 build/default/debug/_ext/1606280809/event_groups.o
 .debug_line    0x0000c409      0x48b build/default/debug/_ext/1606280809/stream_buffer.o
 .debug_line    0x0000c894      0x273 build/default/debug/_ext/542287462/heap_1.o
 .debug_line    0x0000cb07      0x2a5 build/default/debug/_ext/1836182099/port.o
 .debug_line    0x0000cdac       0xfa build/default/debug/_ext/1836182099/port_asm.o
 .debug_line    0x0000cea6      0x158 C:\Users\ADMINI~1\AppData\Local\Temp\ccv5Fo6j.o
 .debug_line    0x0000cffe       0x94 d:/program files (x86)/microchip/xc32/v2.30/bin/bin/../../lib/gcc/pic32mx/4.8.3\libgcc.a(floatunsisf.o)
 .debug_line    0x0000d092       0xa6 d:/program files (x86)/microchip/xc32/v2.30/bin/bin/../../lib/gcc/pic32mx/4.8.3/../../../../pic32mx/lib\libpic32.a(default-bootstrap-exception-handler.o)
 .debug_line    0x0000d138       0x93 d:/program files (x86)/microchip/xc32/v2.30/bin/bin/../../lib/gcc/pic32mx/4.8.3/../../../../pic32mx/lib\libpic32.a(default-on-reset.o)
 .debug_line    0x0000d1cb       0x97 d:/program files (x86)/microchip/xc32/v2.30/bin/bin/../../lib/gcc/pic32mx/4.8.3/../../../../pic32mx/lib\libpic32.a(default-on-bootstrap.o)
 .debug_line    0x0000d262       0xa5 d:/program files (x86)/microchip/xc32/v2.30/bin/bin/../../lib/gcc/pic32mx/4.8.3/../../../../pic32mx/lib\libpic32.a(defaultinterrupt.o)
 .debug_line    0x0000d307       0x7f d:/program files (x86)/microchip/xc32/v2.30/bin/bin/../../lib/gcc/pic32mx/4.8.3/../../../../pic32mx/lib\libc.a(memmove.o)
 .debug_line    0x0000d386       0x7f d:/program files (x86)/microchip/xc32/v2.30/bin/bin/../../lib/gcc/pic32mx/4.8.3/../../../../pic32mx/lib\libc.a(vprintf.o)
 .debug_line    0x0000d405        0x0 d:/program files (x86)/microchip/xc32/v2.30/bin/bin/../../lib/gcc/pic32mx/4.8.3/../../../../pic32mx/lib\libc.a(_iob.o)
 .debug_line    0x0000d405       0x7e d:/program files (x86)/microchip/xc32/v2.30/bin/bin/../../lib/gcc/pic32mx/4.8.3/../../../../pic32mx/lib\libc.a(doprnt.o)
 .debug_line    0x0000d483       0x7d d:/program files (x86)/microchip/xc32/v2.30/bin/bin/../../lib/gcc/pic32mx/4.8.3/../../../../pic32mx/lib\libc.a(_fputc_simple.o)
 .debug_line    0x0000d500        0x0 d:/program files (x86)/microchip/xc32/v2.30/bin/bin/../../lib/gcc/pic32mx/4.8.3/../../../../pic32mx/lib\libc.a(ctype.o)
 .debug_line    0x0000d500        0x0 d:/program files (x86)/microchip/xc32/v2.30/bin/bin/../../lib/gcc/pic32mx/4.8.3/../../../../pic32mx/lib\libc.a(ldpowers.o)
 .debug_line    0x0000d500       0x7e d:/program files (x86)/microchip/xc32/v2.30/bin/bin/../../lib/gcc/pic32mx/4.8.3/../../../../pic32mx/lib\libc.a(_flsbuf_simple.o)
 .debug_line    0x0000d57e       0x82 d:/program files (x86)/microchip/xc32/v2.30/bin/bin/../../lib/gcc/pic32mx/4.8.3/../../../../pic32mx/lib\libe.a(_fixunsdfdi.o)
 .debug_line    0x0000d600       0x81 d:/program files (x86)/microchip/xc32/v2.30/bin/bin/../../lib/gcc/pic32mx/4.8.3/../../../../pic32mx/lib\libe.a(_orderdf2.o)
 .debug_line    0x0000d681       0x81 d:/program files (x86)/microchip/xc32/v2.30/bin/bin/../../lib/gcc/pic32mx/4.8.3/../../../../pic32mx/lib\libe.a(_fixdfdi.o)
 .debug_line    0x0000d702       0xa5 d:/program files (x86)/microchip/xc32/v2.30/bin/bin/../../lib/gcc/pic32mx/4.8.3\libgcc.a(_floatundidf.o)
 .debug_line    0x0000d7a7       0xf7 d:/program files (x86)/microchip/xc32/v2.30/bin/bin/../../lib/gcc/pic32mx/4.8.3\libgcc.a(_udivdi3.o)
 .debug_line    0x0000d89e      0x109 d:/program files (x86)/microchip/xc32/v2.30/bin/bin/../../lib/gcc/pic32mx/4.8.3\libgcc.a(_umoddi3.o)
 .debug_line    0x0000d9a7       0x93 d:/program files (x86)/microchip/xc32/v2.30/bin/bin/../../lib/gcc/pic32mx/4.8.3\libgcc.a(floatunsidf.o)
 .debug_line    0x0000da3a       0x88 d:/program files (x86)/microchip/xc32/v2.30/bin/bin/../../lib/gcc/pic32mx/4.8.3/../../../../pic32mx/lib\libpic32.a(write.o)

.debug_frame    0x00000000     0x4b74
 *(.debug_frame)
 .debug_frame   0x00000000       0x20 d:/program files (x86)/microchip/xc32/v2.30/bin/bin/../../lib/gcc/pic32mx/4.8.3/../../../../pic32mx/lib\software-debug-break.o
 .debug_frame   0x00000020      0x24c build/default/debug/_ext/659861937/MDB.o
 .debug_frame   0x0000026c      0x1ec build/default/debug/_ext/659861937/MDB_BV.o
 .debug_frame   0x00000458      0x2b8 build/default/debug/_ext/659861937/MDB_CG.o
 .debug_frame   0x00000710       0x2c build/default/debug/_ext/1360937237/main.o
 .debug_frame   0x0000073c      0x1b4 build/default/debug/_ext/1360937237/contacts.o
 .debug_frame   0x000008f0       0x30 build/default/debug/_ext/1360937237/delay_us.o
 .debug_frame   0x00000920      0x380 build/default/debug/_ext/1360937237/hd44780.o
 .debug_frame   0x00000ca0      0x15c build/default/debug/_ext/1360937237/moteurs.o
 .debug_frame   0x00000dfc      0x184 build/default/debug/_ext/1360937237/parameters.o
 .debug_frame   0x00000f80       0x90 build/default/debug/_ext/1360937237/trap_security.o
 .debug_frame   0x00001010       0xf8 build/default/debug/_ext/1360937237/audits.o
 .debug_frame   0x00001108       0xb4 build/default/debug/_ext/1360937237/leds.o
 .debug_frame   0x000011bc      0x1b4 build/default/debug/_ext/1360937237/DS18B20.o
 .debug_frame   0x00001370       0x74 build/default/debug/_ext/1360937237/dataCommun.o
 .debug_frame   0x000013e4      0x188 build/default/debug/_ext/1360937237/mainboard.o
 .debug_frame   0x0000156c       0xec build/default/debug/_ext/1360937237/eeprom.o
 .debug_frame   0x00001658      0x1c0 build/default/debug/_ext/1361460060/drv_adc_static.o
 .debug_frame   0x00001818       0xc4 build/default/debug/_ext/1923177420/drv_flash_static.o